Archive member included to satisfy reference by file (symbol)

/usr/local/Cellar/arm-none-eabi-gcc/7-2018-q2-update/gcc/bin/../lib/gcc/arm-none-eabi/7.3.1/../../../../arm-none-eabi/lib/thumb/v7e-m/fpv4-sp/hard/libc_nano.a(lib_a-assert.o)
                              build/main.o (__assert_func)
/usr/local/Cellar/arm-none-eabi-gcc/7-2018-q2-update/gcc/bin/../lib/gcc/arm-none-eabi/7.3.1/../../../../arm-none-eabi/lib/thumb/v7e-m/fpv4-sp/hard/libc_nano.a(lib_a-exit.o)
                              /usr/local/Cellar/arm-none-eabi-gcc/7-2018-q2-update/gcc/bin/../lib/gcc/arm-none-eabi/7.3.1/../../../../arm-none-eabi/lib/thumb/v7e-m/fpv4-sp/hard/crt0.o (exit)
/usr/local/Cellar/arm-none-eabi-gcc/7-2018-q2-update/gcc/bin/../lib/gcc/arm-none-eabi/7.3.1/../../../../arm-none-eabi/lib/thumb/v7e-m/fpv4-sp/hard/libc_nano.a(lib_a-fprintf.o)
                              /usr/local/Cellar/arm-none-eabi-gcc/7-2018-q2-update/gcc/bin/../lib/gcc/arm-none-eabi/7.3.1/../../../../arm-none-eabi/lib/thumb/v7e-m/fpv4-sp/hard/libc_nano.a(lib_a-assert.o) (fiprintf)
/usr/local/Cellar/arm-none-eabi-gcc/7-2018-q2-update/gcc/bin/../lib/gcc/arm-none-eabi/7.3.1/../../../../arm-none-eabi/lib/thumb/v7e-m/fpv4-sp/hard/libc_nano.a(lib_a-impure.o)
                              /usr/local/Cellar/arm-none-eabi-gcc/7-2018-q2-update/gcc/bin/../lib/gcc/arm-none-eabi/7.3.1/../../../../arm-none-eabi/lib/thumb/v7e-m/fpv4-sp/hard/libc_nano.a(lib_a-exit.o) (_global_impure_ptr)
/usr/local/Cellar/arm-none-eabi-gcc/7-2018-q2-update/gcc/bin/../lib/gcc/arm-none-eabi/7.3.1/../../../../arm-none-eabi/lib/thumb/v7e-m/fpv4-sp/hard/libc_nano.a(lib_a-init.o)
                              /usr/local/Cellar/arm-none-eabi-gcc/7-2018-q2-update/gcc/bin/../lib/gcc/arm-none-eabi/7.3.1/../../../../arm-none-eabi/lib/thumb/v7e-m/fpv4-sp/hard/crt0.o (__libc_init_array)
/usr/local/Cellar/arm-none-eabi-gcc/7-2018-q2-update/gcc/bin/../lib/gcc/arm-none-eabi/7.3.1/../../../../arm-none-eabi/lib/thumb/v7e-m/fpv4-sp/hard/libc_nano.a(lib_a-memcpy-stub.o)
                              build/main.o (memcpy)
/usr/local/Cellar/arm-none-eabi-gcc/7-2018-q2-update/gcc/bin/../lib/gcc/arm-none-eabi/7.3.1/../../../../arm-none-eabi/lib/thumb/v7e-m/fpv4-sp/hard/libc_nano.a(lib_a-memset.o)
                              /usr/local/Cellar/arm-none-eabi-gcc/7-2018-q2-update/gcc/bin/../lib/gcc/arm-none-eabi/7.3.1/../../../../arm-none-eabi/lib/thumb/v7e-m/fpv4-sp/hard/crt0.o (memset)
/usr/local/Cellar/arm-none-eabi-gcc/7-2018-q2-update/gcc/bin/../lib/gcc/arm-none-eabi/7.3.1/../../../../arm-none-eabi/lib/thumb/v7e-m/fpv4-sp/hard/libc_nano.a(lib_a-nano-vfprintf.o)
                              /usr/local/Cellar/arm-none-eabi-gcc/7-2018-q2-update/gcc/bin/../lib/gcc/arm-none-eabi/7.3.1/../../../../arm-none-eabi/lib/thumb/v7e-m/fpv4-sp/hard/libc_nano.a(lib_a-fprintf.o) (_vfprintf_r)
/usr/local/Cellar/arm-none-eabi-gcc/7-2018-q2-update/gcc/bin/../lib/gcc/arm-none-eabi/7.3.1/../../../../arm-none-eabi/lib/thumb/v7e-m/fpv4-sp/hard/libc_nano.a(lib_a-nano-vfprintf_i.o)
                              /usr/local/Cellar/arm-none-eabi-gcc/7-2018-q2-update/gcc/bin/../lib/gcc/arm-none-eabi/7.3.1/../../../../arm-none-eabi/lib/thumb/v7e-m/fpv4-sp/hard/libc_nano.a(lib_a-nano-vfprintf.o) (_printf_i)
/usr/local/Cellar/arm-none-eabi-gcc/7-2018-q2-update/gcc/bin/../lib/gcc/arm-none-eabi/7.3.1/../../../../arm-none-eabi/lib/thumb/v7e-m/fpv4-sp/hard/libc_nano.a(lib_a-strlen.o)
                              build/main.o (strlen)
/usr/local/Cellar/arm-none-eabi-gcc/7-2018-q2-update/gcc/bin/../lib/gcc/arm-none-eabi/7.3.1/../../../../arm-none-eabi/lib/thumb/v7e-m/fpv4-sp/hard/libc_nano.a(lib_a-strncmp.o)
                              build/main.o (strncmp)
/usr/local/Cellar/arm-none-eabi-gcc/7-2018-q2-update/gcc/bin/../lib/gcc/arm-none-eabi/7.3.1/../../../../arm-none-eabi/lib/thumb/v7e-m/fpv4-sp/hard/libc_nano.a(lib_a-wbuf.o)
                              /usr/local/Cellar/arm-none-eabi-gcc/7-2018-q2-update/gcc/bin/../lib/gcc/arm-none-eabi/7.3.1/../../../../arm-none-eabi/lib/thumb/v7e-m/fpv4-sp/hard/libc_nano.a(lib_a-nano-vfprintf.o) (__swbuf_r)
/usr/local/Cellar/arm-none-eabi-gcc/7-2018-q2-update/gcc/bin/../lib/gcc/arm-none-eabi/7.3.1/../../../../arm-none-eabi/lib/thumb/v7e-m/fpv4-sp/hard/libc_nano.a(lib_a-wsetup.o)
                              /usr/local/Cellar/arm-none-eabi-gcc/7-2018-q2-update/gcc/bin/../lib/gcc/arm-none-eabi/7.3.1/../../../../arm-none-eabi/lib/thumb/v7e-m/fpv4-sp/hard/libc_nano.a(lib_a-nano-vfprintf.o) (__swsetup_r)
/usr/local/Cellar/arm-none-eabi-gcc/7-2018-q2-update/gcc/bin/../lib/gcc/arm-none-eabi/7.3.1/../../../../arm-none-eabi/lib/thumb/v7e-m/fpv4-sp/hard/libc_nano.a(lib_a-abort.o)
                              /usr/local/Cellar/arm-none-eabi-gcc/7-2018-q2-update/gcc/bin/../lib/gcc/arm-none-eabi/7.3.1/../../../../arm-none-eabi/lib/thumb/v7e-m/fpv4-sp/hard/libc_nano.a(lib_a-assert.o) (abort)
[...]
Memory Configuration

Name             Origin             Length             Attributes
RAM              0x0000000020000000 0x000000000000a000 xrw
CCMRAM           0x0000000010000000 0x0000000000002000 rw
FLASH            0x0000000008000000 0x0000000000040000 xr
*default*        0x0000000000000000 0xffffffffffffffff

Linker script and memory map

LOAD /usr/local/Cellar/arm-none-eabi-gcc/7-2018-q2-update/gcc/bin/../lib/gcc/arm-none-eabi/7.3.1/thumb/v7e-m/fpv4-sp/hard/crti.o
LOAD /usr/local/Cellar/arm-none-eabi-gcc/7-2018-q2-update/gcc/bin/../lib/gcc/arm-none-eabi/7.3.1/thumb/v7e-m/fpv4-sp/hard/crtbegin.o
LOAD /usr/local/Cellar/arm-none-eabi-gcc/7-2018-q2-update/gcc/bin/../lib/gcc/arm-none-eabi/7.3.1/../../../../arm-none-eabi/lib/thumb/v7e-m/fpv4-sp/hard/crt0.o
LOAD build/main.o
LOAD build/gpio.o
LOAD build/adc.o
LOAD build/can.o
LOAD build/usart.o
LOAD build/stm32f3xx_it.o
LOAD build/stm32f3xx_hal_msp.o
LOAD build/stm32f3xx_hal_adc.o
LOAD build/stm32f3xx_hal_adc_ex.o
LOAD build/stm32f3xx_hal_can.o
LOAD build/stm32f3xx_hal_tim.o
LOAD build/stm32f3xx_hal_tim_ex.o
LOAD build/stm32f3xx_hal_uart.o
LOAD build/stm32f3xx_hal_uart_ex.o
LOAD build/stm32f3xx_hal.o
LOAD build/stm32f3xx_hal_rcc.o
LOAD build/stm32f3xx_hal_rcc_ex.o
LOAD build/stm32f3xx_hal_gpio.o
LOAD build/stm32f3xx_hal_dma.o
LOAD build/stm32f3xx_hal_cortex.o
LOAD build/stm32f3xx_hal_pwr.o
LOAD build/stm32f3xx_hal_pwr_ex.o
LOAD build/stm32f3xx_hal_flash.o
LOAD build/stm32f3xx_hal_flash_ex.o
LOAD build/stm32f3xx_hal_i2c.o
LOAD build/stm32f3xx_hal_i2c_ex.o
LOAD build/system_stm32f3xx.o
LOAD build/canard.o
LOAD build/canard_stm32.o
LOAD build/startup_stm32f303xc.o
LOAD /usr/local/Cellar/arm-none-eabi-gcc/7-2018-q2-update/gcc/bin/../lib/gcc/arm-none-eabi/7.3.1/../../../../arm-none-eabi/lib/thumb/v7e-m/fpv4-sp/hard/libc_nano.a
LOAD /usr/local/Cellar/arm-none-eabi-gcc/7-2018-q2-update/gcc/bin/../lib/gcc/arm-none-eabi/7.3.1/../../../../arm-none-eabi/lib/thumb/v7e-m/fpv4-sp/hard/libm.a
LOAD /usr/local/Cellar/arm-none-eabi-gcc/7-2018-q2-update/gcc/bin/../lib/gcc/arm-none-eabi/7.3.1/../../../../arm-none-eabi/lib/thumb/v7e-m/fpv4-sp/hard/libnosys.a
START GROUP
LOAD /usr/local/Cellar/arm-none-eabi-gcc/7-2018-q2-update/gcc/bin/../lib/gcc/arm-none-eabi/7.3.1/thumb/v7e-m/fpv4-sp/hard/libgcc.a
LOAD /usr/local/Cellar/arm-none-eabi-gcc/7-2018-q2-update/gcc/bin/../lib/gcc/arm-none-eabi/7.3.1/../../../../arm-none-eabi/lib/thumb/v7e-m/fpv4-sp/hard/libc_nano.a
END GROUP
START GROUP
LOAD /usr/local/Cellar/arm-none-eabi-gcc/7-2018-q2-update/gcc/bin/../lib/gcc/arm-none-eabi/7.3.1/thumb/v7e-m/fpv4-sp/hard/libgcc.a
LOAD /usr/local/Cellar/arm-none-eabi-gcc/7-2018-q2-update/gcc/bin/../lib/gcc/arm-none-eabi/7.3.1/../../../../arm-none-eabi/lib/thumb/v7e-m/fpv4-sp/hard/libc_nano.a
END GROUP
LOAD /usr/local/Cellar/arm-none-eabi-gcc/7-2018-q2-update/gcc/bin/../lib/gcc/arm-none-eabi/7.3.1/thumb/v7e-m/fpv4-sp/hard/crtend.o
LOAD /usr/local/Cellar/arm-none-eabi-gcc/7-2018-q2-update/gcc/bin/../lib/gcc/arm-none-eabi/7.3.1/thumb/v7e-m/fpv4-sp/hard/crtn.o
                0x000000002000a000                _estack = 0x2000a000
                0x0000000000000200                _Min_Heap_Size = 0x200
                0x0000000000000400                _Min_Stack_Size = 0x400

.isr_vector     0x0000000008000000      0x188
                0x0000000008000000                . = ALIGN (0x4)
 *(.isr_vector)
 .isr_vector    0x0000000008000000      0x188 build/startup_stm32f303xc.o
                0x0000000008000000                g_pfnVectors
                0x0000000008000188                . = ALIGN (0x4)

.text           0x0000000008000190     0x5084
                0x0000000008000190                . = ALIGN (0x4)
 *(.text)
 .text          0x0000000008000190       0x40 /usr/local/Cellar/arm-none-eabi-gcc/7-2018-q2-update/gcc/bin/../lib/gcc/arm-none-eabi/7.3.1/thumb/v7e-m/fpv4-sp/hard/crtbegin.o
 .text          0x00000000080001d0       0x10 /usr/local/Cellar/arm-none-eabi-gcc/7-2018-q2-update/gcc/bin/../lib/gcc/arm-none-eabi/7.3.1/../../../../arm-none-eabi/lib/thumb/v7e-m/fpv4-sp/hard/libc_nano.a(lib_a-strlen.o)
                0x00000000080001d0                strlen
 .text          0x00000000080001e0       0xa0 /usr/local/Cellar/arm-none-eabi-gcc/7-2018-q2-update/gcc/bin/../lib/gcc/arm-none-eabi/7.3.1/../../../../arm-none-eabi/lib/thumb/v7e-m/fpv4-sp/hard/libc_nano.a(lib_a-memchr.o)
                0x00000000080001e0                memchr
 *(.text*)
 .text.shouldAcceptTransfer
                0x0000000008000280       0x48 build/main.o
 .text.readUniqueID
                0x00000000080002c8       0x10 build/main.o
 .text.makeNodeStatusMessage
                0x00000000080002d8       0x58 build/main.o
 .text.makeNodeInfoMessage
                0x0000000008000330       0x6c build/main.o
 *fill*         0x000000000800039c        0x4 
 .text.getNodeInfoHandleCanard
                0x00000000080003a0       0x4c build/main.o
 .text.swInit   0x00000000080003ec      0x134 build/main.o
 .text.sendCanard
                0x0000000008000520       0x28 build/main.o
 .text.receiveCanard
                0x0000000008000548       0x30 build/main.o
 .text.spinCanard
                0x0000000008000578       0x74 build/main.o
 .text.encodeParamCanard
                0x00000000080005ec      0x142 build/main.o
 .text.SystemClock_Config
                0x000000000800072e       0x6e build/main.o
                0x000000000800072e                SystemClock_Config
 .text.setDriver
                0x000000000800079c       0x1e build/main.o
                0x000000000800079c                setDriver
 *fill*         0x00000000080007ba        0x2 
 .text.main     0x00000000080007bc      0x178 build/main.o
                0x00000000080007bc                main
 *fill*         0x0000000008000934        0x4 
 .text.getsetHandleCanard
                0x0000000008000938      0x150 build/main.o
                0x0000000008000938                getsetHandleCanard
 .text.onTransferReceived
                0x0000000008000a88       0x2e build/main.o
 .text.Error_Handler
                0x0000000008000ab6        0x2 build/main.o
                0x0000000008000ab6                Error_Handler
 .text.MX_GPIO_Init
                0x0000000008000ab8       0xe4 build/gpio.o
                0x0000000008000ab8                MX_GPIO_Init
 .text.MX_ADC1_Init
                0x0000000008000b9c       0x8c build/adc.o
                0x0000000008000b9c                MX_ADC1_Init
 .text.MX_ADC2_Init
                0x0000000008000c28       0x74 build/adc.o
                0x0000000008000c28                MX_ADC2_Init
 .text.HAL_ADC_MspInit
                0x0000000008000c9c       0xc4 build/adc.o
                0x0000000008000c9c                HAL_ADC_MspInit
 .text.MX_CAN_Init
                0x0000000008000d60       0x38 build/can.o
                0x0000000008000d60                MX_CAN_Init
 .text.HAL_CAN_MspInit
                0x0000000008000d98       0x6c build/can.o
                0x0000000008000d98                HAL_CAN_MspInit
 .text.MX_USART3_UART_Init
                0x0000000008000e04       0x38 build/usart.o
                0x0000000008000e04                MX_USART3_UART_Init
 .text.HAL_UART_MspInit
                0x0000000008000e3c       0x6c build/usart.o
                0x0000000008000e3c                HAL_UART_MspInit
 .text.NMI_Handler
                0x0000000008000ea8        0x2 build/stm32f3xx_it.o
                0x0000000008000ea8                NMI_Handler
 .text.HardFault_Handler
                0x0000000008000eaa        0x2 build/stm32f3xx_it.o
                0x0000000008000eaa                HardFault_Handler
 .text.MemManage_Handler
                0x0000000008000eac        0x2 build/stm32f3xx_it.o
                0x0000000008000eac                MemManage_Handler
 .text.BusFault_Handler
                0x0000000008000eae        0x2 build/stm32f3xx_it.o
                0x0000000008000eae                BusFault_Handler
 .text.UsageFault_Handler
                0x0000000008000eb0        0x2 build/stm32f3xx_it.o
                0x0000000008000eb0                UsageFault_Handler
 .text.SVC_Handler
                0x0000000008000eb2        0x2 build/stm32f3xx_it.o
                0x0000000008000eb2                SVC_Handler
 .text.DebugMon_Handler
                0x0000000008000eb4        0x2 build/stm32f3xx_it.o
                0x0000000008000eb4                DebugMon_Handler
 .text.PendSV_Handler
                0x0000000008000eb6        0x2 build/stm32f3xx_it.o
                0x0000000008000eb6                PendSV_Handler
 .text.SysTick_Handler
                0x0000000008000eb8        0x8 build/stm32f3xx_it.o
                0x0000000008000eb8                SysTick_Handler
 .text.HAL_MspInit
                0x0000000008000ec0       0x30 build/stm32f3xx_hal_msp.o
                0x0000000008000ec0                HAL_MspInit
 .text.ADC_Disable
                0x0000000008000ef0       0x7e build/stm32f3xx_hal_adc_ex.o
 *fill*         0x0000000008000f6e        0x2 
 .text.HAL_ADC_Init
                0x0000000008000f70      0x290 build/stm32f3xx_hal_adc_ex.o
                0x0000000008000f70                HAL_ADC_Init
 .text.HAL_ADC_ConfigChannel
                0x0000000008001200      0x3ac build/stm32f3xx_hal_adc_ex.o
                0x0000000008001200                HAL_ADC_ConfigChannel
 .text.HAL_ADCEx_MultiModeConfigChannel
                0x00000000080015ac      0x154 build/stm32f3xx_hal_adc_ex.o
                0x00000000080015ac                HAL_ADCEx_MultiModeConfigChannel
 .text.HAL_CAN_Init
                0x0000000008001700      0x14c build/stm32f3xx_hal_can.o
                0x0000000008001700                HAL_CAN_Init
 .text.UART_SetConfig
                0x000000000800184c      0x2a0 build/stm32f3xx_hal_uart.o
                0x000000000800184c                UART_SetConfig
 .text.UART_AdvFeatureConfig
                0x0000000008001aec       0xca build/stm32f3xx_hal_uart.o
                0x0000000008001aec                UART_AdvFeatureConfig
 .text.UART_WaitOnFlagUntilTimeout
                0x0000000008001bb6       0x62 build/stm32f3xx_hal_uart.o
                0x0000000008001bb6                UART_WaitOnFlagUntilTimeout
 .text.UART_CheckIdleState
                0x0000000008001c18       0x70 build/stm32f3xx_hal_uart.o
                0x0000000008001c18                UART_CheckIdleState
 .text.HAL_UART_Init
                0x0000000008001c88       0x66 build/stm32f3xx_hal_uart.o
                0x0000000008001c88                HAL_UART_Init
 *fill*         0x0000000008001cee        0x2 
 .text.HAL_InitTick
                0x0000000008001cf0       0x4c build/stm32f3xx_hal.o
                0x0000000008001cf0                HAL_InitTick
 .text.HAL_Init
                0x0000000008001d3c       0x24 build/stm32f3xx_hal.o
                0x0000000008001d3c                HAL_Init
 .text.HAL_IncTick
                0x0000000008001d60       0x18 build/stm32f3xx_hal.o
                0x0000000008001d60                HAL_IncTick
 .text.HAL_GetTick
                0x0000000008001d78        0xc build/stm32f3xx_hal.o
                0x0000000008001d78                HAL_GetTick
 .text.HAL_Delay
                0x0000000008001d84       0x28 build/stm32f3xx_hal.o
                0x0000000008001d84                HAL_Delay
 .text.HAL_RCC_OscConfig
                0x0000000008001dac      0x618 build/stm32f3xx_hal_rcc.o
                0x0000000008001dac                HAL_RCC_OscConfig
 .text.HAL_RCC_GetSysClockFreq
                0x00000000080023c4       0x7c build/stm32f3xx_hal_rcc.o
                0x00000000080023c4                HAL_RCC_GetSysClockFreq
 .text.HAL_RCC_ClockConfig
                0x0000000008002440      0x1a0 build/stm32f3xx_hal_rcc.o
                0x0000000008002440                HAL_RCC_ClockConfig
 .text.HAL_RCC_GetHCLKFreq
                0x00000000080025e0        0xc build/stm32f3xx_hal_rcc.o
                0x00000000080025e0                HAL_RCC_GetHCLKFreq
 .text.HAL_RCC_GetPCLK1Freq
                0x00000000080025ec       0x2c build/stm32f3xx_hal_rcc.o
                0x00000000080025ec                HAL_RCC_GetPCLK1Freq
 .text.HAL_RCC_GetPCLK2Freq
                0x0000000008002618       0x2c build/stm32f3xx_hal_rcc.o
                0x0000000008002618                HAL_RCC_GetPCLK2Freq
 .text.HAL_RCCEx_PeriphCLKConfig
                0x0000000008002644      0x268 build/stm32f3xx_hal_rcc_ex.o
                0x0000000008002644                HAL_RCCEx_PeriphCLKConfig
 .text.HAL_GPIO_Init
                0x00000000080028ac      0x194 build/stm32f3xx_hal_gpio.o
                0x00000000080028ac                HAL_GPIO_Init
 .text.HAL_GPIO_WritePin
                0x0000000008002a40        0xa build/stm32f3xx_hal_gpio.o
                0x0000000008002a40                HAL_GPIO_WritePin
 .text.HAL_GPIO_TogglePin
                0x0000000008002a4a        0x8 build/stm32f3xx_hal_gpio.o
                0x0000000008002a4a                HAL_GPIO_TogglePin
 *fill*         0x0000000008002a52        0x2 
 .text.HAL_NVIC_SetPriorityGrouping
                0x0000000008002a54       0x24 build/stm32f3xx_hal_cortex.o
                0x0000000008002a54                HAL_NVIC_SetPriorityGrouping
 .text.HAL_NVIC_SetPriority
                0x0000000008002a78       0x68 build/stm32f3xx_hal_cortex.o
                0x0000000008002a78                HAL_NVIC_SetPriority
 .text.HAL_SYSTICK_Config
                0x0000000008002ae0       0x2c build/stm32f3xx_hal_cortex.o
                0x0000000008002ae0                HAL_SYSTICK_Config
 .text.SystemInit
                0x0000000008002b0c       0x68 build/system_stm32f3xx.o
                0x0000000008002b0c                SystemInit
 .text.computeTransferIDForwardDistance
                0x0000000008002b74       0x12 build/canard.o
 .text.isPriorityHigher
                0x0000000008002b86       0x52 build/canard.o
 .text.extractTransferType
                0x0000000008002bd8       0x18 build/canard.o
 .text.extractDataType
                0x0000000008002bf0       0x22 build/canard.o
 .text.findRxState
                0x0000000008002c12        0xe build/canard.o
 .text.isBigEndian
                0x0000000008002c20        0x4 build/canard.o
 .text.crcAddByte
                0x0000000008002c24       0x2a build/canard.o
 .text.crcAddSignature
                0x0000000008002c4e       0x32 build/canard.o
 .text.crcAdd   0x0000000008002c80       0x18 build/canard.o
 .text.initPoolAllocator
                0x0000000008002c98       0x24 build/canard.o
 .text.allocateBlock
                0x0000000008002cbc       0x20 build/canard.o
 .text.createBufferBlock
                0x0000000008002cdc       0x12 build/canard.o
 .text.bufferBlockPushBytes
                0x0000000008002cee      0x118 build/canard.o
 *fill*         0x0000000008002e06        0x2 
 .text.pushTxQueue
                0x0000000008002e08       0x78 build/canard.o
 .text.incrementTransferID
                0x0000000008002e80       0x30 build/canard.o
 .text.freeBlock
                0x0000000008002eb0       0x2c build/canard.o
 .text.releaseStatePayload
                0x0000000008002edc       0x28 build/canard.o
 .text.prepareForNextTransfer
                0x0000000008002f04       0x44 build/canard.o
 .text.copyBitArray
                0x0000000008002f48       0x94 build/canard.o
 .text.descatterTransferPayload
                0x0000000008002fdc      0x228 build/canard.o
 .text.swapByteOrder
                0x0000000008003204       0x38 build/canard.o
 .text.createTxItem
                0x000000000800323c       0x1a build/canard.o
 *fill*         0x0000000008003256        0x2 
 .text.enqueueTxFrames
                0x0000000008003258      0x140 build/canard.o
 .text.createRxState
                0x0000000008003398       0x3a build/canard.o
 .text.prependRxState
                0x00000000080033d2       0x18 build/canard.o
 .text.traverseRxStates
                0x00000000080033ea       0x34 build/canard.o
 *fill*         0x000000000800341e        0x2 
 .text.canardInit
                0x0000000008003420       0x50 build/canard.o
                0x0000000008003420                canardInit
 .text.canardSetLocalNodeID
                0x0000000008003470       0x3c build/canard.o
                0x0000000008003470                canardSetLocalNodeID
 .text.canardGetLocalNodeID
                0x00000000080034ac        0x4 build/canard.o
                0x00000000080034ac                canardGetLocalNodeID
 .text.canardBroadcast
                0x00000000080034b0       0xc6 build/canard.o
                0x00000000080034b0                canardBroadcast
 .text.canardRequestOrRespond
                0x0000000008003576       0x9c build/canard.o
                0x0000000008003576                canardRequestOrRespond
 .text.canardPeekTxQueue
                0x0000000008003612        0xc build/canard.o
                0x0000000008003612                canardPeekTxQueue
 .text.canardPopTxQueue
                0x000000000800361e       0x10 build/canard.o
                0x000000000800361e                canardPopTxQueue
 *fill*         0x000000000800362e        0x2 
 .text.canardDecodeScalar
                0x0000000008003630      0x280 build/canard.o
                0x0000000008003630                canardDecodeScalar
 .text.canardEncodeScalar
                0x00000000080038b0       0xe4 build/canard.o
                0x00000000080038b0                canardEncodeScalar
 .text.canardReleaseRxTransferPayload
                0x0000000008003994       0x26 build/canard.o
                0x0000000008003994                canardReleaseRxTransferPayload
 *fill*         0x00000000080039ba        0x2 
 .text.canardHandleRxFrame
                0x00000000080039bc      0x3a4 build/canard.o
                0x00000000080039bc                canardHandleRxFrame
 .text.isFramePriorityHigher
                0x0000000008003d60       0x52 build/canard_stm32.o
 .text.convertFrameIDCanardToRegister
                0x0000000008003db2       0x1a build/canard_stm32.o
 .text.convertFrameIDRegisterToCanard
                0x0000000008003dcc       0x1e build/canard_stm32.o
 .text.waitMSRINAKBitStateChange
                0x0000000008003dea       0x2c build/canard_stm32.o
 *fill*         0x0000000008003e16        0x2 
 .text.processErrorStatus
                0x0000000008003e18       0x54 build/canard_stm32.o
 .text.canardSTM32Init
                0x0000000008003e6c      0x1c8 build/canard_stm32.o
                0x0000000008003e6c                canardSTM32Init
 .text.canardSTM32Transmit
                0x0000000008004034      0x114 build/canard_stm32.o
                0x0000000008004034                canardSTM32Transmit
 .text.canardSTM32Receive
                0x0000000008004148       0xa0 build/canard_stm32.o
                0x0000000008004148                canardSTM32Receive
 .text.Reset_Handler
                0x00000000080041e8       0x50 build/startup_stm32f303xc.o
                0x00000000080041e8                Reset_Handler
 .text.Default_Handler
                0x0000000008004238        0x2 build/startup_stm32f303xc.o
                0x0000000008004238                TIM1_BRK_TIM15_IRQHandler
                0x0000000008004238                TIM8_TRG_COM_IRQHandler
                0x0000000008004238                TIM8_CC_IRQHandler
                0x0000000008004238                TIM1_CC_IRQHandler
                0x0000000008004238                USB_HP_IRQHandler
                0x0000000008004238                PVD_IRQHandler
                0x0000000008004238                TAMP_STAMP_IRQHandler
                0x0000000008004238                EXTI3_IRQHandler
                0x0000000008004238                USB_HP_CAN_TX_IRQHandler
                0x0000000008004238                EXTI0_IRQHandler
                0x0000000008004238                I2C2_EV_IRQHandler
                0x0000000008004238                FPU_IRQHandler
                0x0000000008004238                TIM1_UP_TIM16_IRQHandler
                0x0000000008004238                ADC1_2_IRQHandler
                0x0000000008004238                SPI1_IRQHandler
                0x0000000008004238                CAN_SCE_IRQHandler
                0x0000000008004238                TIM6_DAC_IRQHandler
                0x0000000008004238                TIM8_UP_IRQHandler
                0x0000000008004238                DMA2_Channel2_IRQHandler
                0x0000000008004238                DMA1_Channel4_IRQHandler
                0x0000000008004238                USART3_IRQHandler
                0x0000000008004238                DMA1_Channel7_IRQHandler
                0x0000000008004238                UART5_IRQHandler
                0x0000000008004238                ADC3_IRQHandler
                0x0000000008004238                TIM4_IRQHandler
                0x0000000008004238                CAN_RX1_IRQHandler
                0x0000000008004238                DMA2_Channel1_IRQHandler
                0x0000000008004238                I2C1_EV_IRQHandler
                0x0000000008004238                DMA1_Channel6_IRQHandler
                0x0000000008004238                UART4_IRQHandler
                0x0000000008004238                DMA2_Channel4_IRQHandler
                0x0000000008004238                TIM3_IRQHandler
                0x0000000008004238                RCC_IRQHandler
                0x0000000008004238                DMA1_Channel1_IRQHandler
                0x0000000008004238                Default_Handler
                0x0000000008004238                USBWakeUp_RMP_IRQHandler
                0x0000000008004238                EXTI15_10_IRQHandler
                0x0000000008004238                TIM7_IRQHandler
                0x0000000008004238                EXTI9_5_IRQHandler
                0x0000000008004238                RTC_WKUP_IRQHandler
                0x0000000008004238                SPI2_IRQHandler
                0x0000000008004238                USB_LP_CAN_RX0_IRQHandler
                0x0000000008004238                DMA2_Channel5_IRQHandler
                0x0000000008004238                DMA1_Channel5_IRQHandler
                0x0000000008004238                USB_LP_IRQHandler
                0x0000000008004238                EXTI4_IRQHandler
                0x0000000008004238                TIM1_TRG_COM_TIM17_IRQHandler
                0x0000000008004238                DMA1_Channel3_IRQHandler
                0x0000000008004238                ADC4_IRQHandler
                0x0000000008004238                WWDG_IRQHandler
                0x0000000008004238                TIM2_IRQHandler
                0x0000000008004238                COMP7_IRQHandler
                0x0000000008004238                COMP1_2_3_IRQHandler
                0x0000000008004238                EXTI1_IRQHandler
                0x0000000008004238                USART2_IRQHandler
                0x0000000008004238                COMP4_5_6_IRQHandler
                0x0000000008004238                I2C2_ER_IRQHandler
                0x0000000008004238                DMA1_Channel2_IRQHandler
                0x0000000008004238                TIM8_BRK_IRQHandler
                0x0000000008004238                FLASH_IRQHandler
                0x0000000008004238                USART1_IRQHandler
                0x0000000008004238                SPI3_IRQHandler
                0x0000000008004238                I2C1_ER_IRQHandler
                0x0000000008004238                USBWakeUp_IRQHandler
                0x0000000008004238                DMA2_Channel3_IRQHandler
                0x0000000008004238                EXTI2_TSC_IRQHandler
                0x0000000008004238                RTC_Alarm_IRQHandler
 *fill*         0x000000000800423a        0x2 
 .text.__assert_func
                0x000000000800423c       0x3c /usr/local/Cellar/arm-none-eabi-gcc/7-2018-q2-update/gcc/bin/../lib/gcc/arm-none-eabi/7.3.1/../../../../arm-none-eabi/lib/thumb/v7e-m/fpv4-sp/hard/libc_nano.a(lib_a-assert.o)
                0x000000000800423c                __assert_func
 .text.fprintf  0x0000000008004278       0x24 /usr/local/Cellar/arm-none-eabi-gcc/7-2018-q2-update/gcc/bin/../lib/gcc/arm-none-eabi/7.3.1/../../../../arm-none-eabi/lib/thumb/v7e-m/fpv4-sp/hard/libc_nano.a(lib_a-fprintf.o)
                0x0000000008004278                fprintf
                0x0000000008004278                fiprintf
 .text.__libc_init_array
                0x000000000800429c       0x48 /usr/local/Cellar/arm-none-eabi-gcc/7-2018-q2-update/gcc/bin/../lib/gcc/arm-none-eabi/7.3.1/../../../../arm-none-eabi/lib/thumb/v7e-m/fpv4-sp/hard/libc_nano.a(lib_a-init.o)
                0x000000000800429c                __libc_init_array
 .text.memcpy   0x00000000080042e4       0x16 /usr/local/Cellar/arm-none-eabi-gcc/7-2018-q2-update/gcc/bin/../lib/gcc/arm-none-eabi/7.3.1/../../../../arm-none-eabi/lib/thumb/v7e-m/fpv4-sp/hard/libc_nano.a(lib_a-memcpy-stub.o)
                0x00000000080042e4                memcpy
 .text.memset   0x00000000080042fa       0x10 /usr/local/Cellar/arm-none-eabi-gcc/7-2018-q2-update/gcc/bin/../lib/gcc/arm-none-eabi/7.3.1/../../../../arm-none-eabi/lib/thumb/v7e-m/fpv4-sp/hard/libc_nano.a(lib_a-memset.o)
                0x00000000080042fa                memset
 .text.__sfputc_r
                0x000000000800430a       0x2e /usr/local/Cellar/arm-none-eabi-gcc/7-2018-q2-update/gcc/bin/../lib/gcc/arm-none-eabi/7.3.1/../../../../arm-none-eabi/lib/thumb/v7e-m/fpv4-sp/hard/libc_nano.a(lib_a-nano-vfprintf.o)
 .text.__sfputs_r
                0x0000000008004338       0x24 /usr/local/Cellar/arm-none-eabi-gcc/7-2018-q2-update/gcc/bin/../lib/gcc/arm-none-eabi/7.3.1/../../../../arm-none-eabi/lib/thumb/v7e-m/fpv4-sp/hard/libc_nano.a(lib_a-nano-vfprintf.o)
                0x0000000008004338                __sfputs_r
 .text._vfprintf_r
                0x000000000800435c      0x22c /usr/local/Cellar/arm-none-eabi-gcc/7-2018-q2-update/gcc/bin/../lib/gcc/arm-none-eabi/7.3.1/../../../../arm-none-eabi/lib/thumb/v7e-m/fpv4-sp/hard/libc_nano.a(lib_a-nano-vfprintf.o)
                0x000000000800435c                _vfiprintf_r
                0x000000000800435c                _vfprintf_r
 .text._printf_common
                0x0000000008004588       0xea /usr/local/Cellar/arm-none-eabi-gcc/7-2018-q2-update/gcc/bin/../lib/gcc/arm-none-eabi/7.3.1/../../../../arm-none-eabi/lib/thumb/v7e-m/fpv4-sp/hard/libc_nano.a(lib_a-nano-vfprintf_i.o)
                0x0000000008004588                _printf_common
 *fill*         0x0000000008004672        0x2 
 .text._printf_i
                0x0000000008004674      0x224 /usr/local/Cellar/arm-none-eabi-gcc/7-2018-q2-update/gcc/bin/../lib/gcc/arm-none-eabi/7.3.1/../../../../arm-none-eabi/lib/thumb/v7e-m/fpv4-sp/hard/libc_nano.a(lib_a-nano-vfprintf_i.o)
                0x0000000008004674                _printf_i
 .text.strncmp  0x0000000008004898       0x24 /usr/local/Cellar/arm-none-eabi-gcc/7-2018-q2-update/gcc/bin/../lib/gcc/arm-none-eabi/7.3.1/../../../../arm-none-eabi/lib/thumb/v7e-m/fpv4-sp/hard/libc_nano.a(lib_a-strncmp.o)
                0x0000000008004898                strncmp
 .text.__swbuf_r
                0x00000000080048bc       0xa4 /usr/local/Cellar/arm-none-eabi-gcc/7-2018-q2-update/gcc/bin/../lib/gcc/arm-none-eabi/7.3.1/../../../../arm-none-eabi/lib/thumb/v7e-m/fpv4-sp/hard/libc_nano.a(lib_a-wbuf.o)
                0x00000000080048bc                __swbuf_r
 .text.__swsetup_r
                0x0000000008004960       0xdc /usr/local/Cellar/arm-none-eabi-gcc/7-2018-q2-update/gcc/bin/../lib/gcc/arm-none-eabi/7.3.1/../../../../arm-none-eabi/lib/thumb/v7e-m/fpv4-sp/hard/libc_nano.a(lib_a-wsetup.o)
                0x0000000008004960                __swsetup_r
 .text.abort    0x0000000008004a3c        0xe /usr/local/Cellar/arm-none-eabi-gcc/7-2018-q2-update/gcc/bin/../lib/gcc/arm-none-eabi/7.3.1/../../../../arm-none-eabi/lib/thumb/v7e-m/fpv4-sp/hard/libc_nano.a(lib_a-abort.o)
                0x0000000008004a3c                abort
 *fill*         0x0000000008004a4a        0x2 
 .text.__sflush_r
                0x0000000008004a4c      0x10c /usr/local/Cellar/arm-none-eabi-gcc/7-2018-q2-update/gcc/bin/../lib/gcc/arm-none-eabi/7.3.1/../../../../arm-none-eabi/lib/thumb/v7e-m/fpv4-sp/hard/libc_nano.a(lib_a-fflush.o)
                0x0000000008004a4c                __sflush_r
 .text._fflush_r
                0x0000000008004b58       0x54 /usr/local/Cellar/arm-none-eabi-gcc/7-2018-q2-update/gcc/bin/../lib/gcc/arm-none-eabi/7.3.1/../../../../arm-none-eabi/lib/thumb/v7e-m/fpv4-sp/hard/libc_nano.a(lib_a-fflush.o)
                0x0000000008004b58                _fflush_r
 .text.std      0x0000000008004bac       0x48 /usr/local/Cellar/arm-none-eabi-gcc/7-2018-q2-update/gcc/bin/../lib/gcc/arm-none-eabi/7.3.1/../../../../arm-none-eabi/lib/thumb/v7e-m/fpv4-sp/hard/libc_nano.a(lib_a-findfp.o)
 .text._cleanup_r
                0x0000000008004bf4        0xc /usr/local/Cellar/arm-none-eabi-gcc/7-2018-q2-update/gcc/bin/../lib/gcc/arm-none-eabi/7.3.1/../../../../arm-none-eabi/lib/thumb/v7e-m/fpv4-sp/hard/libc_nano.a(lib_a-findfp.o)
                0x0000000008004bf4                _cleanup_r
 .text.__sfmoreglue
                0x0000000008004c00       0x2c /usr/local/Cellar/arm-none-eabi-gcc/7-2018-q2-update/gcc/bin/../lib/gcc/arm-none-eabi/7.3.1/../../../../arm-none-eabi/lib/thumb/v7e-m/fpv4-sp/hard/libc_nano.a(lib_a-findfp.o)
                0x0000000008004c00                __sfmoreglue
 .text.__sinit  0x0000000008004c2c       0x60 /usr/local/Cellar/arm-none-eabi-gcc/7-2018-q2-update/gcc/bin/../lib/gcc/arm-none-eabi/7.3.1/../../../../arm-none-eabi/lib/thumb/v7e-m/fpv4-sp/hard/libc_nano.a(lib_a-findfp.o)
                0x0000000008004c2c                __sinit
 .text.__sfp    0x0000000008004c8c       0x78 /usr/local/Cellar/arm-none-eabi-gcc/7-2018-q2-update/gcc/bin/../lib/gcc/arm-none-eabi/7.3.1/../../../../arm-none-eabi/lib/thumb/v7e-m/fpv4-sp/hard/libc_nano.a(lib_a-findfp.o)
                0x0000000008004c8c                __sfp
 .text._fwalk_reent
                0x0000000008004d04       0x3c /usr/local/Cellar/arm-none-eabi-gcc/7-2018-q2-update/gcc/bin/../lib/gcc/arm-none-eabi/7.3.1/../../../../arm-none-eabi/lib/thumb/v7e-m/fpv4-sp/hard/libc_nano.a(lib_a-fwalk.o)
                0x0000000008004d04                _fwalk_reent
 .text.__swhatbuf_r
                0x0000000008004d40       0x48 /usr/local/Cellar/arm-none-eabi-gcc/7-2018-q2-update/gcc/bin/../lib/gcc/arm-none-eabi/7.3.1/../../../../arm-none-eabi/lib/thumb/v7e-m/fpv4-sp/hard/libc_nano.a(lib_a-makebuf.o)
                0x0000000008004d40                __swhatbuf_r
 .text.__smakebuf_r
                0x0000000008004d88       0x80 /usr/local/Cellar/arm-none-eabi-gcc/7-2018-q2-update/gcc/bin/../lib/gcc/arm-none-eabi/7.3.1/../../../../arm-none-eabi/lib/thumb/v7e-m/fpv4-sp/hard/libc_nano.a(lib_a-makebuf.o)
                0x0000000008004d88                __smakebuf_r
 .text._free_r  0x0000000008004e08       0x9c /usr/local/Cellar/arm-none-eabi-gcc/7-2018-q2-update/gcc/bin/../lib/gcc/arm-none-eabi/7.3.1/../../../../arm-none-eabi/lib/thumb/v7e-m/fpv4-sp/hard/libc_nano.a(lib_a-nano-freer.o)
                0x0000000008004e08                _free_r
 .text._malloc_r
                0x0000000008004ea4       0xb4 /usr/local/Cellar/arm-none-eabi-gcc/7-2018-q2-update/gcc/bin/../lib/gcc/arm-none-eabi/7.3.1/../../../../arm-none-eabi/lib/thumb/v7e-m/fpv4-sp/hard/libc_nano.a(lib_a-nano-mallocr.o)
                0x0000000008004ea4                _malloc_r
 .text._sbrk_r  0x0000000008004f58       0x20 /usr/local/Cellar/arm-none-eabi-gcc/7-2018-q2-update/gcc/bin/../lib/gcc/arm-none-eabi/7.3.1/../../../../arm-none-eabi/lib/thumb/v7e-m/fpv4-sp/hard/libc_nano.a(lib_a-sbrkr.o)
                0x0000000008004f58                _sbrk_r
 .text._raise_r
                0x0000000008004f78       0x50 /usr/local/Cellar/arm-none-eabi-gcc/7-2018-q2-update/gcc/bin/../lib/gcc/arm-none-eabi/7.3.1/../../../../arm-none-eabi/lib/thumb/v7e-m/fpv4-sp/hard/libc_nano.a(lib_a-signal.o)
                0x0000000008004f78                _raise_r
 .text.raise    0x0000000008004fc8       0x10 /usr/local/Cellar/arm-none-eabi-gcc/7-2018-q2-update/gcc/bin/../lib/gcc/arm-none-eabi/7.3.1/../../../../arm-none-eabi/lib/thumb/v7e-m/fpv4-sp/hard/libc_nano.a(lib_a-signal.o)
                0x0000000008004fc8                raise
 .text._kill_r  0x0000000008004fd8       0x24 /usr/local/Cellar/arm-none-eabi-gcc/7-2018-q2-update/gcc/bin/../lib/gcc/arm-none-eabi/7.3.1/../../../../arm-none-eabi/lib/thumb/v7e-m/fpv4-sp/hard/libc_nano.a(lib_a-signalr.o)
                0x0000000008004fd8                _kill_r
 .text._getpid_r
                0x0000000008004ffc        0x4 /usr/local/Cellar/arm-none-eabi-gcc/7-2018-q2-update/gcc/bin/../lib/gcc/arm-none-eabi/7.3.1/../../../../arm-none-eabi/lib/thumb/v7e-m/fpv4-sp/hard/libc_nano.a(lib_a-signalr.o)
                0x0000000008004ffc                _getpid_r
 .text.__sread  0x0000000008005000       0x22 /usr/local/Cellar/arm-none-eabi-gcc/7-2018-q2-update/gcc/bin/../lib/gcc/arm-none-eabi/7.3.1/../../../../arm-none-eabi/lib/thumb/v7e-m/fpv4-sp/hard/libc_nano.a(lib_a-stdio.o)
                0x0000000008005000                __sread
 .text.__swrite
                0x0000000008005022       0x38 /usr/local/Cellar/arm-none-eabi-gcc/7-2018-q2-update/gcc/bin/../lib/gcc/arm-none-eabi/7.3.1/../../../../arm-none-eabi/lib/thumb/v7e-m/fpv4-sp/hard/libc_nano.a(lib_a-stdio.o)
                0x0000000008005022                __swrite
 .text.__sseek  0x000000000800505a       0x24 /usr/local/Cellar/arm-none-eabi-gcc/7-2018-q2-update/gcc/bin/../lib/gcc/arm-none-eabi/7.3.1/../../../../arm-none-eabi/lib/thumb/v7e-m/fpv4-sp/hard/libc_nano.a(lib_a-stdio.o)
                0x000000000800505a                __sseek
 .text.__sclose
                0x000000000800507e        0x8 /usr/local/Cellar/arm-none-eabi-gcc/7-2018-q2-update/gcc/bin/../lib/gcc/arm-none-eabi/7.3.1/../../../../arm-none-eabi/lib/thumb/v7e-m/fpv4-sp/hard/libc_nano.a(lib_a-stdio.o)
                0x000000000800507e                __sclose
 *fill*         0x0000000008005086        0x2 
 .text._write_r
                0x0000000008005088       0x24 /usr/local/Cellar/arm-none-eabi-gcc/7-2018-q2-update/gcc/bin/../lib/gcc/arm-none-eabi/7.3.1/../../../../arm-none-eabi/lib/thumb/v7e-m/fpv4-sp/hard/libc_nano.a(lib_a-writer.o)
                0x0000000008005088                _write_r
 .text._close_r
                0x00000000080050ac       0x20 /usr/local/Cellar/arm-none-eabi-gcc/7-2018-q2-update/gcc/bin/../lib/gcc/arm-none-eabi/7.3.1/../../../../arm-none-eabi/lib/thumb/v7e-m/fpv4-sp/hard/libc_nano.a(lib_a-closer.o)
                0x00000000080050ac                _close_r
 .text._fstat_r
                0x00000000080050cc       0x24 /usr/local/Cellar/arm-none-eabi-gcc/7-2018-q2-update/gcc/bin/../lib/gcc/arm-none-eabi/7.3.1/../../../../arm-none-eabi/lib/thumb/v7e-m/fpv4-sp/hard/libc_nano.a(lib_a-fstatr.o)
                0x00000000080050cc                _fstat_r
 .text._isatty_r
                0x00000000080050f0       0x20 /usr/local/Cellar/arm-none-eabi-gcc/7-2018-q2-update/gcc/bin/../lib/gcc/arm-none-eabi/7.3.1/../../../../arm-none-eabi/lib/thumb/v7e-m/fpv4-sp/hard/libc_nano.a(lib_a-isattyr.o)
                0x00000000080050f0                _isatty_r
 .text._lseek_r
                0x0000000008005110       0x24 /usr/local/Cellar/arm-none-eabi-gcc/7-2018-q2-update/gcc/bin/../lib/gcc/arm-none-eabi/7.3.1/../../../../arm-none-eabi/lib/thumb/v7e-m/fpv4-sp/hard/libc_nano.a(lib_a-lseekr.o)
                0x0000000008005110                _lseek_r
 .text.__malloc_lock
                0x0000000008005134        0x2 /usr/local/Cellar/arm-none-eabi-gcc/7-2018-q2-update/gcc/bin/../lib/gcc/arm-none-eabi/7.3.1/../../../../arm-none-eabi/lib/thumb/v7e-m/fpv4-sp/hard/libc_nano.a(lib_a-mlock.o)
                0x0000000008005134                __malloc_lock
 .text.__malloc_unlock
                0x0000000008005136        0x2 /usr/local/Cellar/arm-none-eabi-gcc/7-2018-q2-update/gcc/bin/../lib/gcc/arm-none-eabi/7.3.1/../../../../arm-none-eabi/lib/thumb/v7e-m/fpv4-sp/hard/libc_nano.a(lib_a-mlock.o)
                0x0000000008005136                __malloc_unlock
 .text._read_r  0x0000000008005138       0x24 /usr/local/Cellar/arm-none-eabi-gcc/7-2018-q2-update/gcc/bin/../lib/gcc/arm-none-eabi/7.3.1/../../../../arm-none-eabi/lib/thumb/v7e-m/fpv4-sp/hard/libc_nano.a(lib_a-readr.o)
                0x0000000008005138                _read_r
 .text._close   0x000000000800515c       0x10 /usr/local/Cellar/arm-none-eabi-gcc/7-2018-q2-update/gcc/bin/../lib/gcc/arm-none-eabi/7.3.1/../../../../arm-none-eabi/lib/thumb/v7e-m/fpv4-sp/hard/libnosys.a(close.o)
                0x000000000800515c                _close
 .text._fstat   0x000000000800516c       0x10 /usr/local/Cellar/arm-none-eabi-gcc/7-2018-q2-update/gcc/bin/../lib/gcc/arm-none-eabi/7.3.1/../../../../arm-none-eabi/lib/thumb/v7e-m/fpv4-sp/hard/libnosys.a(fstat.o)
                0x000000000800516c                _fstat
 .text._getpid  0x000000000800517c       0x10 /usr/local/Cellar/arm-none-eabi-gcc/7-2018-q2-update/gcc/bin/../lib/gcc/arm-none-eabi/7.3.1/../../../../arm-none-eabi/lib/thumb/v7e-m/fpv4-sp/hard/libnosys.a(getpid.o)
                0x000000000800517c                _getpid
 .text._isatty  0x000000000800518c       0x10 /usr/local/Cellar/arm-none-eabi-gcc/7-2018-q2-update/gcc/bin/../lib/gcc/arm-none-eabi/7.3.1/../../../../arm-none-eabi/lib/thumb/v7e-m/fpv4-sp/hard/libnosys.a(isatty.o)
                0x000000000800518c                _isatty
 .text._kill    0x000000000800519c       0x10 /usr/local/Cellar/arm-none-eabi-gcc/7-2018-q2-update/gcc/bin/../lib/gcc/arm-none-eabi/7.3.1/../../../../arm-none-eabi/lib/thumb/v7e-m/fpv4-sp/hard/libnosys.a(kill.o)
                0x000000000800519c                _kill
 .text._lseek   0x00000000080051ac       0x10 /usr/local/Cellar/arm-none-eabi-gcc/7-2018-q2-update/gcc/bin/../lib/gcc/arm-none-eabi/7.3.1/../../../../arm-none-eabi/lib/thumb/v7e-m/fpv4-sp/hard/libnosys.a(lseek.o)
                0x00000000080051ac                _lseek
 .text._read    0x00000000080051bc       0x10 /usr/local/Cellar/arm-none-eabi-gcc/7-2018-q2-update/gcc/bin/../lib/gcc/arm-none-eabi/7.3.1/../../../../arm-none-eabi/lib/thumb/v7e-m/fpv4-sp/hard/libnosys.a(read.o)
                0x00000000080051bc                _read
 .text._sbrk    0x00000000080051cc       0x1c /usr/local/Cellar/arm-none-eabi-gcc/7-2018-q2-update/gcc/bin/../lib/gcc/arm-none-eabi/7.3.1/../../../../arm-none-eabi/lib/thumb/v7e-m/fpv4-sp/hard/libnosys.a(sbrk.o)
                0x00000000080051cc                _sbrk
 .text._write   0x00000000080051e8       0x10 /usr/local/Cellar/arm-none-eabi-gcc/7-2018-q2-update/gcc/bin/../lib/gcc/arm-none-eabi/7.3.1/../../../../arm-none-eabi/lib/thumb/v7e-m/fpv4-sp/hard/libnosys.a(write.o)
                0x00000000080051e8                _write
 .text._exit    0x00000000080051f8        0x4 /usr/local/Cellar/arm-none-eabi-gcc/7-2018-q2-update/gcc/bin/../lib/gcc/arm-none-eabi/7.3.1/../../../../arm-none-eabi/lib/thumb/v7e-m/fpv4-sp/hard/libnosys.a(_exit.o)
                0x00000000080051f8                _exit
 *(.glue_7)
 .glue_7        0x00000000080051fc        0x0 linker stubs
 *(.glue_7t)
 .glue_7t       0x00000000080051fc        0x0 linker stubs
 *(.eh_frame)
 .eh_frame      0x00000000080051fc        0x0 /usr/local/Cellar/arm-none-eabi-gcc/7-2018-q2-update/gcc/bin/../lib/gcc/arm-none-eabi/7.3.1/thumb/v7e-m/fpv4-sp/hard/crtbegin.o
 *(.init)
 .init          0x00000000080051fc        0x4 /usr/local/Cellar/arm-none-eabi-gcc/7-2018-q2-update/gcc/bin/../lib/gcc/arm-none-eabi/7.3.1/thumb/v7e-m/fpv4-sp/hard/crti.o
                0x00000000080051fc                _init
 .init          0x0000000008005200        0x8 /usr/local/Cellar/arm-none-eabi-gcc/7-2018-q2-update/gcc/bin/../lib/gcc/arm-none-eabi/7.3.1/thumb/v7e-m/fpv4-sp/hard/crtn.o
 *(.fini)
 .fini          0x0000000008005208        0x4 /usr/local/Cellar/arm-none-eabi-gcc/7-2018-q2-update/gcc/bin/../lib/gcc/arm-none-eabi/7.3.1/thumb/v7e-m/fpv4-sp/hard/crti.o
                0x0000000008005208                _fini
 .fini          0x000000000800520c        0x8 /usr/local/Cellar/arm-none-eabi-gcc/7-2018-q2-update/gcc/bin/../lib/gcc/arm-none-eabi/7.3.1/thumb/v7e-m/fpv4-sp/hard/crtn.o
                0x0000000008005214                . = ALIGN (0x4)
                0x0000000008005214                _etext = .

.vfp11_veneer   0x0000000008005214        0x0
 .vfp11_veneer  0x0000000008005214        0x0 linker stubs

.v4_bx          0x0000000008005214        0x0
 .v4_bx         0x0000000008005214        0x0 linker stubs

.iplt           0x0000000008005214        0x0
 .iplt          0x0000000008005214        0x0 /usr/local/Cellar/arm-none-eabi-gcc/7-2018-q2-update/gcc/bin/../lib/gcc/arm-none-eabi/7.3.1/thumb/v7e-m/fpv4-sp/hard/crtbegin.o

.rodata         0x0000000008005214      0x6b8
                0x0000000008005214                . = ALIGN (0x4)
 *(.rodata)
 *(.rodata*)
 .rodata.__func__.9244
                0x0000000008005214       0x1d build/main.o
 *fill*         0x0000000008005231        0x3 
 .rodata.main.str1.4
                0x0000000008005234        0x8 build/main.o
 .rodata.makeNodeInfoMessage.str1.4
                0x000000000800523c       0x26 build/main.o
 *fill*         0x0000000008005262        0x2 
 .rodata.swInit.str1.4
                0x0000000008005264       0x3f build/main.o
                                         0x42 (size before relaxing)
 *fill*         0x00000000080052a3        0x1 
 .rodata.aPLLMULFactorTable
                0x00000000080052a4       0x10 build/stm32f3xx_hal_rcc.o
                0x00000000080052a4                aPLLMULFactorTable
 .rodata.aPredivFactorTable
                0x00000000080052b4       0x10 build/stm32f3xx_hal_rcc.o
                0x00000000080052b4                aPredivFactorTable
 .rodata.AHBPrescTable
                0x00000000080052c4       0x10 build/system_stm32f3xx.o
                0x00000000080052c4                AHBPrescTable
 .rodata.APBPrescTable
                0x00000000080052d4        0x8 build/system_stm32f3xx.o
                0x00000000080052d4                APBPrescTable
 .rodata.__func__.6070
                0x00000000080052dc        0xb build/canard.o
 *fill*         0x00000000080052e7        0x1 
 .rodata.__func__.6080
                0x00000000080052e8       0x15 build/canard.o
 *fill*         0x00000000080052fd        0x3 
 .rodata.__func__.6133
                0x0000000008005300       0x14 build/canard.o
 .rodata.__func__.6188
                0x0000000008005314       0x13 build/canard.o
 *fill*         0x0000000008005327        0x1 
 .rodata.__func__.6196
                0x0000000008005328       0x13 build/canard.o
 *fill*         0x000000000800533b        0x1 
 .rodata.__func__.6250
                0x000000000800533c       0x14 build/canard.o
 .rodata.__func__.6259
                0x0000000008005350       0x10 build/canard.o
 .rodata.__func__.6277
                0x0000000008005360        0xc build/canard.o
 .rodata.__func__.6302
                0x000000000800536c       0x17 build/canard.o
 *fill*         0x0000000008005383        0x1 
 .rodata.__func__.6378
                0x0000000008005384        0xd build/canard.o
 *fill*         0x0000000008005391        0x3 
 .rodata.__func__.6395
                0x0000000008005394       0x19 build/canard.o
 *fill*         0x00000000080053ad        0x3 
 .rodata.__func__.6421
                0x00000000080053b0        0xe build/canard.o
 *fill*         0x00000000080053be        0x2 
 .rodata.__func__.6472
                0x00000000080053c0        0xa build/canard.o
 *fill*         0x00000000080053ca        0x2 
 .rodata.canardDecodeScalar.str1.4
                0x00000000080053cc       0x6c build/canard.o
 .rodata.canardEncodeScalar.str1.4
                0x0000000008005438       0x31 build/canard.o
 *fill*         0x0000000008005469        0x3 
 .rodata.canardHandleRxFrame.str1.4
                0x000000000800546c       0x7b build/canard.o
 *fill*         0x00000000080054e7        0x1 
 .rodata.canardInit.str1.4
                0x00000000080054e8       0x17 build/canard.o
 .rodata.canardSetLocalNodeID.str1.4
                0x00000000080054ff        0x2 build/canard.o
 *fill*         0x00000000080054ff        0x1 
 .rodata.copyBitArray.str1.4
                0x0000000008005500        0xd build/canard.o
 *fill*         0x000000000800550d        0x3 
 .rodata.descatterTransferPayload.str1.4
                0x0000000008005510      0x10e build/canard.o
 *fill*         0x000000000800561e        0x2 
 .rodata.enqueueTxFrames.str1.4
                0x0000000008005620       0x21 build/canard.o
 *fill*         0x0000000008005641        0x3 
 .rodata.freeBlock.str1.4
                0x0000000008005644       0x2f build/canard.o
 *fill*         0x0000000008005673        0x1 
 .rodata.incrementTransferID.str1.4
                0x0000000008005674       0x1b build/canard.o
 *fill*         0x000000000800568f        0x1 
 .rodata.prepareForNextTransfer.str1.4
                0x0000000008005690       0x24 build/canard.o
 .rodata.pushTxQueue.str1.4
                0x00000000080056b4       0x31 build/canard.o
                                         0x45 (size before relaxing)
 *fill*         0x00000000080056e5        0x3 
 .rodata.swapByteOrder.str1.4
                0x00000000080056e8       0x14 build/canard.o
 .rodata.RFxR.6536
                0x00000000080056fc        0x8 build/canard_stm32.o
 .rodata.__func__.6519
                0x0000000008005704       0x10 build/canard_stm32.o
 .rodata.__func__.6531
                0x0000000008005714       0x14 build/canard_stm32.o
 .rodata.canardSTM32Init.str1.4
                0x0000000008005728       0xae build/canard_stm32.o
 *fill*         0x00000000080057d6        0x2 
 .rodata.canardSTM32Transmit.str1.4
                0x00000000080057d8       0x20 build/canard_stm32.o
                                         0x1f (size before relaxing)
 .rodata.__assert_func.str1.1
                0x00000000080057f8       0x3c /usr/local/Cellar/arm-none-eabi-gcc/7-2018-q2-update/gcc/bin/../lib/gcc/arm-none-eabi/7.3.1/../../../../arm-none-eabi/lib/thumb/v7e-m/fpv4-sp/hard/libc_nano.a(lib_a-assert.o)
                                         0x3d (size before relaxing)
 .rodata._global_impure_ptr
                0x0000000008005834        0x4 /usr/local/Cellar/arm-none-eabi-gcc/7-2018-q2-update/gcc/bin/../lib/gcc/arm-none-eabi/7.3.1/../../../../arm-none-eabi/lib/thumb/v7e-m/fpv4-sp/hard/libc_nano.a(lib_a-impure.o)
                0x0000000008005834                _global_impure_ptr
 .rodata._vfprintf_r.str1.1
                0x0000000008005838       0x11 /usr/local/Cellar/arm-none-eabi-gcc/7-2018-q2-update/gcc/bin/../lib/gcc/arm-none-eabi/7.3.1/../../../../arm-none-eabi/lib/thumb/v7e-m/fpv4-sp/hard/libc_nano.a(lib_a-nano-vfprintf.o)
 .rodata._printf_i.str1.1
                0x0000000008005849       0x22 /usr/local/Cellar/arm-none-eabi-gcc/7-2018-q2-update/gcc/bin/../lib/gcc/arm-none-eabi/7.3.1/../../../../arm-none-eabi/lib/thumb/v7e-m/fpv4-sp/hard/libc_nano.a(lib_a-nano-vfprintf_i.o)
 *fill*         0x000000000800586b        0x1 
 .rodata.__sf_fake_stderr
                0x000000000800586c       0x20 /usr/local/Cellar/arm-none-eabi-gcc/7-2018-q2-update/gcc/bin/../lib/gcc/arm-none-eabi/7.3.1/../../../../arm-none-eabi/lib/thumb/v7e-m/fpv4-sp/hard/libc_nano.a(lib_a-findfp.o)
                0x000000000800586c                __sf_fake_stderr
 .rodata.__sf_fake_stdin
                0x000000000800588c       0x20 /usr/local/Cellar/arm-none-eabi-gcc/7-2018-q2-update/gcc/bin/../lib/gcc/arm-none-eabi/7.3.1/../../../../arm-none-eabi/lib/thumb/v7e-m/fpv4-sp/hard/libc_nano.a(lib_a-findfp.o)
                0x000000000800588c                __sf_fake_stdin
 .rodata.__sf_fake_stdout
                0x00000000080058ac       0x20 /usr/local/Cellar/arm-none-eabi-gcc/7-2018-q2-update/gcc/bin/../lib/gcc/arm-none-eabi/7.3.1/../../../../arm-none-eabi/lib/thumb/v7e-m/fpv4-sp/hard/libc_nano.a(lib_a-findfp.o)
                0x00000000080058ac                __sf_fake_stdout
                0x00000000080058cc                . = ALIGN (0x4)

.rel.dyn        0x00000000080058cc        0x0
 .rel.iplt      0x00000000080058cc        0x0 /usr/local/Cellar/arm-none-eabi-gcc/7-2018-q2-update/gcc/bin/../lib/gcc/arm-none-eabi/7.3.1/thumb/v7e-m/fpv4-sp/hard/crtbegin.o

.ARM.extab
 *(.ARM.extab* .gnu.linkonce.armextab.*)

.ARM            0x00000000080058cc        0x0
                0x00000000080058cc                __exidx_start = .
 *(.ARM.exidx*)
                0x00000000080058cc                __exidx_end = .

.preinit_array  0x00000000080058cc        0x0
                0x00000000080058cc                PROVIDE (__preinit_array_start = .)
 *(.preinit_array*)
                0x00000000080058cc                PROVIDE (__preinit_array_end = .)

.init_array     0x00000000080058cc        0x4
                0x00000000080058cc                PROVIDE (__init_array_start = .)
 *(SORT_BY_NAME(.init_array.*))
 *(.init_array*)
 .init_array    0x00000000080058cc        0x4 /usr/local/Cellar/arm-none-eabi-gcc/7-2018-q2-update/gcc/bin/../lib/gcc/arm-none-eabi/7.3.1/thumb/v7e-m/fpv4-sp/hard/crtbegin.o
                0x00000000080058d0                PROVIDE (__init_array_end = .)

.fini_array     0x00000000080058d0        0x4
                [!provide]                        PROVIDE (__fini_array_start = .)
 *(SORT_BY_NAME(.fini_array.*))
 *(.fini_array*)
 .fini_array    0x00000000080058d0        0x4 /usr/local/Cellar/arm-none-eabi-gcc/7-2018-q2-update/gcc/bin/../lib/gcc/arm-none-eabi/7.3.1/thumb/v7e-m/fpv4-sp/hard/crtbegin.o
                [!provide]                        PROVIDE (__fini_array_end = .)
                0x00000000080058d4                _sidata = LOADADDR (.data)

.data           0x0000000020000000       0x98 load address 0x00000000080058d4
                0x0000000020000000                . = ALIGN (0x4)
                0x0000000020000000                _sdata = .
 *(.data)
 *(.data*)
 .data.parameters
                0x0000000020000000       0x28 build/main.o
 .data.uwTickFreq
                0x0000000020000028        0x1 build/stm32f3xx_hal.o
                0x0000000020000028                uwTickFreq
 *fill*         0x0000000020000029        0x3 
 .data.uwTickPrio
                0x000000002000002c        0x4 build/stm32f3xx_hal.o
                0x000000002000002c                uwTickPrio
 .data.SystemCoreClock
                0x0000000020000030        0x4 build/system_stm32f3xx.o
                0x0000000020000030                SystemCoreClock
 .data._impure_ptr
                0x0000000020000034        0x4 /usr/local/Cellar/arm-none-eabi-gcc/7-2018-q2-update/gcc/bin/../lib/gcc/arm-none-eabi/7.3.1/../../../../arm-none-eabi/lib/thumb/v7e-m/fpv4-sp/hard/libc_nano.a(lib_a-impure.o)
                0x0000000020000034                _impure_ptr
 .data.impure_data
                0x0000000020000038       0x60 /usr/local/Cellar/arm-none-eabi-gcc/7-2018-q2-update/gcc/bin/../lib/gcc/arm-none-eabi/7.3.1/../../../../arm-none-eabi/lib/thumb/v7e-m/fpv4-sp/hard/libc_nano.a(lib_a-impure.o)
                0x0000000020000098                . = ALIGN (0x4)
                0x0000000020000098                _edata = .
                0x000000000800596c                _siccmram = LOADADDR (.ccmram)

.igot.plt       0x0000000020000098        0x0 load address 0x000000000800596c
 .igot.plt      0x0000000020000098        0x0 /usr/local/Cellar/arm-none-eabi-gcc/7-2018-q2-update/gcc/bin/../lib/gcc/arm-none-eabi/7.3.1/thumb/v7e-m/fpv4-sp/hard/crtbegin.o

.ccmram         0x0000000010000000        0x0 load address 0x000000000800596c
                0x0000000010000000                . = ALIGN (0x4)
                0x0000000010000000                _sccmram = .
 *(.ccmram)
 *(.ccmram*)
                0x0000000010000000                . = ALIGN (0x4)
                0x0000000010000000                _eccmram = .
                0x0000000010000000                . = ALIGN (0x4)

.bss            0x0000000020000098      0x5b4
                0x0000000020000098                _sbss = .
                0x0000000020000098                __bss_start__ = _sbss
 *(.bss)
 .bss           0x0000000020000098       0x1c /usr/local/Cellar/arm-none-eabi-gcc/7-2018-q2-update/gcc/bin/../lib/gcc/arm-none-eabi/7.3.1/thumb/v7e-m/fpv4-sp/hard/crtbegin.o
 *(.bss*)
 .bss.g_canard  0x00000000200000b4       0x24 build/main.o
 .bss.g_canard_memory_pool
                0x00000000200000d8      0x400 build/main.o
 .bss.spin_time.9316
                0x00000000200004d8        0x4 build/main.o
 .bss.transfer_id.9318
                0x00000000200004dc        0x1 build/main.o
 *fill*         0x00000000200004dd        0x3 
 .bss.HAL_RCC_ADC12_CLK_ENABLED
                0x00000000200004e0        0x4 build/adc.o
 .bss.g_abort_tx_on_error
                0x00000000200004e4        0x1 build/canard_stm32.o
 *fill*         0x00000000200004e5        0x3 
 .bss.g_stats   0x00000000200004e8       0x10 build/canard_stm32.o
 .bss.__malloc_free_list
                0x00000000200004f8        0x4 /usr/local/Cellar/arm-none-eabi-gcc/7-2018-q2-update/gcc/bin/../lib/gcc/arm-none-eabi/7.3.1/../../../../arm-none-eabi/lib/thumb/v7e-m/fpv4-sp/hard/libc_nano.a(lib_a-nano-mallocr.o)
                0x00000000200004f8                __malloc_free_list
 .bss.__malloc_sbrk_start
                0x00000000200004fc        0x4 /usr/local/Cellar/arm-none-eabi-gcc/7-2018-q2-update/gcc/bin/../lib/gcc/arm-none-eabi/7.3.1/../../../../arm-none-eabi/lib/thumb/v7e-m/fpv4-sp/hard/libc_nano.a(lib_a-nano-mallocr.o)
                0x00000000200004fc                __malloc_sbrk_start
 .bss.heap_end.5377
                0x0000000020000500        0x4 /usr/local/Cellar/arm-none-eabi-gcc/7-2018-q2-update/gcc/bin/../lib/gcc/arm-none-eabi/7.3.1/../../../../arm-none-eabi/lib/thumb/v7e-m/fpv4-sp/hard/libnosys.a(sbrk.o)
 *(COMMON)
 COMMON         0x0000000020000504       0xa8 build/adc.o
                0x0000000020000504                hadc2
                0x0000000020000558                hadc1
 COMMON         0x00000000200005ac       0x28 build/can.o
                0x00000000200005ac                hcan
 COMMON         0x00000000200005d4       0x70 build/usart.o
                0x00000000200005d4                huart3
 COMMON         0x0000000020000644        0x4 build/stm32f3xx_hal.o
                0x0000000020000644                uwTick
 COMMON         0x0000000020000648        0x4 /usr/local/Cellar/arm-none-eabi-gcc/7-2018-q2-update/gcc/bin/../lib/gcc/arm-none-eabi/7.3.1/../../../../arm-none-eabi/lib/thumb/v7e-m/fpv4-sp/hard/libc_nano.a(lib_a-reent.o)
                0x0000000020000648                errno
                0x000000002000064c                . = ALIGN (0x4)
                0x000000002000064c                _ebss = .
                0x000000002000064c                __bss_end__ = _ebss

._user_heap_stack
                0x000000002000064c      0x604
                0x0000000020000650                . = ALIGN (0x8)
 *fill*         0x000000002000064c        0x4 
                0x0000000020000650                PROVIDE (end = .)
                [!provide]                        PROVIDE (_end = .)
                0x0000000020000850                . = (. + _Min_Heap_Size)
 *fill*         0x0000000020000650      0x200 
                0x0000000020000c50                . = (. + _Min_Stack_Size)
 *fill*         0x0000000020000850      0x400 
                0x0000000020000c50                . = ALIGN (0x8)

/DISCARD/
 libc.a(*)
 libm.a(*)
 libgcc.a(*)

.ARM.attributes
                0x0000000000000000       0x30
 *(.ARM.attributes)
 .ARM.attributes
                0x0000000000000000       0x22 /usr/local/Cellar/arm-none-eabi-gcc/7-2018-q2-update/gcc/bin/../lib/gcc/arm-none-eabi/7.3.1/thumb/v7e-m/fpv4-sp/hard/crti.o
 .ARM.attributes
                0x0000000000000022       0x34 /usr/local/Cellar/arm-none-eabi-gcc/7-2018-q2-update/gcc/bin/../lib/gcc/arm-none-eabi/7.3.1/thumb/v7e-m/fpv4-sp/hard/crtbegin.o
 .ARM.attributes
                0x0000000000000056       0x39 build/main.o
 .ARM.attributes
                0x000000000000008f       0x39 build/gpio.o
 .ARM.attributes
                0x00000000000000c8       0x39 build/adc.o
 .ARM.attributes
                0x0000000000000101       0x39 build/can.o
 .ARM.attributes
                0x000000000000013a       0x39 build/usart.o
 .ARM.attributes
                0x0000000000000173       0x39 build/stm32f3xx_it.o
 .ARM.attributes
                0x00000000000001ac       0x39 build/stm32f3xx_hal_msp.o
 .ARM.attributes
                0x00000000000001e5       0x39 build/stm32f3xx_hal_adc_ex.o
 .ARM.attributes
                0x000000000000021e       0x39 build/stm32f3xx_hal_can.o
 .ARM.attributes
                0x0000000000000257       0x39 build/stm32f3xx_hal_uart.o
 .ARM.attributes
                0x0000000000000290       0x39 build/stm32f3xx_hal.o
 .ARM.attributes
                0x00000000000002c9       0x39 build/stm32f3xx_hal_rcc.o
 .ARM.attributes
                0x0000000000000302       0x39 build/stm32f3xx_hal_rcc_ex.o
 .ARM.attributes
                0x000000000000033b       0x39 build/stm32f3xx_hal_gpio.o
 .ARM.attributes
                0x0000000000000374       0x39 build/stm32f3xx_hal_cortex.o
 .ARM.attributes
                0x00000000000003ad       0x39 build/system_stm32f3xx.o
 .ARM.attributes
                0x00000000000003e6       0x39 build/canard.o
 .ARM.attributes
                0x000000000000041f       0x39 build/canard_stm32.o
 .ARM.attributes
                0x0000000000000458       0x21 build/startup_stm32f303xc.o
 .ARM.attributes
                0x0000000000000479       0x34 /usr/local/Cellar/arm-none-eabi-gcc/7-2018-q2-update/gcc/bin/../lib/gcc/arm-none-eabi/7.3.1/../../../../arm-none-eabi/lib/thumb/v7e-m/fpv4-sp/hard/libc_nano.a(lib_a-assert.o)
 .ARM.attributes
                0x00000000000004ad       0x34 /usr/local/Cellar/arm-none-eabi-gcc/7-2018-q2-update/gcc/bin/../lib/gcc/arm-none-eabi/7.3.1/../../../../arm-none-eabi/lib/thumb/v7e-m/fpv4-sp/hard/libc_nano.a(lib_a-fprintf.o)
 .ARM.attributes
                0x00000000000004e1       0x34 /usr/local/Cellar/arm-none-eabi-gcc/7-2018-q2-update/gcc/bin/../lib/gcc/arm-none-eabi/7.3.1/../../../../arm-none-eabi/lib/thumb/v7e-m/fpv4-sp/hard/libc_nano.a(lib_a-impure.o)
 .ARM.attributes
                0x0000000000000515       0x34 /usr/local/Cellar/arm-none-eabi-gcc/7-2018-q2-update/gcc/bin/../lib/gcc/arm-none-eabi/7.3.1/../../../../arm-none-eabi/lib/thumb/v7e-m/fpv4-sp/hard/libc_nano.a(lib_a-init.o)
 .ARM.attributes
                0x0000000000000549       0x34 /usr/local/Cellar/arm-none-eabi-gcc/7-2018-q2-update/gcc/bin/../lib/gcc/arm-none-eabi/7.3.1/../../../../arm-none-eabi/lib/thumb/v7e-m/fpv4-sp/hard/libc_nano.a(lib_a-memcpy-stub.o)
 .ARM.attributes
                0x000000000000057d       0x34 /usr/local/Cellar/arm-none-eabi-gcc/7-2018-q2-update/gcc/bin/../lib/gcc/arm-none-eabi/7.3.1/../../../../arm-none-eabi/lib/thumb/v7e-m/fpv4-sp/hard/libc_nano.a(lib_a-memset.o)
 .ARM.attributes
                0x00000000000005b1       0x34 /usr/local/Cellar/arm-none-eabi-gcc/7-2018-q2-update/gcc/bin/../lib/gcc/arm-none-eabi/7.3.1/../../../../arm-none-eabi/lib/thumb/v7e-m/fpv4-sp/hard/libc_nano.a(lib_a-nano-vfprintf.o)
 .ARM.attributes
                0x00000000000005e5       0x34 /usr/local/Cellar/arm-none-eabi-gcc/7-2018-q2-update/gcc/bin/../lib/gcc/arm-none-eabi/7.3.1/../../../../arm-none-eabi/lib/thumb/v7e-m/fpv4-sp/hard/libc_nano.a(lib_a-nano-vfprintf_i.o)
 .ARM.attributes
                0x0000000000000619       0x1b /usr/local/Cellar/arm-none-eabi-gcc/7-2018-q2-update/gcc/bin/../lib/gcc/arm-none-eabi/7.3.1/../../../../arm-none-eabi/lib/thumb/v7e-m/fpv4-sp/hard/libc_nano.a(lib_a-strlen.o)
 .ARM.attributes
                0x0000000000000634       0x34 /usr/local/Cellar/arm-none-eabi-gcc/7-2018-q2-update/gcc/bin/../lib/gcc/arm-none-eabi/7.3.1/../../../../arm-none-eabi/lib/thumb/v7e-m/fpv4-sp/hard/libc_nano.a(lib_a-strncmp.o)
 .ARM.attributes
                0x0000000000000668       0x34 /usr/local/Cellar/arm-none-eabi-gcc/7-2018-q2-update/gcc/bin/../lib/gcc/arm-none-eabi/7.3.1/../../../../arm-none-eabi/lib/thumb/v7e-m/fpv4-sp/hard/libc_nano.a(lib_a-wbuf.o)
 .ARM.attributes
                0x000000000000069c       0x34 /usr/local/Cellar/arm-none-eabi-gcc/7-2018-q2-update/gcc/bin/../lib/gcc/arm-none-eabi/7.3.1/../../../../arm-none-eabi/lib/thumb/v7e-m/fpv4-sp/hard/libc_nano.a(lib_a-wsetup.o)
 .ARM.attributes
                0x00000000000006d0       0x34 /usr/local/Cellar/arm-none-eabi-gcc/7-2018-q2-update/gcc/bin/../lib/gcc/arm-none-eabi/7.3.1/../../../../arm-none-eabi/lib/thumb/v7e-m/fpv4-sp/hard/libc_nano.a(lib_a-abort.o)
 .ARM.attributes
                0x0000000000000704       0x34 /usr/local/Cellar/arm-none-eabi-gcc/7-2018-q2-update/gcc/bin/../lib/gcc/arm-none-eabi/7.3.1/../../../../arm-none-eabi/lib/thumb/v7e-m/fpv4-sp/hard/libc_nano.a(lib_a-fflush.o)
 .ARM.attributes
                0x0000000000000738       0x34 /usr/local/Cellar/arm-none-eabi-gcc/7-2018-q2-update/gcc/bin/../lib/gcc/arm-none-eabi/7.3.1/../../../../arm-none-eabi/lib/thumb/v7e-m/fpv4-sp/hard/libc_nano.a(lib_a-findfp.o)
 .ARM.attributes
                0x000000000000076c       0x34 /usr/local/Cellar/arm-none-eabi-gcc/7-2018-q2-update/gcc/bin/../lib/gcc/arm-none-eabi/7.3.1/../../../../arm-none-eabi/lib/thumb/v7e-m/fpv4-sp/hard/libc_nano.a(lib_a-fwalk.o)
 .ARM.attributes
                0x00000000000007a0       0x34 /usr/local/Cellar/arm-none-eabi-gcc/7-2018-q2-update/gcc/bin/../lib/gcc/arm-none-eabi/7.3.1/../../../../arm-none-eabi/lib/thumb/v7e-m/fpv4-sp/hard/libc_nano.a(lib_a-makebuf.o)
 .ARM.attributes
                0x00000000000007d4       0x20 /usr/local/Cellar/arm-none-eabi-gcc/7-2018-q2-update/gcc/bin/../lib/gcc/arm-none-eabi/7.3.1/../../../../arm-none-eabi/lib/thumb/v7e-m/fpv4-sp/hard/libc_nano.a(lib_a-memchr.o)
 .ARM.attributes
                0x00000000000007f4       0x34 /usr/local/Cellar/arm-none-eabi-gcc/7-2018-q2-update/gcc/bin/../lib/gcc/arm-none-eabi/7.3.1/../../../../arm-none-eabi/lib/thumb/v7e-m/fpv4-sp/hard/libc_nano.a(lib_a-nano-freer.o)
 .ARM.attributes
                0x0000000000000828       0x34 /usr/local/Cellar/arm-none-eabi-gcc/7-2018-q2-update/gcc/bin/../lib/gcc/arm-none-eabi/7.3.1/../../../../arm-none-eabi/lib/thumb/v7e-m/fpv4-sp/hard/libc_nano.a(lib_a-nano-mallocr.o)
 .ARM.attributes
                0x000000000000085c       0x34 /usr/local/Cellar/arm-none-eabi-gcc/7-2018-q2-update/gcc/bin/../lib/gcc/arm-none-eabi/7.3.1/../../../../arm-none-eabi/lib/thumb/v7e-m/fpv4-sp/hard/libc_nano.a(lib_a-sbrkr.o)
 .ARM.attributes
                0x0000000000000890       0x34 /usr/local/Cellar/arm-none-eabi-gcc/7-2018-q2-update/gcc/bin/../lib/gcc/arm-none-eabi/7.3.1/../../../../arm-none-eabi/lib/thumb/v7e-m/fpv4-sp/hard/libc_nano.a(lib_a-signal.o)
 .ARM.attributes
                0x00000000000008c4       0x34 /usr/local/Cellar/arm-none-eabi-gcc/7-2018-q2-update/gcc/bin/../lib/gcc/arm-none-eabi/7.3.1/../../../../arm-none-eabi/lib/thumb/v7e-m/fpv4-sp/hard/libc_nano.a(lib_a-signalr.o)
 .ARM.attributes
                0x00000000000008f8       0x34 /usr/local/Cellar/arm-none-eabi-gcc/7-2018-q2-update/gcc/bin/../lib/gcc/arm-none-eabi/7.3.1/../../../../arm-none-eabi/lib/thumb/v7e-m/fpv4-sp/hard/libc_nano.a(lib_a-stdio.o)
 .ARM.attributes
                0x000000000000092c       0x34 /usr/local/Cellar/arm-none-eabi-gcc/7-2018-q2-update/gcc/bin/../lib/gcc/arm-none-eabi/7.3.1/../../../../arm-none-eabi/lib/thumb/v7e-m/fpv4-sp/hard/libc_nano.a(lib_a-writer.o)
 .ARM.attributes
                0x0000000000000960       0x34 /usr/local/Cellar/arm-none-eabi-gcc/7-2018-q2-update/gcc/bin/../lib/gcc/arm-none-eabi/7.3.1/../../../../arm-none-eabi/lib/thumb/v7e-m/fpv4-sp/hard/libc_nano.a(lib_a-closer.o)
 .ARM.attributes
                0x0000000000000994       0x34 /usr/local/Cellar/arm-none-eabi-gcc/7-2018-q2-update/gcc/bin/../lib/gcc/arm-none-eabi/7.3.1/../../../../arm-none-eabi/lib/thumb/v7e-m/fpv4-sp/hard/libc_nano.a(lib_a-fstatr.o)
 .ARM.attributes
                0x00000000000009c8       0x34 /usr/local/Cellar/arm-none-eabi-gcc/7-2018-q2-update/gcc/bin/../lib/gcc/arm-none-eabi/7.3.1/../../../../arm-none-eabi/lib/thumb/v7e-m/fpv4-sp/hard/libc_nano.a(lib_a-isattyr.o)
 .ARM.attributes
                0x00000000000009fc       0x34 /usr/local/Cellar/arm-none-eabi-gcc/7-2018-q2-update/gcc/bin/../lib/gcc/arm-none-eabi/7.3.1/../../../../arm-none-eabi/lib/thumb/v7e-m/fpv4-sp/hard/libc_nano.a(lib_a-lseekr.o)
 .ARM.attributes
                0x0000000000000a30       0x34 /usr/local/Cellar/arm-none-eabi-gcc/7-2018-q2-update/gcc/bin/../lib/gcc/arm-none-eabi/7.3.1/../../../../arm-none-eabi/lib/thumb/v7e-m/fpv4-sp/hard/libc_nano.a(lib_a-mlock.o)
 .ARM.attributes
                0x0000000000000a64       0x34 /usr/local/Cellar/arm-none-eabi-gcc/7-2018-q2-update/gcc/bin/../lib/gcc/arm-none-eabi/7.3.1/../../../../arm-none-eabi/lib/thumb/v7e-m/fpv4-sp/hard/libc_nano.a(lib_a-readr.o)
 .ARM.attributes
                0x0000000000000a98       0x34 /usr/local/Cellar/arm-none-eabi-gcc/7-2018-q2-update/gcc/bin/../lib/gcc/arm-none-eabi/7.3.1/../../../../arm-none-eabi/lib/thumb/v7e-m/fpv4-sp/hard/libc_nano.a(lib_a-reent.o)
 .ARM.attributes
                0x0000000000000acc       0x34 /usr/local/Cellar/arm-none-eabi-gcc/7-2018-q2-update/gcc/bin/../lib/gcc/arm-none-eabi/7.3.1/../../../../arm-none-eabi/lib/thumb/v7e-m/fpv4-sp/hard/libnosys.a(close.o)
 .ARM.attributes
                0x0000000000000b00       0x34 /usr/local/Cellar/arm-none-eabi-gcc/7-2018-q2-update/gcc/bin/../lib/gcc/arm-none-eabi/7.3.1/../../../../arm-none-eabi/lib/thumb/v7e-m/fpv4-sp/hard/libnosys.a(fstat.o)
 .ARM.attributes
                0x0000000000000b34       0x34 /usr/local/Cellar/arm-none-eabi-gcc/7-2018-q2-update/gcc/bin/../lib/gcc/arm-none-eabi/7.3.1/../../../../arm-none-eabi/lib/thumb/v7e-m/fpv4-sp/hard/libnosys.a(getpid.o)
 .ARM.attributes
                0x0000000000000b68       0x34 /usr/local/Cellar/arm-none-eabi-gcc/7-2018-q2-update/gcc/bin/../lib/gcc/arm-none-eabi/7.3.1/../../../../arm-none-eabi/lib/thumb/v7e-m/fpv4-sp/hard/libnosys.a(isatty.o)
 .ARM.attributes
                0x0000000000000b9c       0x34 /usr/local/Cellar/arm-none-eabi-gcc/7-2018-q2-update/gcc/bin/../lib/gcc/arm-none-eabi/7.3.1/../../../../arm-none-eabi/lib/thumb/v7e-m/fpv4-sp/hard/libnosys.a(kill.o)
 .ARM.attributes
                0x0000000000000bd0       0x34 /usr/local/Cellar/arm-none-eabi-gcc/7-2018-q2-update/gcc/bin/../lib/gcc/arm-none-eabi/7.3.1/../../../../arm-none-eabi/lib/thumb/v7e-m/fpv4-sp/hard/libnosys.a(lseek.o)
 .ARM.attributes
                0x0000000000000c04       0x34 /usr/local/Cellar/arm-none-eabi-gcc/7-2018-q2-update/gcc/bin/../lib/gcc/arm-none-eabi/7.3.1/../../../../arm-none-eabi/lib/thumb/v7e-m/fpv4-sp/hard/libnosys.a(read.o)
 .ARM.attributes
                0x0000000000000c38       0x34 /usr/local/Cellar/arm-none-eabi-gcc/7-2018-q2-update/gcc/bin/../lib/gcc/arm-none-eabi/7.3.1/../../../../arm-none-eabi/lib/thumb/v7e-m/fpv4-sp/hard/libnosys.a(sbrk.o)
 .ARM.attributes
                0x0000000000000c6c       0x34 /usr/local/Cellar/arm-none-eabi-gcc/7-2018-q2-update/gcc/bin/../lib/gcc/arm-none-eabi/7.3.1/../../../../arm-none-eabi/lib/thumb/v7e-m/fpv4-sp/hard/libnosys.a(write.o)
 .ARM.attributes
                0x0000000000000ca0       0x34 /usr/local/Cellar/arm-none-eabi-gcc/7-2018-q2-update/gcc/bin/../lib/gcc/arm-none-eabi/7.3.1/../../../../arm-none-eabi/lib/thumb/v7e-m/fpv4-sp/hard/libnosys.a(_exit.o)
 .ARM.attributes
                0x0000000000000cd4       0x22 /usr/local/Cellar/arm-none-eabi-gcc/7-2018-q2-update/gcc/bin/../lib/gcc/arm-none-eabi/7.3.1/thumb/v7e-m/fpv4-sp/hard/crtn.o
OUTPUT(build/STM32F303CCT6_oibus_mosfet_driver_module_rev1.elf elf32-littlearm)

.debug_info     0x0000000000000000    0x1c220
 .debug_info    0x0000000000000000     0x3a9a build/main.o
 .debug_info    0x0000000000003a9a      0xe25 build/gpio.o
 .debug_info    0x00000000000048bf     0x1656 build/adc.o
 .debug_info    0x0000000000005f15     0x1216 build/can.o
 .debug_info    0x000000000000712b     0x13a4 build/usart.o
 .debug_info    0x00000000000084cf      0xb5e build/stm32f3xx_it.o
 .debug_info    0x000000000000902d      0xba7 build/stm32f3xx_hal_msp.o
 .debug_info    0x0000000000009bd4     0x25d4 build/stm32f3xx_hal_adc_ex.o
 .debug_info    0x000000000000c1a8     0x1b7b build/stm32f3xx_hal_can.o
 .debug_info    0x000000000000dd23     0x24e7 build/stm32f3xx_hal_uart.o
 .debug_info    0x000000000001020a     0x1239 build/stm32f3xx_hal.o
 .debug_info    0x0000000000011443     0x1e24 build/stm32f3xx_hal_rcc.o
 .debug_info    0x0000000000013267     0x1119 build/stm32f3xx_hal_rcc_ex.o
 .debug_info    0x0000000000014380     0x10b0 build/stm32f3xx_hal_gpio.o
 .debug_info    0x0000000000015430     0x18d8 build/stm32f3xx_hal_cortex.o
 .debug_info    0x0000000000016d08      0xdbd build/system_stm32f3xx.o
 .debug_info    0x0000000000017ac5     0x32c6 build/canard.o
 .debug_info    0x000000000001ad8b     0x1473 build/canard_stm32.o
 .debug_info    0x000000000001c1fe       0x22 build/startup_stm32f303xc.o

.debug_abbrev   0x0000000000000000     0x3548
 .debug_abbrev  0x0000000000000000      0x522 build/main.o
 .debug_abbrev  0x0000000000000522      0x20d build/gpio.o
 .debug_abbrev  0x000000000000072f      0x246 build/adc.o
 .debug_abbrev  0x0000000000000975      0x253 build/can.o
 .debug_abbrev  0x0000000000000bc8      0x246 build/usart.o
 .debug_abbrev  0x0000000000000e0e      0x1e3 build/stm32f3xx_it.o
 .debug_abbrev  0x0000000000000ff1      0x1de build/stm32f3xx_hal_msp.o
 .debug_abbrev  0x00000000000011cf      0x33c build/stm32f3xx_hal_adc_ex.o
 .debug_abbrev  0x000000000000150b      0x346 build/stm32f3xx_hal_can.o
 .debug_abbrev  0x0000000000001851      0x31c build/stm32f3xx_hal_uart.o
 .debug_abbrev  0x0000000000001b6d      0x2c3 build/stm32f3xx_hal.o
 .debug_abbrev  0x0000000000001e30      0x37d build/stm32f3xx_hal_rcc.o
 .debug_abbrev  0x00000000000021ad      0x318 build/stm32f3xx_hal_rcc_ex.o
 .debug_abbrev  0x00000000000024c5      0x2be build/stm32f3xx_hal_gpio.o
 .debug_abbrev  0x0000000000002783      0x3c0 build/stm32f3xx_hal_cortex.o
 .debug_abbrev  0x0000000000002b43      0x200 build/system_stm32f3xx.o
 .debug_abbrev  0x0000000000002d43      0x44f build/canard.o
 .debug_abbrev  0x0000000000003192      0x3a4 build/canard_stm32.o
 .debug_abbrev  0x0000000000003536       0x12 build/startup_stm32f303xc.o

.debug_loc      0x0000000000000000     0xb447
 .debug_loc     0x0000000000000000      0xc55 build/main.o
 .debug_loc     0x0000000000000c55       0x39 build/gpio.o
 .debug_loc     0x0000000000000c8e      0x19d build/adc.o
 .debug_loc     0x0000000000000e2b       0xf8 build/can.o
 .debug_loc     0x0000000000000f23       0xf8 build/usart.o
 .debug_loc     0x000000000000101b       0x20 build/stm32f3xx_it.o
 .debug_loc     0x000000000000103b       0x2c build/stm32f3xx_hal_msp.o
 .debug_loc     0x0000000000001067     0x2251 build/stm32f3xx_hal_adc_ex.o
 .debug_loc     0x00000000000032b8      0xdd9 build/stm32f3xx_hal_can.o
 .debug_loc     0x0000000000004091     0x1ca2 build/stm32f3xx_hal_uart.o
 .debug_loc     0x0000000000005d33      0x19d build/stm32f3xx_hal.o
 .debug_loc     0x0000000000005ed0      0xa6e build/stm32f3xx_hal_rcc.o
 .debug_loc     0x000000000000693e      0x8b5 build/stm32f3xx_hal_rcc_ex.o
 .debug_loc     0x00000000000071f3      0x441 build/stm32f3xx_hal_gpio.o
 .debug_loc     0x0000000000007634      0x65e build/stm32f3xx_hal_cortex.o
 .debug_loc     0x0000000000007c92       0xff build/system_stm32f3xx.o
 .debug_loc     0x0000000000007d91     0x2d7e build/canard.o
 .debug_loc     0x000000000000ab0f      0x938 build/canard_stm32.o

.debug_aranges  0x0000000000000000      0xb20
 .debug_aranges
                0x0000000000000000       0x98 build/main.o
 .debug_aranges
                0x0000000000000098       0x20 build/gpio.o
 .debug_aranges
                0x00000000000000b8       0x38 build/adc.o
 .debug_aranges
                0x00000000000000f0       0x30 build/can.o
 .debug_aranges
                0x0000000000000120       0x30 build/usart.o
 .debug_aranges
                0x0000000000000150       0x60 build/stm32f3xx_it.o
 .debug_aranges
                0x00000000000001b0       0x20 build/stm32f3xx_hal_msp.o
 .debug_aranges
                0x00000000000001d0      0x168 build/stm32f3xx_hal_adc_ex.o
 .debug_aranges
                0x0000000000000338      0x138 build/stm32f3xx_hal_can.o
 .debug_aranges
                0x0000000000000470      0x1f0 build/stm32f3xx_hal_uart.o
 .debug_aranges
                0x0000000000000660       0xe0 build/stm32f3xx_hal.o
 .debug_aranges
                0x0000000000000740       0x88 build/stm32f3xx_hal_rcc.o
 .debug_aranges
                0x00000000000007c8       0x38 build/stm32f3xx_hal_rcc_ex.o
 .debug_aranges
                0x0000000000000800       0x58 build/stm32f3xx_hal_gpio.o
 .debug_aranges
                0x0000000000000858       0xa8 build/stm32f3xx_hal_cortex.o
 .debug_aranges
                0x0000000000000900       0x28 build/system_stm32f3xx.o
 .debug_aranges
                0x0000000000000928      0x168 build/canard.o
 .debug_aranges
                0x0000000000000a90       0x68 build/canard_stm32.o
 .debug_aranges
                0x0000000000000af8       0x28 build/startup_stm32f303xc.o

.debug_ranges   0x0000000000000000      0xde8
 .debug_ranges  0x0000000000000000      0x118 build/main.o
 .debug_ranges  0x0000000000000118       0x10 build/gpio.o
 .debug_ranges  0x0000000000000128       0x28 build/adc.o
 .debug_ranges  0x0000000000000150       0x20 build/can.o
 .debug_ranges  0x0000000000000170       0x20 build/usart.o
 .debug_ranges  0x0000000000000190       0x50 build/stm32f3xx_it.o
 .debug_ranges  0x00000000000001e0       0x10 build/stm32f3xx_hal_msp.o
 .debug_ranges  0x00000000000001f0      0x158 build/stm32f3xx_hal_adc_ex.o
 .debug_ranges  0x0000000000000348      0x128 build/stm32f3xx_hal_can.o
 .debug_ranges  0x0000000000000470      0x1e0 build/stm32f3xx_hal_uart.o
 .debug_ranges  0x0000000000000650       0xd0 build/stm32f3xx_hal.o
 .debug_ranges  0x0000000000000720       0x98 build/stm32f3xx_hal_rcc.o
 .debug_ranges  0x00000000000007b8       0x40 build/stm32f3xx_hal_rcc_ex.o
 .debug_ranges  0x00000000000007f8       0x48 build/stm32f3xx_hal_gpio.o
 .debug_ranges  0x0000000000000840       0xf8 build/stm32f3xx_hal_cortex.o
 .debug_ranges  0x0000000000000938       0x18 build/system_stm32f3xx.o
 .debug_ranges  0x0000000000000950      0x350 build/canard.o
 .debug_ranges  0x0000000000000ca0      0x128 build/canard_stm32.o
 .debug_ranges  0x0000000000000dc8       0x20 build/startup_stm32f303xc.o

.debug_line     0x0000000000000000     0x6c8f
 .debug_line    0x0000000000000000      0x6a0 build/main.o
 .debug_line    0x00000000000006a0      0x26c build/gpio.o
 .debug_line    0x000000000000090c      0x37a build/adc.o
 .debug_line    0x0000000000000c86      0x2eb build/can.o
 .debug_line    0x0000000000000f71      0x2f6 build/usart.o
 .debug_line    0x0000000000001267      0x2b6 build/stm32f3xx_it.o
 .debug_line    0x000000000000151d      0x249 build/stm32f3xx_hal_msp.o
 .debug_line    0x0000000000001766     0x14a0 build/stm32f3xx_hal_adc_ex.o
 .debug_line    0x0000000000002c06      0x77d build/stm32f3xx_hal_can.o
 .debug_line    0x0000000000003383      0xd6b build/stm32f3xx_hal_uart.o
 .debug_line    0x00000000000040ee      0x459 build/stm32f3xx_hal.o
 .debug_line    0x0000000000004547      0x79b build/stm32f3xx_hal_rcc.o
 .debug_line    0x0000000000004ce2      0x563 build/stm32f3xx_hal_rcc_ex.o
 .debug_line    0x0000000000005245      0x3f4 build/stm32f3xx_hal_gpio.o
 .debug_line    0x0000000000005639      0x4ad build/stm32f3xx_hal_cortex.o
 .debug_line    0x0000000000005ae6      0x27b build/system_stm32f3xx.o
 .debug_line    0x0000000000005d61      0x9f5 build/canard.o
 .debug_line    0x0000000000006756      0x4c5 build/canard_stm32.o
 .debug_line    0x0000000000006c1b       0x74 build/startup_stm32f303xc.o

.debug_str      0x0000000000000000     0x476a
 .debug_str     0x0000000000000000     0x1e74 build/main.o
                                       0x2039 (size before relaxing)
 .debug_str     0x0000000000001e74       0xa4 build/gpio.o
                                        0x78f (size before relaxing)
 .debug_str     0x0000000000001f18       0xf9 build/adc.o
                                        0xcfe (size before relaxing)
 .debug_str     0x0000000000002011       0x43 build/can.o
                                        0xa76 (size before relaxing)
 .debug_str     0x0000000000002054       0x49 build/usart.o
                                        0xc44 (size before relaxing)
 .debug_str     0x000000000000209d       0xaf build/stm32f3xx_it.o
                                        0x70f (size before relaxing)
 .debug_str     0x000000000000214c       0x24 build/stm32f3xx_hal_msp.o
                                        0x6de (size before relaxing)
 .debug_str     0x0000000000002170      0x7b6 build/stm32f3xx_hal_adc_ex.o
                                       0x1394 (size before relaxing)
 .debug_str     0x0000000000002926      0x54f build/stm32f3xx_hal_can.o
                                        0xf0a (size before relaxing)
 .debug_str     0x0000000000002e75      0x6d8 build/stm32f3xx_hal_uart.o
                                       0x1300 (size before relaxing)
 .debug_str     0x000000000000354d      0x248 build/stm32f3xx_hal.o
                                        0xde3 (size before relaxing)
 .debug_str     0x0000000000003795      0x179 build/stm32f3xx_hal_rcc.o
                                        0xaeb (size before relaxing)
 .debug_str     0x000000000000390e       0xc5 build/stm32f3xx_hal_rcc_ex.o
                                        0x9ed (size before relaxing)
 .debug_str     0x00000000000039d3      0x118 build/stm32f3xx_hal_gpio.o
                                        0x90c (size before relaxing)
 .debug_str     0x0000000000003aeb      0x307 build/stm32f3xx_hal_cortex.o
                                       0x1001 (size before relaxing)
 .debug_str     0x0000000000003df2       0x4d build/system_stm32f3xx.o
                                        0x768 (size before relaxing)
 .debug_str     0x0000000000003e3f      0x633 build/canard.o
                                       0x10e3 (size before relaxing)
 .debug_str     0x0000000000004472      0x2d4 build/canard_stm32.o
                                        0xa95 (size before relaxing)
 .debug_str     0x0000000000004746       0x24 build/startup_stm32f303xc.o
                                         0x68 (size before relaxing)

.comment        0x0000000000000000       0x7f
 .comment       0x0000000000000000       0x7f build/main.o
                                         0x80 (size before relaxing)
 .comment       0x000000000000007f       0x80 build/gpio.o
 .comment       0x000000000000007f       0x80 build/adc.o
 .comment       0x000000000000007f       0x80 build/can.o
 .comment       0x000000000000007f       0x80 build/usart.o
 .comment       0x000000000000007f       0x80 build/stm32f3xx_it.o
 .comment       0x000000000000007f       0x80 build/stm32f3xx_hal_msp.o
 .comment       0x000000000000007f       0x80 build/stm32f3xx_hal_adc_ex.o
 .comment       0x000000000000007f       0x80 build/stm32f3xx_hal_can.o
 .comment       0x000000000000007f       0x80 build/stm32f3xx_hal_uart.o
 .comment       0x000000000000007f       0x80 build/stm32f3xx_hal.o
 .comment       0x000000000000007f       0x80 build/stm32f3xx_hal_rcc.o
 .comment       0x000000000000007f       0x80 build/stm32f3xx_hal_rcc_ex.o
 .comment       0x000000000000007f       0x80 build/stm32f3xx_hal_gpio.o
 .comment       0x000000000000007f       0x80 build/stm32f3xx_hal_cortex.o
 .comment       0x000000000000007f       0x80 build/system_stm32f3xx.o
 .comment       0x000000000000007f       0x80 build/canard.o
 .comment       0x000000000000007f       0x80 build/canard_stm32.o

.debug_frame    0x0000000000000000     0x2a8c
 .debug_frame   0x0000000000000000      0x218 build/main.o
 .debug_frame   0x0000000000000218       0x3c build/gpio.o
 .debug_frame   0x0000000000000254       0x8c build/adc.o
 .debug_frame   0x00000000000002e0       0x68 build/can.o
 .debug_frame   0x0000000000000348       0x68 build/usart.o
 .debug_frame   0x00000000000003b0       0xac build/stm32f3xx_it.o
 .debug_frame   0x000000000000045c       0x28 build/stm32f3xx_hal_msp.o
 .debug_frame   0x0000000000000484      0x578 build/stm32f3xx_hal_adc_ex.o
 .debug_frame   0x00000000000009fc      0x318 build/stm32f3xx_hal_can.o
 .debug_frame   0x0000000000000d14      0x5f8 build/stm32f3xx_hal_uart.o
 .debug_frame   0x000000000000130c      0x1e0 build/stm32f3xx_hal.o
 .debug_frame   0x00000000000014ec      0x19c build/stm32f3xx_hal_rcc.o
 .debug_frame   0x0000000000001688       0x8c build/stm32f3xx_hal_rcc_ex.o
 .debug_frame   0x0000000000001714      0x10c build/stm32f3xx_hal_gpio.o
 .debug_frame   0x0000000000001820      0x16c build/stm32f3xx_hal_cortex.o
 .debug_frame   0x000000000000198c       0x30 build/system_stm32f3xx.o
 .debug_frame   0x00000000000019bc      0x548 build/canard.o
 .debug_frame   0x0000000000001f04      0x184 build/canard_stm32.o
 .debug_frame   0x0000000000002088       0x40 /usr/local/Cellar/arm-none-eabi-gcc/7-2018-q2-update/gcc/bin/../lib/gcc/arm-none-eabi/7.3.1/../../../../arm-none-eabi/lib/thumb/v7e-m/fpv4-sp/hard/libc_nano.a(lib_a-assert.o)
 .debug_frame   0x00000000000020c8       0x64 /usr/local/Cellar/arm-none-eabi-gcc/7-2018-q2-update/gcc/bin/../lib/gcc/arm-none-eabi/7.3.1/../../../../arm-none-eabi/lib/thumb/v7e-m/fpv4-sp/hard/libc_nano.a(lib_a-fprintf.o)
 .debug_frame   0x000000000000212c       0x2c /usr/local/Cellar/arm-none-eabi-gcc/7-2018-q2-update/gcc/bin/../lib/gcc/arm-none-eabi/7.3.1/../../../../arm-none-eabi/lib/thumb/v7e-m/fpv4-sp/hard/libc_nano.a(lib_a-init.o)
 .debug_frame   0x0000000000002158       0x28 /usr/local/Cellar/arm-none-eabi-gcc/7-2018-q2-update/gcc/bin/../lib/gcc/arm-none-eabi/7.3.1/../../../../arm-none-eabi/lib/thumb/v7e-m/fpv4-sp/hard/libc_nano.a(lib_a-memcpy-stub.o)
 .debug_frame   0x0000000000002180       0x20 /usr/local/Cellar/arm-none-eabi-gcc/7-2018-q2-update/gcc/bin/../lib/gcc/arm-none-eabi/7.3.1/../../../../arm-none-eabi/lib/thumb/v7e-m/fpv4-sp/hard/libc_nano.a(lib_a-memset.o)
 .debug_frame   0x00000000000021a0       0xac /usr/local/Cellar/arm-none-eabi-gcc/7-2018-q2-update/gcc/bin/../lib/gcc/arm-none-eabi/7.3.1/../../../../arm-none-eabi/lib/thumb/v7e-m/fpv4-sp/hard/libc_nano.a(lib_a-nano-vfprintf.o)
 .debug_frame   0x000000000000224c       0x60 /usr/local/Cellar/arm-none-eabi-gcc/7-2018-q2-update/gcc/bin/../lib/gcc/arm-none-eabi/7.3.1/../../../../arm-none-eabi/lib/thumb/v7e-m/fpv4-sp/hard/libc_nano.a(lib_a-nano-vfprintf_i.o)
 .debug_frame   0x00000000000022ac       0x28 /usr/local/Cellar/arm-none-eabi-gcc/7-2018-q2-update/gcc/bin/../lib/gcc/arm-none-eabi/7.3.1/../../../../arm-none-eabi/lib/thumb/v7e-m/fpv4-sp/hard/libc_nano.a(lib_a-strncmp.o)
 .debug_frame   0x00000000000022d4       0x40 /usr/local/Cellar/arm-none-eabi-gcc/7-2018-q2-update/gcc/bin/../lib/gcc/arm-none-eabi/7.3.1/../../../../arm-none-eabi/lib/thumb/v7e-m/fpv4-sp/hard/libc_nano.a(lib_a-wbuf.o)
 .debug_frame   0x0000000000002314       0x2c /usr/local/Cellar/arm-none-eabi-gcc/7-2018-q2-update/gcc/bin/../lib/gcc/arm-none-eabi/7.3.1/../../../../arm-none-eabi/lib/thumb/v7e-m/fpv4-sp/hard/libc_nano.a(lib_a-wsetup.o)
 .debug_frame   0x0000000000002340       0x28 /usr/local/Cellar/arm-none-eabi-gcc/7-2018-q2-update/gcc/bin/../lib/gcc/arm-none-eabi/7.3.1/../../../../arm-none-eabi/lib/thumb/v7e-m/fpv4-sp/hard/libc_nano.a(lib_a-abort.o)
 .debug_frame   0x0000000000002368       0x68 /usr/local/Cellar/arm-none-eabi-gcc/7-2018-q2-update/gcc/bin/../lib/gcc/arm-none-eabi/7.3.1/../../../../arm-none-eabi/lib/thumb/v7e-m/fpv4-sp/hard/libc_nano.a(lib_a-fflush.o)
 .debug_frame   0x00000000000023d0      0x11c /usr/local/Cellar/arm-none-eabi-gcc/7-2018-q2-update/gcc/bin/../lib/gcc/arm-none-eabi/7.3.1/../../../../arm-none-eabi/lib/thumb/v7e-m/fpv4-sp/hard/libc_nano.a(lib_a-findfp.o)
 .debug_frame   0x00000000000024ec       0x54 /usr/local/Cellar/arm-none-eabi-gcc/7-2018-q2-update/gcc/bin/../lib/gcc/arm-none-eabi/7.3.1/../../../../arm-none-eabi/lib/thumb/v7e-m/fpv4-sp/hard/libc_nano.a(lib_a-fwalk.o)
 .debug_frame   0x0000000000002540       0x58 /usr/local/Cellar/arm-none-eabi-gcc/7-2018-q2-update/gcc/bin/../lib/gcc/arm-none-eabi/7.3.1/../../../../arm-none-eabi/lib/thumb/v7e-m/fpv4-sp/hard/libc_nano.a(lib_a-makebuf.o)
 .debug_frame   0x0000000000002598       0x38 /usr/local/Cellar/arm-none-eabi-gcc/7-2018-q2-update/gcc/bin/../lib/gcc/arm-none-eabi/7.3.1/../../../../arm-none-eabi/lib/thumb/v7e-m/fpv4-sp/hard/libc_nano.a(lib_a-nano-freer.o)
 .debug_frame   0x00000000000025d0       0x2c /usr/local/Cellar/arm-none-eabi-gcc/7-2018-q2-update/gcc/bin/../lib/gcc/arm-none-eabi/7.3.1/../../../../arm-none-eabi/lib/thumb/v7e-m/fpv4-sp/hard/libc_nano.a(lib_a-nano-mallocr.o)
 .debug_frame   0x00000000000025fc       0x2c /usr/local/Cellar/arm-none-eabi-gcc/7-2018-q2-update/gcc/bin/../lib/gcc/arm-none-eabi/7.3.1/../../../../arm-none-eabi/lib/thumb/v7e-m/fpv4-sp/hard/libc_nano.a(lib_a-sbrkr.o)
 .debug_frame   0x0000000000002628       0xcc /usr/local/Cellar/arm-none-eabi-gcc/7-2018-q2-update/gcc/bin/../lib/gcc/arm-none-eabi/7.3.1/../../../../arm-none-eabi/lib/thumb/v7e-m/fpv4-sp/hard/libc_nano.a(lib_a-signal.o)
 .debug_frame   0x00000000000026f4       0x3c /usr/local/Cellar/arm-none-eabi-gcc/7-2018-q2-update/gcc/bin/../lib/gcc/arm-none-eabi/7.3.1/../../../../arm-none-eabi/lib/thumb/v7e-m/fpv4-sp/hard/libc_nano.a(lib_a-signalr.o)
 .debug_frame   0x0000000000002730       0x88 /usr/local/Cellar/arm-none-eabi-gcc/7-2018-q2-update/gcc/bin/../lib/gcc/arm-none-eabi/7.3.1/../../../../arm-none-eabi/lib/thumb/v7e-m/fpv4-sp/hard/libc_nano.a(lib_a-stdio.o)
 .debug_frame   0x00000000000027b8       0x2c /usr/local/Cellar/arm-none-eabi-gcc/7-2018-q2-update/gcc/bin/../lib/gcc/arm-none-eabi/7.3.1/../../../../arm-none-eabi/lib/thumb/v7e-m/fpv4-sp/hard/libc_nano.a(lib_a-writer.o)
 .debug_frame   0x00000000000027e4       0x2c /usr/local/Cellar/arm-none-eabi-gcc/7-2018-q2-update/gcc/bin/../lib/gcc/arm-none-eabi/7.3.1/../../../../arm-none-eabi/lib/thumb/v7e-m/fpv4-sp/hard/libc_nano.a(lib_a-closer.o)
 .debug_frame   0x0000000000002810       0x2c /usr/local/Cellar/arm-none-eabi-gcc/7-2018-q2-update/gcc/bin/../lib/gcc/arm-none-eabi/7.3.1/../../../../arm-none-eabi/lib/thumb/v7e-m/fpv4-sp/hard/libc_nano.a(lib_a-fstatr.o)
 .debug_frame   0x000000000000283c       0x2c /usr/local/Cellar/arm-none-eabi-gcc/7-2018-q2-update/gcc/bin/../lib/gcc/arm-none-eabi/7.3.1/../../../../arm-none-eabi/lib/thumb/v7e-m/fpv4-sp/hard/libc_nano.a(lib_a-isattyr.o)
 .debug_frame   0x0000000000002868       0x2c /usr/local/Cellar/arm-none-eabi-gcc/7-2018-q2-update/gcc/bin/../lib/gcc/arm-none-eabi/7.3.1/../../../../arm-none-eabi/lib/thumb/v7e-m/fpv4-sp/hard/libc_nano.a(lib_a-lseekr.o)
 .debug_frame   0x0000000000002894       0x30 /usr/local/Cellar/arm-none-eabi-gcc/7-2018-q2-update/gcc/bin/../lib/gcc/arm-none-eabi/7.3.1/../../../../arm-none-eabi/lib/thumb/v7e-m/fpv4-sp/hard/libc_nano.a(lib_a-mlock.o)
 .debug_frame   0x00000000000028c4       0x2c /usr/local/Cellar/arm-none-eabi-gcc/7-2018-q2-update/gcc/bin/../lib/gcc/arm-none-eabi/7.3.1/../../../../arm-none-eabi/lib/thumb/v7e-m/fpv4-sp/hard/libc_nano.a(lib_a-readr.o)
 .debug_frame   0x00000000000028f0       0x5c /usr/local/Cellar/arm-none-eabi-gcc/7-2018-q2-update/gcc/bin/../lib/gcc/arm-none-eabi/7.3.1/../../../../arm-none-eabi/lib/thumb/v7e-m/fpv4-sp/hard/libc_nano.a(lib_a-reent.o)
 .debug_frame   0x000000000000294c       0x20 /usr/local/Cellar/arm-none-eabi-gcc/7-2018-q2-update/gcc/bin/../lib/gcc/arm-none-eabi/7.3.1/../../../../arm-none-eabi/lib/thumb/v7e-m/fpv4-sp/hard/libnosys.a(close.o)
 .debug_frame   0x000000000000296c       0x20 /usr/local/Cellar/arm-none-eabi-gcc/7-2018-q2-update/gcc/bin/../lib/gcc/arm-none-eabi/7.3.1/../../../../arm-none-eabi/lib/thumb/v7e-m/fpv4-sp/hard/libnosys.a(fstat.o)
 .debug_frame   0x000000000000298c       0x20 /usr/local/Cellar/arm-none-eabi-gcc/7-2018-q2-update/gcc/bin/../lib/gcc/arm-none-eabi/7.3.1/../../../../arm-none-eabi/lib/thumb/v7e-m/fpv4-sp/hard/libnosys.a(getpid.o)
 .debug_frame   0x00000000000029ac       0x20 /usr/local/Cellar/arm-none-eabi-gcc/7-2018-q2-update/gcc/bin/../lib/gcc/arm-none-eabi/7.3.1/../../../../arm-none-eabi/lib/thumb/v7e-m/fpv4-sp/hard/libnosys.a(isatty.o)
 .debug_frame   0x00000000000029cc       0x20 /usr/local/Cellar/arm-none-eabi-gcc/7-2018-q2-update/gcc/bin/../lib/gcc/arm-none-eabi/7.3.1/../../../../arm-none-eabi/lib/thumb/v7e-m/fpv4-sp/hard/libnosys.a(kill.o)
 .debug_frame   0x00000000000029ec       0x20 /usr/local/Cellar/arm-none-eabi-gcc/7-2018-q2-update/gcc/bin/../lib/gcc/arm-none-eabi/7.3.1/../../../../arm-none-eabi/lib/thumb/v7e-m/fpv4-sp/hard/libnosys.a(lseek.o)
 .debug_frame   0x0000000000002a0c       0x20 /usr/local/Cellar/arm-none-eabi-gcc/7-2018-q2-update/gcc/bin/../lib/gcc/arm-none-eabi/7.3.1/../../../../arm-none-eabi/lib/thumb/v7e-m/fpv4-sp/hard/libnosys.a(read.o)
 .debug_frame   0x0000000000002a2c       0x20 /usr/local/Cellar/arm-none-eabi-gcc/7-2018-q2-update/gcc/bin/../lib/gcc/arm-none-eabi/7.3.1/../../../../arm-none-eabi/lib/thumb/v7e-m/fpv4-sp/hard/libnosys.a(sbrk.o)
 .debug_frame   0x0000000000002a4c       0x20 /usr/local/Cellar/arm-none-eabi-gcc/7-2018-q2-update/gcc/bin/../lib/gcc/arm-none-eabi/7.3.1/../../../../arm-none-eabi/lib/thumb/v7e-m/fpv4-sp/hard/libnosys.a(write.o)
 .debug_frame   0x0000000000002a6c       0x20 /usr/local/Cellar/arm-none-eabi-gcc/7-2018-q2-update/gcc/bin/../lib/gcc/arm-none-eabi/7.3.1/../../../../arm-none-eabi/lib/thumb/v7e-m/fpv4-sp/hard/libnosys.a(_exit.o)

.stab           0x0000000000000000       0xcc
 .stab          0x0000000000000000       0x24 /usr/local/Cellar/arm-none-eabi-gcc/7-2018-q2-update/gcc/bin/../lib/gcc/arm-none-eabi/7.3.1/../../../../arm-none-eabi/lib/thumb/v7e-m/fpv4-sp/hard/libnosys.a(close.o)
 .stab          0x0000000000000024       0x18 /usr/local/Cellar/arm-none-eabi-gcc/7-2018-q2-update/gcc/bin/../lib/gcc/arm-none-eabi/7.3.1/../../../../arm-none-eabi/lib/thumb/v7e-m/fpv4-sp/hard/libnosys.a(fstat.o)
                                         0x24 (size before relaxing)
 .stab          0x000000000000003c       0x18 /usr/local/Cellar/arm-none-eabi-gcc/7-2018-q2-update/gcc/bin/../lib/gcc/arm-none-eabi/7.3.1/../../../../arm-none-eabi/lib/thumb/v7e-m/fpv4-sp/hard/libnosys.a(getpid.o)
                                         0x24 (size before relaxing)
 .stab          0x0000000000000054       0x18 /usr/local/Cellar/arm-none-eabi-gcc/7-2018-q2-update/gcc/bin/../lib/gcc/arm-none-eabi/7.3.1/../../../../arm-none-eabi/lib/thumb/v7e-m/fpv4-sp/hard/libnosys.a(isatty.o)
                                         0x24 (size before relaxing)
 .stab          0x000000000000006c       0x18 /usr/local/Cellar/arm-none-eabi-gcc/7-2018-q2-update/gcc/bin/../lib/gcc/arm-none-eabi/7.3.1/../../../../arm-none-eabi/lib/thumb/v7e-m/fpv4-sp/hard/libnosys.a(kill.o)
                                         0x24 (size before relaxing)
 .stab          0x0000000000000084       0x18 /usr/local/Cellar/arm-none-eabi-gcc/7-2018-q2-update/gcc/bin/../lib/gcc/arm-none-eabi/7.3.1/../../../../arm-none-eabi/lib/thumb/v7e-m/fpv4-sp/hard/libnosys.a(lseek.o)
                                         0x24 (size before relaxing)
 .stab          0x000000000000009c       0x18 /usr/local/Cellar/arm-none-eabi-gcc/7-2018-q2-update/gcc/bin/../lib/gcc/arm-none-eabi/7.3.1/../../../../arm-none-eabi/lib/thumb/v7e-m/fpv4-sp/hard/libnosys.a(read.o)
                                         0x24 (size before relaxing)
 .stab          0x00000000000000b4       0x18 /usr/local/Cellar/arm-none-eabi-gcc/7-2018-q2-update/gcc/bin/../lib/gcc/arm-none-eabi/7.3.1/../../../../arm-none-eabi/lib/thumb/v7e-m/fpv4-sp/hard/libnosys.a(write.o)
                                         0x24 (size before relaxing)

.stabstr        0x0000000000000000      0x1b9
 .stabstr       0x0000000000000000      0x1b9 /usr/local/Cellar/arm-none-eabi-gcc/7-2018-q2-update/gcc/bin/../lib/gcc/arm-none-eabi/7.3.1/../../../../arm-none-eabi/lib/thumb/v7e-m/fpv4-sp/hard/libnosys.a(close.o)

Cross Reference Table

Symbol                                            File
ADC1_2_IRQHandler                                 build/startup_stm32f303xc.o
ADC3_IRQHandler                                   build/startup_stm32f303xc.o
ADC4_IRQHandler                                   build/startup_stm32f303xc.o
AHBPrescTable                                     build/system_stm32f3xx.o
                                                  build/stm32f3xx_hal_rcc.o
APBPrescTable                                     build/system_stm32f3xx.o
                                                  build/stm32f3xx_hal_rcc.o
BusFault_Handler                                  build/stm32f3xx_it.o
CAN_RX1_IRQHandler                                build/startup_stm32f303xc.o
CAN_SCE_IRQHandler                                build/startup_stm32f303xc.o
COMP1_2_3_IRQHandler                              build/startup_stm32f303xc.o
COMP4_5_6_IRQHandler                              build/startup_stm32f303xc.o
COMP7_IRQHandler                                  build/startup_stm32f303xc.o
DMA1_Channel1_IRQHandler                          build/startup_stm32f303xc.o
DMA1_Channel2_IRQHandler                          build/startup_stm32f303xc.o
DMA1_Channel3_IRQHandler                          build/startup_stm32f303xc.o
DMA1_Channel4_IRQHandler                          build/startup_stm32f303xc.o
DMA1_Channel5_IRQHandler                          build/startup_stm32f303xc.o
DMA1_Channel6_IRQHandler                          build/startup_stm32f303xc.o
DMA1_Channel7_IRQHandler                          build/startup_stm32f303xc.o
DMA2_Channel1_IRQHandler                          build/startup_stm32f303xc.o
DMA2_Channel2_IRQHandler                          build/startup_stm32f303xc.o
DMA2_Channel3_IRQHandler                          build/startup_stm32f303xc.o
DMA2_Channel4_IRQHandler                          build/startup_stm32f303xc.o
DMA2_Channel5_IRQHandler                          build/startup_stm32f303xc.o
DebugMon_Handler                                  build/stm32f3xx_it.o
Default_Handler                                   build/startup_stm32f303xc.o