Archive member included to satisfy reference by file (symbol)

/usr/local/gcc_arm/gcc-arm-none-eabi-7-2017-q4-major/bin/../lib/gcc/arm-none-eabi/7.2.1/../../../../arm-none-eabi/lib/thumb/v7e-m/fpv4-sp/hard/libc_nano.a(lib_a-assert.o)
                              build/oi_uavcan.o (__assert_func)
/usr/local/gcc_arm/gcc-arm-none-eabi-7-2017-q4-major/bin/../lib/gcc/arm-none-eabi/7.2.1/../../../../arm-none-eabi/lib/thumb/v7e-m/fpv4-sp/hard/libc_nano.a(lib_a-exit.o)
                              /usr/local/gcc_arm/gcc-arm-none-eabi-7-2017-q4-major/bin/../lib/gcc/arm-none-eabi/7.2.1/../../../../arm-none-eabi/lib/thumb/v7e-m/fpv4-sp/hard/crt0.o (exit)
/usr/local/gcc_arm/gcc-arm-none-eabi-7-2017-q4-major/bin/../lib/gcc/arm-none-eabi/7.2.1/../../../../arm-none-eabi/lib/thumb/v7e-m/fpv4-sp/hard/libc_nano.a(lib_a-fprintf.o)
                              /usr/local/gcc_arm/gcc-arm-none-eabi-7-2017-q4-major/bin/../lib/gcc/arm-none-eabi/7.2.1/../../../../arm-none-eabi/lib/thumb/v7e-m/fpv4-sp/hard/libc_nano.a(lib_a-assert.o) (fiprintf)
/usr/local/gcc_arm/gcc-arm-none-eabi-7-2017-q4-major/bin/../lib/gcc/arm-none-eabi/7.2.1/../../../../arm-none-eabi/lib/thumb/v7e-m/fpv4-sp/hard/libc_nano.a(lib_a-impure.o)
                              /usr/local/gcc_arm/gcc-arm-none-eabi-7-2017-q4-major/bin/../lib/gcc/arm-none-eabi/7.2.1/../../../../arm-none-eabi/lib/thumb/v7e-m/fpv4-sp/hard/libc_nano.a(lib_a-exit.o) (_global_impure_ptr)
/usr/local/gcc_arm/gcc-arm-none-eabi-7-2017-q4-major/bin/../lib/gcc/arm-none-eabi/7.2.1/../../../../arm-none-eabi/lib/thumb/v7e-m/fpv4-sp/hard/libc_nano.a(lib_a-init.o)
                              /usr/local/gcc_arm/gcc-arm-none-eabi-7-2017-q4-major/bin/../lib/gcc/arm-none-eabi/7.2.1/../../../../arm-none-eabi/lib/thumb/v7e-m/fpv4-sp/hard/crt0.o (__libc_init_array)
/usr/local/gcc_arm/gcc-arm-none-eabi-7-2017-q4-major/bin/../lib/gcc/arm-none-eabi/7.2.1/../../../../arm-none-eabi/lib/thumb/v7e-m/fpv4-sp/hard/libc_nano.a(lib_a-memcpy-stub.o)
                              build/oi_uavcan.o (memcpy)
/usr/local/gcc_arm/gcc-arm-none-eabi-7-2017-q4-major/bin/../lib/gcc/arm-none-eabi/7.2.1/../../../../arm-none-eabi/lib/thumb/v7e-m/fpv4-sp/hard/libc_nano.a(lib_a-memset.o)
                              /usr/local/gcc_arm/gcc-arm-none-eabi-7-2017-q4-major/bin/../lib/gcc/arm-none-eabi/7.2.1/../../../../arm-none-eabi/lib/thumb/v7e-m/fpv4-sp/hard/crt0.o (memset)
/usr/local/gcc_arm/gcc-arm-none-eabi-7-2017-q4-major/bin/../lib/gcc/arm-none-eabi/7.2.1/../../../../arm-none-eabi/lib/thumb/v7e-m/fpv4-sp/hard/libc_nano.a(lib_a-nano-vfprintf.o)
                              /usr/local/gcc_arm/gcc-arm-none-eabi-7-2017-q4-major/bin/../lib/gcc/arm-none-eabi/7.2.1/../../../../arm-none-eabi/lib/thumb/v7e-m/fpv4-sp/hard/libc_nano.a(lib_a-fprintf.o) (_vfprintf_r)
/usr/local/gcc_arm/gcc-arm-none-eabi-7-2017-q4-major/bin/../lib/gcc/arm-none-eabi/7.2.1/../../../../arm-none-eabi/lib/thumb/v7e-m/fpv4-sp/hard/libc_nano.a(lib_a-nano-vfprintf_i.o)
                              /usr/local/gcc_arm/gcc-arm-none-eabi-7-2017-q4-major/bin/../lib/gcc/arm-none-eabi/7.2.1/../../../../arm-none-eabi/lib/thumb/v7e-m/fpv4-sp/hard/libc_nano.a(lib_a-nano-vfprintf.o) (_printf_i)
/usr/local/gcc_arm/gcc-arm-none-eabi-7-2017-q4-major/bin/../lib/gcc/arm-none-eabi/7.2.1/../../../../arm-none-eabi/lib/thumb/v7e-m/fpv4-sp/hard/libc_nano.a(lib_a-strlen.o)
                              build/oi_uavcan.o (strlen)
/usr/local/gcc_arm/gcc-arm-none-eabi-7-2017-q4-major/bin/../lib/gcc/arm-none-eabi/7.2.1/../../../../arm-none-eabi/lib/thumb/v7e-m/fpv4-sp/hard/libc_nano.a(lib_a-strncmp.o)
                              build/oi_uavcan.o (strncmp)
/usr/local/gcc_arm/gcc-arm-none-eabi-7-2017-q4-major/bin/../lib/gcc/arm-none-eabi/7.2.1/../../../../arm-none-eabi/lib/thumb/v7e-m/fpv4-sp/hard/libc_nano.a(lib_a-wbuf.o)
                              /usr/local/gcc_arm/gcc-arm-none-eabi-7-2017-q4-major/bin/../lib/gcc/arm-none-eabi/7.2.1/../../../../arm-none-eabi/lib/thumb/v7e-m/fpv4-sp/hard/libc_nano.a(lib_a-nano-vfprintf.o) (__swbuf_r)
/usr/local/gcc_arm/gcc-arm-none-eabi-7-2017-q4-major/bin/../lib/gcc/arm-none-eabi/7.2.1/../../../../arm-none-eabi/lib/thumb/v7e-m/fpv4-sp/hard/libc_nano.a(lib_a-wsetup.o)
                              /usr/local/gcc_arm/gcc-arm-none-eabi-7-2017-q4-major/bin/../lib/gcc/arm-none-eabi/7.2.1/../../../../arm-none-eabi/lib/thumb/v7e-m/fpv4-sp/hard/libc_nano.a(lib_a-nano-vfprintf.o) (__swsetup_r)
/usr/local/gcc_arm/gcc-arm-none-eabi-7-2017-q4-major/bin/../lib/gcc/arm-none-eabi/7.2.1/../../../../arm-none-eabi/lib/thumb/v7e-m/fpv4-sp/hard/libc_nano.a(lib_a-abort.o)
                              /usr/local/gcc_arm/gcc-arm-none-eabi-7-2017-q4-major/bin/../lib/gcc/arm-none-eabi/7.2.1/../../../../arm-none-eabi/lib/thumb/v7e-m/fpv4-sp/hard/libc_nano.a(lib_a-assert.o) (abort)
/usr/local/gcc_arm/gcc-arm-none-eabi-7-2017-q4-major/bin/../lib/gcc/arm-none-eabi/7.2.1/../../../../arm-none-eabi/lib/thumb/v7e-m/fpv4-sp/hard/libc_nano.a(lib_a-fflush.o)
[...]
Memory Configuration

Name             Origin             Length             Attributes
RAM              0x0000000020000000 0x000000000000a000 xrw
CCMRAM           0x0000000010000000 0x0000000000002000 rw
FLASH            0x0000000008000000 0x0000000000040000 xr
*default*        0x0000000000000000 0xffffffffffffffff

Linker script and memory map

LOAD /usr/local/gcc_arm/gcc-arm-none-eabi-7-2017-q4-major/bin/../lib/gcc/arm-none-eabi/7.2.1/thumb/v7e-m/fpv4-sp/hard/crti.o
LOAD /usr/local/gcc_arm/gcc-arm-none-eabi-7-2017-q4-major/bin/../lib/gcc/arm-none-eabi/7.2.1/thumb/v7e-m/fpv4-sp/hard/crtbegin.o
LOAD /usr/local/gcc_arm/gcc-arm-none-eabi-7-2017-q4-major/bin/../lib/gcc/arm-none-eabi/7.2.1/../../../../arm-none-eabi/lib/thumb/v7e-m/fpv4-sp/hard/crt0.o
LOAD build/main.o
LOAD build/gpio.o
LOAD build/adc.o
LOAD build/can.o
LOAD build/oi_uavcan.o
LOAD build/oi_driver.o
LOAD build/freertos.o
LOAD build/usart.o
LOAD build/stm32f3xx_it.o
LOAD build/stm32f3xx_hal_msp.o
LOAD build/stm32f3xx_hal_timebase_tim.o
LOAD build/stm32f3xx_hal_adc.o
LOAD build/stm32f3xx_hal_adc_ex.o
LOAD build/stm32f3xx_hal_can.o
LOAD build/stm32f3xx_hal_tim.o
LOAD build/stm32f3xx_hal_tim_ex.o
LOAD build/stm32f3xx_hal_uart.o
LOAD build/stm32f3xx_hal_uart_ex.o
LOAD build/stm32f3xx_hal.o
LOAD build/stm32f3xx_hal_rcc.o
LOAD build/stm32f3xx_hal_rcc_ex.o
LOAD build/stm32f3xx_hal_gpio.o
LOAD build/stm32f3xx_hal_dma.o
LOAD build/stm32f3xx_hal_cortex.o
LOAD build/stm32f3xx_hal_pwr.o
LOAD build/stm32f3xx_hal_pwr_ex.o
LOAD build/stm32f3xx_hal_flash.o
LOAD build/stm32f3xx_hal_flash_ex.o
LOAD build/stm32f3xx_hal_i2c.o
LOAD build/stm32f3xx_hal_i2c_ex.o
LOAD build/system_stm32f3xx.o
LOAD build/croutine.o
LOAD build/event_groups.o
LOAD build/list.o
LOAD build/queue.o
LOAD build/tasks.o
LOAD build/timers.o
LOAD build/cmsis_os.o
LOAD build/heap_4.o
LOAD build/port.o
LOAD build/canard.o
LOAD build/canard_stm32.o
LOAD build/startup_stm32f303xc.o
LOAD /usr/local/gcc_arm/gcc-arm-none-eabi-7-2017-q4-major/bin/../lib/gcc/arm-none-eabi/7.2.1/../../../../arm-none-eabi/lib/thumb/v7e-m/fpv4-sp/hard/libc_nano.a
LOAD /usr/local/gcc_arm/gcc-arm-none-eabi-7-2017-q4-major/bin/../lib/gcc/arm-none-eabi/7.2.1/../../../../arm-none-eabi/lib/thumb/v7e-m/fpv4-sp/hard/libm.a
LOAD /usr/local/gcc_arm/gcc-arm-none-eabi-7-2017-q4-major/bin/../lib/gcc/arm-none-eabi/7.2.1/../../../../arm-none-eabi/lib/thumb/v7e-m/fpv4-sp/hard/libnosys.a
START GROUP
LOAD /usr/local/gcc_arm/gcc-arm-none-eabi-7-2017-q4-major/bin/../lib/gcc/arm-none-eabi/7.2.1/thumb/v7e-m/fpv4-sp/hard/libgcc.a
LOAD /usr/local/gcc_arm/gcc-arm-none-eabi-7-2017-q4-major/bin/../lib/gcc/arm-none-eabi/7.2.1/../../../../arm-none-eabi/lib/thumb/v7e-m/fpv4-sp/hard/libc_nano.a
END GROUP
START GROUP
LOAD /usr/local/gcc_arm/gcc-arm-none-eabi-7-2017-q4-major/bin/../lib/gcc/arm-none-eabi/7.2.1/thumb/v7e-m/fpv4-sp/hard/libgcc.a
LOAD /usr/local/gcc_arm/gcc-arm-none-eabi-7-2017-q4-major/bin/../lib/gcc/arm-none-eabi/7.2.1/../../../../arm-none-eabi/lib/thumb/v7e-m/fpv4-sp/hard/libc_nano.a
END GROUP
LOAD /usr/local/gcc_arm/gcc-arm-none-eabi-7-2017-q4-major/bin/../lib/gcc/arm-none-eabi/7.2.1/thumb/v7e-m/fpv4-sp/hard/crtend.o
LOAD /usr/local/gcc_arm/gcc-arm-none-eabi-7-2017-q4-major/bin/../lib/gcc/arm-none-eabi/7.2.1/thumb/v7e-m/fpv4-sp/hard/crtn.o
                0x000000002000a000                _estack = 0x2000a000
                0x0000000000000200                _Min_Heap_Size = 0x200
                0x0000000000000400                _Min_Stack_Size = 0x400

.isr_vector     0x0000000008000000      0x188
                0x0000000008000000                . = ALIGN (0x4)
 *(.isr_vector)
 .isr_vector    0x0000000008000000      0x188 build/startup_stm32f303xc.o
                0x0000000008000000                g_pfnVectors
                0x0000000008000188                . = ALIGN (0x4)

.text           0x0000000008000190     0x6248
                0x0000000008000190                . = ALIGN (0x4)
 *(.text)
 .text          0x0000000008000190       0x40 /usr/local/gcc_arm/gcc-arm-none-eabi-7-2017-q4-major/bin/../lib/gcc/arm-none-eabi/7.2.1/thumb/v7e-m/fpv4-sp/hard/crtbegin.o
 .text          0x00000000080001d0       0x10 /usr/local/gcc_arm/gcc-arm-none-eabi-7-2017-q4-major/bin/../lib/gcc/arm-none-eabi/7.2.1/../../../../arm-none-eabi/lib/thumb/v7e-m/fpv4-sp/hard/libc_nano.a(lib_a-strlen.o)
                0x00000000080001d0                strlen
 .text          0x00000000080001e0       0xa0 /usr/local/gcc_arm/gcc-arm-none-eabi-7-2017-q4-major/bin/../lib/gcc/arm-none-eabi/7.2.1/../../../../arm-none-eabi/lib/thumb/v7e-m/fpv4-sp/hard/libc_nano.a(lib_a-memchr.o)
                0x00000000080001e0                memchr
 *(.text*)
 .text.vApplicationStackOverflowHook
                0x0000000008000280       0x1a build/main.o
                0x0000000008000280                vApplicationStackOverflowHook
 .text.SystemClock_Config
                0x000000000800029a       0x6e build/main.o
                0x000000000800029a                SystemClock_Config
 .text.main     0x0000000008000308       0x28 build/main.o
                0x0000000008000308                main
 .text.HAL_TIM_PeriodElapsedCallback
                0x0000000008000330       0x18 build/main.o
                0x0000000008000330                HAL_TIM_PeriodElapsedCallback
 .text.Error_Handler
                0x0000000008000348        0x2 build/main.o
                0x0000000008000348                Error_Handler
 *fill*         0x000000000800034a        0x2 
 .text.MX_GPIO_Init
                0x000000000800034c       0xe4 build/gpio.o
                0x000000000800034c                MX_GPIO_Init
 .text.MX_ADC1_Init
                0x0000000008000430       0x8c build/adc.o
                0x0000000008000430                MX_ADC1_Init
 .text.MX_ADC2_Init
                0x00000000080004bc       0x74 build/adc.o
                0x00000000080004bc                MX_ADC2_Init
 .text.HAL_ADC_MspInit
                0x0000000008000530       0xc4 build/adc.o
                0x0000000008000530                HAL_ADC_MspInit
 .text.MX_CAN_Init
                0x00000000080005f4       0x38 build/can.o
                0x00000000080005f4                MX_CAN_Init
 .text.HAL_CAN_MspInit
                0x000000000800062c       0x6c build/can.o
                0x000000000800062c                HAL_CAN_MspInit
 .text.readUniqueID
                0x0000000008000698       0x10 build/oi_uavcan.o
 .text.shouldAcceptTransfer
                0x00000000080006a8       0x48 build/oi_uavcan.o
 .text.makeNodeStatusMessage
                0x00000000080006f0       0x58 build/oi_uavcan.o
 .text.makeNodeInfoMessage
                0x0000000008000748       0x68 build/oi_uavcan.o
 .text.getNodeInfoHandleCanard
                0x00000000080007b0       0x4c build/oi_uavcan.o
 .text.encodeParamCanard
                0x00000000080007fc      0x142 build/oi_uavcan.o
 *fill*         0x000000000800093e        0x2 
 .text.oi_uavcan_getParamByIndex
                0x0000000008000940       0x18 build/oi_uavcan.o
                0x0000000008000940                oi_uavcan_getParamByIndex
 .text.oi_uavcan_getParamByName
                0x0000000008000958       0x40 build/oi_uavcan.o
                0x0000000008000958                oi_uavcan_getParamByName
 .text.getsetHandleCanard
                0x0000000008000998      0x114 build/oi_uavcan.o
 .text.onTransferReceived
                0x0000000008000aac       0x2e build/oi_uavcan.o
 *fill*         0x0000000008000ada        0x2 
 .text.oi_uavcan_init
                0x0000000008000adc      0x158 build/oi_uavcan.o
                0x0000000008000adc                oi_uavcan_init
 *fill*         0x0000000008000c34        0x4 
 .text.oi_uavcan_spinCanard
                0x0000000008000c38       0x60 build/oi_uavcan.o
                0x0000000008000c38                oi_uavcan_spinCanard
 .text.oi_uavcan_sendCanard
                0x0000000008000c98       0x28 build/oi_uavcan.o
                0x0000000008000c98                oi_uavcan_sendCanard
 .text.oi_uavcan_receiveCanard
                0x0000000008000cc0       0x34 build/oi_uavcan.o
                0x0000000008000cc0                oi_uavcan_receiveCanard
 *fill*         0x0000000008000cf4        0x4 
 .text.oi_uavcan_publish_keyVal
                0x0000000008000cf8       0x68 build/oi_uavcan.o
                0x0000000008000cf8                oi_uavcan_publish_keyVal
 .text.oi_driver_set
                0x0000000008000d60       0x1e build/oi_driver.o
                0x0000000008000d60                oi_driver_set
 *fill*         0x0000000008000d7e        0x2 
 .text.StartDefaultTask
                0x0000000008000d80       0xdc build/freertos.o
                0x0000000008000d80                StartDefaultTask
 .text.StartUAVCANTask
                0x0000000008000e5c       0x1e build/freertos.o
                0x0000000008000e5c                StartUAVCANTask
 *fill*         0x0000000008000e7a        0x2 
 .text.MX_FREERTOS_Init
                0x0000000008000e7c       0x40 build/freertos.o
                0x0000000008000e7c                MX_FREERTOS_Init
 .text.MX_USART3_UART_Init
                0x0000000008000ebc       0x38 build/usart.o
                0x0000000008000ebc                MX_USART3_UART_Init
 .text.HAL_UART_MspInit
                0x0000000008000ef4       0x6c build/usart.o
                0x0000000008000ef4                HAL_UART_MspInit
 .text.NMI_Handler
                0x0000000008000f60        0x2 build/stm32f3xx_it.o
                0x0000000008000f60                NMI_Handler
 .text.HardFault_Handler
                0x0000000008000f62        0x2 build/stm32f3xx_it.o
                0x0000000008000f62                HardFault_Handler
 .text.MemManage_Handler
                0x0000000008000f64        0x2 build/stm32f3xx_it.o
                0x0000000008000f64                MemManage_Handler
 .text.BusFault_Handler
                0x0000000008000f66        0x2 build/stm32f3xx_it.o
                0x0000000008000f66                BusFault_Handler
 .text.UsageFault_Handler
                0x0000000008000f68        0x2 build/stm32f3xx_it.o
                0x0000000008000f68                UsageFault_Handler
 .text.DebugMon_Handler
                0x0000000008000f6a        0x2 build/stm32f3xx_it.o
                0x0000000008000f6a                DebugMon_Handler
 .text.TIM1_UP_TIM16_IRQHandler
                0x0000000008000f6c       0x10 build/stm32f3xx_it.o
                0x0000000008000f6c                TIM1_UP_TIM16_IRQHandler
 .text.HAL_MspInit
                0x0000000008000f7c       0x40 build/stm32f3xx_hal_msp.o
                0x0000000008000f7c                HAL_MspInit
 .text.HAL_InitTick
                0x0000000008000fbc       0x78 build/stm32f3xx_hal_timebase_tim.o
                0x0000000008000fbc                HAL_InitTick
 .text.ADC_Disable
                0x0000000008001034       0x7e build/stm32f3xx_hal_adc_ex.o
 *fill*         0x00000000080010b2        0x2 
 .text.HAL_ADC_Init
                0x00000000080010b4      0x290 build/stm32f3xx_hal_adc_ex.o
                0x00000000080010b4                HAL_ADC_Init
 .text.HAL_ADC_ConfigChannel
                0x0000000008001344      0x3ac build/stm32f3xx_hal_adc_ex.o
                0x0000000008001344                HAL_ADC_ConfigChannel
 .text.HAL_ADCEx_MultiModeConfigChannel
                0x00000000080016f0      0x154 build/stm32f3xx_hal_adc_ex.o
                0x00000000080016f0                HAL_ADCEx_MultiModeConfigChannel
 .text.HAL_CAN_Init
                0x0000000008001844      0x14c build/stm32f3xx_hal_can.o
                0x0000000008001844                HAL_CAN_Init
 .text.HAL_TIM_Base_MspInit
                0x0000000008001990        0x2 build/stm32f3xx_hal_tim.o
                0x0000000008001990                HAL_TIM_Base_MspInit
 .text.HAL_TIM_Base_Start_IT
                0x0000000008001992       0x18 build/stm32f3xx_hal_tim.o
                0x0000000008001992                HAL_TIM_Base_Start_IT
 .text.HAL_TIM_OC_DelayElapsedCallback
                0x00000000080019aa        0x2 build/stm32f3xx_hal_tim.o
                0x00000000080019aa                HAL_TIM_OC_DelayElapsedCallback
 .text.HAL_TIM_IC_CaptureCallback
                0x00000000080019ac        0x2 build/stm32f3xx_hal_tim.o
                0x00000000080019ac                HAL_TIM_IC_CaptureCallback
 .text.HAL_TIM_PWM_PulseFinishedCallback
                0x00000000080019ae        0x2 build/stm32f3xx_hal_tim.o
                0x00000000080019ae                HAL_TIM_PWM_PulseFinishedCallback
 .text.HAL_TIM_TriggerCallback
                0x00000000080019b0        0x2 build/stm32f3xx_hal_tim.o
                0x00000000080019b0                HAL_TIM_TriggerCallback
 .text.HAL_TIM_IRQHandler
                0x00000000080019b2      0x19a build/stm32f3xx_hal_tim.o
                0x00000000080019b2                HAL_TIM_IRQHandler
 .text.TIM_Base_SetConfig
                0x0000000008001b4c       0xb8 build/stm32f3xx_hal_tim.o
                0x0000000008001b4c                TIM_Base_SetConfig
 .text.HAL_TIM_Base_Init
                0x0000000008001c04       0x32 build/stm32f3xx_hal_tim.o
                0x0000000008001c04                HAL_TIM_Base_Init
 .text.HAL_TIMEx_CommutationCallback
                0x0000000008001c36        0x2 build/stm32f3xx_hal_tim_ex.o
                0x0000000008001c36                HAL_TIMEx_CommutationCallback
 .text.HAL_TIMEx_BreakCallback
                0x0000000008001c38        0x2 build/stm32f3xx_hal_tim_ex.o
                0x0000000008001c38                HAL_TIMEx_BreakCallback
 .text.HAL_TIMEx_Break2Callback
                0x0000000008001c3a        0x2 build/stm32f3xx_hal_tim_ex.o
                0x0000000008001c3a                HAL_TIMEx_Break2Callback
 .text.UART_SetConfig
                0x0000000008001c3c      0x2a0 build/stm32f3xx_hal_uart.o
                0x0000000008001c3c                UART_SetConfig
 .text.UART_AdvFeatureConfig
                0x0000000008001edc       0xca build/stm32f3xx_hal_uart.o
                0x0000000008001edc                UART_AdvFeatureConfig
 .text.UART_WaitOnFlagUntilTimeout
                0x0000000008001fa6       0x62 build/stm32f3xx_hal_uart.o
                0x0000000008001fa6                UART_WaitOnFlagUntilTimeout
 .text.UART_CheckIdleState
                0x0000000008002008       0x70 build/stm32f3xx_hal_uart.o
                0x0000000008002008                UART_CheckIdleState
 .text.HAL_UART_Init
                0x0000000008002078       0x66 build/stm32f3xx_hal_uart.o
                0x0000000008002078                HAL_UART_Init
 *fill*         0x00000000080020de        0x2 
 .text.HAL_Init
                0x00000000080020e0       0x24 build/stm32f3xx_hal.o
                0x00000000080020e0                HAL_Init
 .text.HAL_IncTick
                0x0000000008002104       0x18 build/stm32f3xx_hal.o
                0x0000000008002104                HAL_IncTick
 .text.HAL_GetTick
                0x000000000800211c        0xc build/stm32f3xx_hal.o
                0x000000000800211c                HAL_GetTick
 .text.HAL_RCC_OscConfig
                0x0000000008002128      0x618 build/stm32f3xx_hal_rcc.o
                0x0000000008002128                HAL_RCC_OscConfig
 .text.HAL_RCC_GetSysClockFreq
                0x0000000008002740       0x7c build/stm32f3xx_hal_rcc.o
                0x0000000008002740                HAL_RCC_GetSysClockFreq
 .text.HAL_RCC_ClockConfig
                0x00000000080027bc      0x1a0 build/stm32f3xx_hal_rcc.o
                0x00000000080027bc                HAL_RCC_ClockConfig
 .text.HAL_RCC_GetHCLKFreq
                0x000000000800295c        0xc build/stm32f3xx_hal_rcc.o
                0x000000000800295c                HAL_RCC_GetHCLKFreq
 .text.HAL_RCC_GetPCLK1Freq
                0x0000000008002968       0x2c build/stm32f3xx_hal_rcc.o
                0x0000000008002968                HAL_RCC_GetPCLK1Freq
 .text.HAL_RCC_GetPCLK2Freq
                0x0000000008002994       0x2c build/stm32f3xx_hal_rcc.o
                0x0000000008002994                HAL_RCC_GetPCLK2Freq
 .text.HAL_RCC_GetClockConfig
                0x00000000080029c0       0x3c build/stm32f3xx_hal_rcc.o
                0x00000000080029c0                HAL_RCC_GetClockConfig
 .text.HAL_RCCEx_PeriphCLKConfig
                0x00000000080029fc      0x268 build/stm32f3xx_hal_rcc_ex.o
                0x00000000080029fc                HAL_RCCEx_PeriphCLKConfig
 .text.HAL_GPIO_Init
                0x0000000008002c64      0x194 build/stm32f3xx_hal_gpio.o
                0x0000000008002c64                HAL_GPIO_Init
 .text.HAL_GPIO_WritePin
                0x0000000008002df8        0xa build/stm32f3xx_hal_gpio.o
                0x0000000008002df8                HAL_GPIO_WritePin
 .text.HAL_GPIO_TogglePin
                0x0000000008002e02        0x8 build/stm32f3xx_hal_gpio.o
                0x0000000008002e02                HAL_GPIO_TogglePin
 *fill*         0x0000000008002e0a        0x2 
 .text.HAL_NVIC_SetPriorityGrouping
                0x0000000008002e0c       0x24 build/stm32f3xx_hal_cortex.o
                0x0000000008002e0c                HAL_NVIC_SetPriorityGrouping
 .text.HAL_NVIC_SetPriority
                0x0000000008002e30       0x68 build/stm32f3xx_hal_cortex.o
                0x0000000008002e30                HAL_NVIC_SetPriority
 .text.HAL_NVIC_EnableIRQ
                0x0000000008002e98       0x18 build/stm32f3xx_hal_cortex.o
                0x0000000008002e98                HAL_NVIC_EnableIRQ
 .text.SystemInit
                0x0000000008002eb0       0x68 build/system_stm32f3xx.o
                0x0000000008002eb0                SystemInit
 .text.vListInitialise
                0x0000000008002f18       0x16 build/list.o
                0x0000000008002f18                vListInitialise
 .text.vListInitialiseItem
                0x0000000008002f2e        0x6 build/list.o
                0x0000000008002f2e                vListInitialiseItem
 .text.vListInsertEnd
                0x0000000008002f34       0x18 build/list.o
                0x0000000008002f34                vListInsertEnd
 .text.vListInsert
                0x0000000008002f4c       0x34 build/list.o
                0x0000000008002f4c                vListInsert
 .text.uxListRemove
                0x0000000008002f80       0x26 build/list.o
                0x0000000008002f80                uxListRemove
 .text.prvTaskCheckFreeStackSpace
                0x0000000008002fa6       0x14 build/tasks.o
 *fill*         0x0000000008002fba        0x2 
 .text.prvResetNextTaskUnblockTime
                0x0000000008002fbc       0x2c build/tasks.o
 .text.prvDeleteTCB
                0x0000000008002fe8       0x12 build/tasks.o
 .text.prvInitialiseNewTask
                0x0000000008002ffa       0x90 build/tasks.o
 *fill*         0x000000000800308a        0x2 
 .text.prvInitialiseTaskLists
                0x000000000800308c       0x68 build/tasks.o
 .text.prvAddNewTaskToReadyList
                0x00000000080030f4       0xa8 build/tasks.o
 .text.prvAddCurrentTaskToDelayedList
                0x000000000800319c       0x98 build/tasks.o
 .text.xTaskCreate
                0x0000000008003234       0x62 build/tasks.o
                0x0000000008003234                xTaskCreate
 *fill*         0x0000000008003296        0x2 
 .text.vTaskStartScheduler
                0x0000000008003298       0x7c build/tasks.o
                0x0000000008003298                vTaskStartScheduler
 .text.vTaskSuspendAll
                0x0000000008003314       0x10 build/tasks.o
                0x0000000008003314                vTaskSuspendAll
 .text.xTaskGetTickCount
                0x0000000008003324        0xc build/tasks.o
                0x0000000008003324                xTaskGetTickCount
 .text.xTaskGetTickCountFromISR
                0x0000000008003330       0x10 build/tasks.o
                0x0000000008003330                xTaskGetTickCountFromISR
 .text.xTaskIncrementTick
                0x0000000008003340      0x118 build/tasks.o
                0x0000000008003340                xTaskIncrementTick
 .text.xTaskResumeAll
                0x0000000008003458       0xf4 build/tasks.o
                0x0000000008003458                xTaskResumeAll
 .text.vTaskDelay
                0x000000000800354c       0x4c build/tasks.o
                0x000000000800354c                vTaskDelay
 .text.prvCheckTasksWaitingTermination
                0x0000000008003598       0x5c build/tasks.o
 .text.prvIdleTask
                0x00000000080035f4       0x28 build/tasks.o
 .text.vTaskSwitchContext
                0x000000000800361c       0xb0 build/tasks.o
                0x000000000800361c                vTaskSwitchContext
 .text.uxTaskGetStackHighWaterMark
                0x00000000080036cc       0x18 build/tasks.o
                0x00000000080036cc                uxTaskGetStackHighWaterMark
 .text.makeFreeRtosPriority
                0x00000000080036e4        0xc build/cmsis_os.o
 .text.inHandlerMode
                0x00000000080036f0        0xc build/cmsis_os.o
 .text.osKernelStart
                0x00000000080036fc        0xa build/cmsis_os.o
                0x00000000080036fc                osKernelStart
 .text.osKernelSysTick
                0x0000000008003706       0x14 build/cmsis_os.o
                0x0000000008003706                osKernelSysTick
 .text.osThreadCreate
                0x000000000800371a       0x34 build/cmsis_os.o
                0x000000000800371a                osThreadCreate
 .text.osDelay  0x000000000800374e       0x12 build/cmsis_os.o
                0x000000000800374e                osDelay
 .text.prvHeapInit
                0x0000000008003760       0x68 build/heap_4.o
 .text.prvInsertBlockIntoFreeList
                0x00000000080037c8       0x58 build/heap_4.o
 .text.pvPortMalloc
                0x0000000008003820      0x108 build/heap_4.o
                0x0000000008003820                pvPortMalloc
 .text.vPortFree
                0x0000000008003928       0x70 build/heap_4.o
                0x0000000008003928                vPortFree
 .text.prvTaskExitError
                0x0000000008003998       0x34 build/port.o
 .text.prvPortStartFirstTask
                0x00000000080039cc       0x20 build/port.o
 .text.vPortEnableVFP
                0x00000000080039ec       0x14 build/port.o
 .text.pxPortInitialiseStack
                0x0000000008003a00       0x2c build/port.o
                0x0000000008003a00                pxPortInitialiseStack
 *fill*         0x0000000008003a2c        0x4 
 .text.SVC_Handler
                0x0000000008003a30       0x24 build/port.o
                0x0000000008003a30                SVC_Handler
 .text.vPortEnterCritical
                0x0000000008003a54       0x44 build/port.o
                0x0000000008003a54                vPortEnterCritical
 .text.vPortExitCritical
                0x0000000008003a98       0x2c build/port.o
                0x0000000008003a98                vPortExitCritical
 *fill*         0x0000000008003ac4        0xc 
 .text.PendSV_Handler
                0x0000000008003ad0       0x64 build/port.o
                0x0000000008003ad0                PendSV_Handler
 .text.SysTick_Handler
                0x0000000008003b34       0x2c build/port.o
                0x0000000008003b34                SysTick_Handler
 .text.vPortSetupTimerInterrupt
                0x0000000008003b60       0x2c build/port.o
                0x0000000008003b60                vPortSetupTimerInterrupt
 .text.xPortStartScheduler
                0x0000000008003b8c       0xec build/port.o
                0x0000000008003b8c                xPortStartScheduler
 .text.vPortValidateInterruptPriority
                0x0000000008003c78       0x5c build/port.o
                0x0000000008003c78                vPortValidateInterruptPriority
 .text.computeTransferIDForwardDistance
                0x0000000008003cd4       0x12 build/canard.o
 .text.isPriorityHigher
                0x0000000008003ce6       0x52 build/canard.o
 .text.extractTransferType
                0x0000000008003d38       0x18 build/canard.o
 .text.extractDataType
                0x0000000008003d50       0x22 build/canard.o
 .text.findRxState
                0x0000000008003d72        0xe build/canard.o
 .text.isBigEndian
                0x0000000008003d80        0x4 build/canard.o
 .text.crcAddByte
                0x0000000008003d84       0x2a build/canard.o
 .text.crcAddSignature
                0x0000000008003dae       0x32 build/canard.o
 .text.crcAdd   0x0000000008003de0       0x18 build/canard.o
 .text.initPoolAllocator
                0x0000000008003df8       0x24 build/canard.o
 .text.allocateBlock
                0x0000000008003e1c       0x20 build/canard.o
 .text.createBufferBlock
                0x0000000008003e3c       0x12 build/canard.o
 *fill*         0x0000000008003e4e        0x2 
 .text.bufferBlockPushBytes
                0x0000000008003e50      0x130 build/canard.o
 .text.pushTxQueue
                0x0000000008003f80       0x78 build/canard.o
 .text.incrementTransferID
                0x0000000008003ff8       0x30 build/canard.o
 .text.freeBlock
                0x0000000008004028       0x2c build/canard.o
 .text.releaseStatePayload
                0x0000000008004054       0x28 build/canard.o
 .text.prepareForNextTransfer
                0x000000000800407c       0x44 build/canard.o
 .text.copyBitArray
                0x00000000080040c0       0x94 build/canard.o
 .text.descatterTransferPayload
                0x0000000008004154      0x228 build/canard.o
 .text.swapByteOrder
                0x000000000800437c       0x38 build/canard.o
 .text.createTxItem
                0x00000000080043b4       0x1a build/canard.o
 *fill*         0x00000000080043ce        0x2 
 .text.enqueueTxFrames
                0x00000000080043d0      0x140 build/canard.o
 .text.createRxState
                0x0000000008004510       0x3a build/canard.o
 .text.prependRxState
                0x000000000800454a       0x18 build/canard.o
 .text.traverseRxStates
                0x0000000008004562       0x34 build/canard.o
 *fill*         0x0000000008004596        0x2 
 .text.canardInit
                0x0000000008004598       0x50 build/canard.o
                0x0000000008004598                canardInit
 .text.canardSetLocalNodeID
                0x00000000080045e8       0x3c build/canard.o
                0x00000000080045e8                canardSetLocalNodeID
 .text.canardGetLocalNodeID
                0x0000000008004624        0x4 build/canard.o
                0x0000000008004624                canardGetLocalNodeID
 .text.canardBroadcast
                0x0000000008004628       0xc6 build/canard.o
                0x0000000008004628                canardBroadcast
 .text.canardRequestOrRespond
                0x00000000080046ee       0x9c build/canard.o
                0x00000000080046ee                canardRequestOrRespond
 .text.canardPeekTxQueue
                0x000000000800478a        0xc build/canard.o
                0x000000000800478a                canardPeekTxQueue
 .text.canardPopTxQueue
                0x0000000008004796       0x10 build/canard.o
                0x0000000008004796                canardPopTxQueue
 *fill*         0x00000000080047a6        0x2 
 .text.canardDecodeScalar
                0x00000000080047a8      0x280 build/canard.o
                0x00000000080047a8                canardDecodeScalar
 .text.canardEncodeScalar
                0x0000000008004a28       0xe4 build/canard.o
                0x0000000008004a28                canardEncodeScalar
 .text.canardReleaseRxTransferPayload
                0x0000000008004b0c       0x26 build/canard.o
                0x0000000008004b0c                canardReleaseRxTransferPayload
 *fill*         0x0000000008004b32        0x2 
 .text.canardHandleRxFrame
                0x0000000008004b34      0x3f0 build/canard.o
                0x0000000008004b34                canardHandleRxFrame
 .text.isFramePriorityHigher
                0x0000000008004f24       0x52 build/canard_stm32.o
 .text.convertFrameIDCanardToRegister
                0x0000000008004f76       0x1a build/canard_stm32.o
 .text.convertFrameIDRegisterToCanard
                0x0000000008004f90       0x1e build/canard_stm32.o
 *fill*         0x0000000008004fae        0x2 
 .text.processErrorStatus
                0x0000000008004fb0       0x54 build/canard_stm32.o
 .text.waitMSRINAKBitStateChange
                0x0000000008005004       0x2e build/canard_stm32.o
 *fill*         0x0000000008005032        0x2 
 .text.canardSTM32Init
                0x0000000008005034      0x1c8 build/canard_stm32.o
                0x0000000008005034                canardSTM32Init
 .text.canardSTM32Transmit
                0x00000000080051fc      0x114 build/canard_stm32.o
                0x00000000080051fc                canardSTM32Transmit
 .text.canardSTM32Receive
                0x0000000008005310       0xa0 build/canard_stm32.o
                0x0000000008005310                canardSTM32Receive
 .text.Reset_Handler
                0x00000000080053b0       0x50 build/startup_stm32f303xc.o
                0x00000000080053b0                Reset_Handler
 .text.Default_Handler
                0x0000000008005400        0x2 build/startup_stm32f303xc.o
                0x0000000008005400                TIM1_BRK_TIM15_IRQHandler
                0x0000000008005400                TIM8_TRG_COM_IRQHandler
                0x0000000008005400                TIM8_CC_IRQHandler
                0x0000000008005400                TIM1_CC_IRQHandler
                0x0000000008005400                USB_HP_IRQHandler
                0x0000000008005400                PVD_IRQHandler
                0x0000000008005400                TAMP_STAMP_IRQHandler
                0x0000000008005400                EXTI3_IRQHandler
                0x0000000008005400                USB_HP_CAN_TX_IRQHandler
                0x0000000008005400                EXTI0_IRQHandler
                0x0000000008005400                I2C2_EV_IRQHandler
                0x0000000008005400                FPU_IRQHandler
                0x0000000008005400                ADC1_2_IRQHandler
                0x0000000008005400                SPI1_IRQHandler
                0x0000000008005400                CAN_SCE_IRQHandler
                0x0000000008005400                TIM6_DAC_IRQHandler
                0x0000000008005400                TIM8_UP_IRQHandler
                0x0000000008005400                DMA2_Channel2_IRQHandler
                0x0000000008005400                DMA1_Channel4_IRQHandler
                0x0000000008005400                USART3_IRQHandler
                0x0000000008005400                DMA1_Channel7_IRQHandler
                0x0000000008005400                UART5_IRQHandler
                0x0000000008005400                ADC3_IRQHandler
                0x0000000008005400                TIM4_IRQHandler
                0x0000000008005400                CAN_RX1_IRQHandler
                0x0000000008005400                DMA2_Channel1_IRQHandler
                0x0000000008005400                I2C1_EV_IRQHandler
                0x0000000008005400                DMA1_Channel6_IRQHandler
                0x0000000008005400                UART4_IRQHandler
                0x0000000008005400                DMA2_Channel4_IRQHandler
                0x0000000008005400                TIM3_IRQHandler
                0x0000000008005400                RCC_IRQHandler
                0x0000000008005400                DMA1_Channel1_IRQHandler
                0x0000000008005400                Default_Handler
                0x0000000008005400                USBWakeUp_RMP_IRQHandler
                0x0000000008005400                EXTI15_10_IRQHandler
                0x0000000008005400                TIM7_IRQHandler
                0x0000000008005400                EXTI9_5_IRQHandler
                0x0000000008005400                RTC_WKUP_IRQHandler
                0x0000000008005400                SPI2_IRQHandler
                0x0000000008005400                USB_LP_CAN_RX0_IRQHandler
                0x0000000008005400                DMA2_Channel5_IRQHandler
                0x0000000008005400                DMA1_Channel5_IRQHandler
                0x0000000008005400                USB_LP_IRQHandler
                0x0000000008005400                EXTI4_IRQHandler
                0x0000000008005400                TIM1_TRG_COM_TIM17_IRQHandler
                0x0000000008005400                DMA1_Channel3_IRQHandler
                0x0000000008005400                ADC4_IRQHandler
                0x0000000008005400                WWDG_IRQHandler
                0x0000000008005400                TIM2_IRQHandler
                0x0000000008005400                COMP7_IRQHandler
                0x0000000008005400                COMP1_2_3_IRQHandler
                0x0000000008005400                EXTI1_IRQHandler
                0x0000000008005400                USART2_IRQHandler
                0x0000000008005400                COMP4_5_6_IRQHandler
                0x0000000008005400                I2C2_ER_IRQHandler
                0x0000000008005400                DMA1_Channel2_IRQHandler
                0x0000000008005400                TIM8_BRK_IRQHandler
                0x0000000008005400                FLASH_IRQHandler
                0x0000000008005400                USART1_IRQHandler
                0x0000000008005400                SPI3_IRQHandler
                0x0000000008005400                I2C1_ER_IRQHandler
                0x0000000008005400                USBWakeUp_IRQHandler
                0x0000000008005400                DMA2_Channel3_IRQHandler
                0x0000000008005400                EXTI2_TSC_IRQHandler
                0x0000000008005400                RTC_Alarm_IRQHandler
 *fill*         0x0000000008005402        0x2 
 .text.__assert_func
                0x0000000008005404       0x3c /usr/local/gcc_arm/gcc-arm-none-eabi-7-2017-q4-major/bin/../lib/gcc/arm-none-eabi/7.2.1/../../../../arm-none-eabi/lib/thumb/v7e-m/fpv4-sp/hard/libc_nano.a(lib_a-assert.o)
                0x0000000008005404                __assert_func
 .text.fprintf  0x0000000008005440       0x24 /usr/local/gcc_arm/gcc-arm-none-eabi-7-2017-q4-major/bin/../lib/gcc/arm-none-eabi/7.2.1/../../../../arm-none-eabi/lib/thumb/v7e-m/fpv4-sp/hard/libc_nano.a(lib_a-fprintf.o)
                0x0000000008005440                fprintf
                0x0000000008005440                fiprintf
 .text.__libc_init_array
                0x0000000008005464       0x48 /usr/local/gcc_arm/gcc-arm-none-eabi-7-2017-q4-major/bin/../lib/gcc/arm-none-eabi/7.2.1/../../../../arm-none-eabi/lib/thumb/v7e-m/fpv4-sp/hard/libc_nano.a(lib_a-init.o)
                0x0000000008005464                __libc_init_array
 .text.memcpy   0x00000000080054ac       0x16 /usr/local/gcc_arm/gcc-arm-none-eabi-7-2017-q4-major/bin/../lib/gcc/arm-none-eabi/7.2.1/../../../../arm-none-eabi/lib/thumb/v7e-m/fpv4-sp/hard/libc_nano.a(lib_a-memcpy-stub.o)
                0x00000000080054ac                memcpy
 .text.memset   0x00000000080054c2       0x10 /usr/local/gcc_arm/gcc-arm-none-eabi-7-2017-q4-major/bin/../lib/gcc/arm-none-eabi/7.2.1/../../../../arm-none-eabi/lib/thumb/v7e-m/fpv4-sp/hard/libc_nano.a(lib_a-memset.o)
                0x00000000080054c2                memset
 .text.__sfputc_r
                0x00000000080054d2       0x2e /usr/local/gcc_arm/gcc-arm-none-eabi-7-2017-q4-major/bin/../lib/gcc/arm-none-eabi/7.2.1/../../../../arm-none-eabi/lib/thumb/v7e-m/fpv4-sp/hard/libc_nano.a(lib_a-nano-vfprintf.o)
 .text.__sfputs_r
                0x0000000008005500       0x24 /usr/local/gcc_arm/gcc-arm-none-eabi-7-2017-q4-major/bin/../lib/gcc/arm-none-eabi/7.2.1/../../../../arm-none-eabi/lib/thumb/v7e-m/fpv4-sp/hard/libc_nano.a(lib_a-nano-vfprintf.o)
                0x0000000008005500                __sfputs_r
 .text._vfprintf_r
                0x0000000008005524      0x228 /usr/local/gcc_arm/gcc-arm-none-eabi-7-2017-q4-major/bin/../lib/gcc/arm-none-eabi/7.2.1/../../../../arm-none-eabi/lib/thumb/v7e-m/fpv4-sp/hard/libc_nano.a(lib_a-nano-vfprintf.o)
                0x0000000008005524                _vfiprintf_r
                0x0000000008005524                _vfprintf_r
 .text._printf_common
                0x000000000800574c       0xea /usr/local/gcc_arm/gcc-arm-none-eabi-7-2017-q4-major/bin/../lib/gcc/arm-none-eabi/7.2.1/../../../../arm-none-eabi/lib/thumb/v7e-m/fpv4-sp/hard/libc_nano.a(lib_a-nano-vfprintf_i.o)
                0x000000000800574c                _printf_common
 *fill*         0x0000000008005836        0x2 
 .text._printf_i
                0x0000000008005838      0x224 /usr/local/gcc_arm/gcc-arm-none-eabi-7-2017-q4-major/bin/../lib/gcc/arm-none-eabi/7.2.1/../../../../arm-none-eabi/lib/thumb/v7e-m/fpv4-sp/hard/libc_nano.a(lib_a-nano-vfprintf_i.o)
                0x0000000008005838                _printf_i
 .text.strncmp  0x0000000008005a5c       0x24 /usr/local/gcc_arm/gcc-arm-none-eabi-7-2017-q4-major/bin/../lib/gcc/arm-none-eabi/7.2.1/../../../../arm-none-eabi/lib/thumb/v7e-m/fpv4-sp/hard/libc_nano.a(lib_a-strncmp.o)
                0x0000000008005a5c                strncmp
 .text.__swbuf_r
                0x0000000008005a80       0xa4 /usr/local/gcc_arm/gcc-arm-none-eabi-7-2017-q4-major/bin/../lib/gcc/arm-none-eabi/7.2.1/../../../../arm-none-eabi/lib/thumb/v7e-m/fpv4-sp/hard/libc_nano.a(lib_a-wbuf.o)
                0x0000000008005a80                __swbuf_r
 .text.__swsetup_r
                0x0000000008005b24       0xdc /usr/local/gcc_arm/gcc-arm-none-eabi-7-2017-q4-major/bin/../lib/gcc/arm-none-eabi/7.2.1/../../../../arm-none-eabi/lib/thumb/v7e-m/fpv4-sp/hard/libc_nano.a(lib_a-wsetup.o)
                0x0000000008005b24                __swsetup_r
 .text.abort    0x0000000008005c00        0xe /usr/local/gcc_arm/gcc-arm-none-eabi-7-2017-q4-major/bin/../lib/gcc/arm-none-eabi/7.2.1/../../../../arm-none-eabi/lib/thumb/v7e-m/fpv4-sp/hard/libc_nano.a(lib_a-abort.o)
                0x0000000008005c00                abort
 *fill*         0x0000000008005c0e        0x2 
 .text.__sflush_r
                0x0000000008005c10      0x10c /usr/local/gcc_arm/gcc-arm-none-eabi-7-2017-q4-major/bin/../lib/gcc/arm-none-eabi/7.2.1/../../../../arm-none-eabi/lib/thumb/v7e-m/fpv4-sp/hard/libc_nano.a(lib_a-fflush.o)
                0x0000000008005c10                __sflush_r
 .text._fflush_r
                0x0000000008005d1c       0x54 /usr/local/gcc_arm/gcc-arm-none-eabi-7-2017-q4-major/bin/../lib/gcc/arm-none-eabi/7.2.1/../../../../arm-none-eabi/lib/thumb/v7e-m/fpv4-sp/hard/libc_nano.a(lib_a-fflush.o)
                0x0000000008005d1c                _fflush_r
 .text.std      0x0000000008005d70       0x48 /usr/local/gcc_arm/gcc-arm-none-eabi-7-2017-q4-major/bin/../lib/gcc/arm-none-eabi/7.2.1/../../../../arm-none-eabi/lib/thumb/v7e-m/fpv4-sp/hard/libc_nano.a(lib_a-findfp.o)
 .text._cleanup_r
                0x0000000008005db8        0xc /usr/local/gcc_arm/gcc-arm-none-eabi-7-2017-q4-major/bin/../lib/gcc/arm-none-eabi/7.2.1/../../../../arm-none-eabi/lib/thumb/v7e-m/fpv4-sp/hard/libc_nano.a(lib_a-findfp.o)
                0x0000000008005db8                _cleanup_r
 .text.__sfmoreglue
                0x0000000008005dc4       0x2c /usr/local/gcc_arm/gcc-arm-none-eabi-7-2017-q4-major/bin/../lib/gcc/arm-none-eabi/7.2.1/../../../../arm-none-eabi/lib/thumb/v7e-m/fpv4-sp/hard/libc_nano.a(lib_a-findfp.o)
                0x0000000008005dc4                __sfmoreglue
 .text.__sinit  0x0000000008005df0       0x60 /usr/local/gcc_arm/gcc-arm-none-eabi-7-2017-q4-major/bin/../lib/gcc/arm-none-eabi/7.2.1/../../../../arm-none-eabi/lib/thumb/v7e-m/fpv4-sp/hard/libc_nano.a(lib_a-findfp.o)
                0x0000000008005df0                __sinit
 .text.__sfp    0x0000000008005e50       0x78 /usr/local/gcc_arm/gcc-arm-none-eabi-7-2017-q4-major/bin/../lib/gcc/arm-none-eabi/7.2.1/../../../../arm-none-eabi/lib/thumb/v7e-m/fpv4-sp/hard/libc_nano.a(lib_a-findfp.o)
                0x0000000008005e50                __sfp
 .text._fwalk_reent
                0x0000000008005ec8       0x3c /usr/local/gcc_arm/gcc-arm-none-eabi-7-2017-q4-major/bin/../lib/gcc/arm-none-eabi/7.2.1/../../../../arm-none-eabi/lib/thumb/v7e-m/fpv4-sp/hard/libc_nano.a(lib_a-fwalk.o)
                0x0000000008005ec8                _fwalk_reent
 .text.__swhatbuf_r
                0x0000000008005f04       0x48 /usr/local/gcc_arm/gcc-arm-none-eabi-7-2017-q4-major/bin/../lib/gcc/arm-none-eabi/7.2.1/../../../../arm-none-eabi/lib/thumb/v7e-m/fpv4-sp/hard/libc_nano.a(lib_a-makebuf.o)
                0x0000000008005f04                __swhatbuf_r
 .text.__smakebuf_r
                0x0000000008005f4c       0x80 /usr/local/gcc_arm/gcc-arm-none-eabi-7-2017-q4-major/bin/../lib/gcc/arm-none-eabi/7.2.1/../../../../arm-none-eabi/lib/thumb/v7e-m/fpv4-sp/hard/libc_nano.a(lib_a-makebuf.o)
                0x0000000008005f4c                __smakebuf_r
 .text._free_r  0x0000000008005fcc       0x9c /usr/local/gcc_arm/gcc-arm-none-eabi-7-2017-q4-major/bin/../lib/gcc/arm-none-eabi/7.2.1/../../../../arm-none-eabi/lib/thumb/v7e-m/fpv4-sp/hard/libc_nano.a(lib_a-nano-freer.o)
                0x0000000008005fcc                _free_r
 .text._malloc_r
                0x0000000008006068       0xb4 /usr/local/gcc_arm/gcc-arm-none-eabi-7-2017-q4-major/bin/../lib/gcc/arm-none-eabi/7.2.1/../../../../arm-none-eabi/lib/thumb/v7e-m/fpv4-sp/hard/libc_nano.a(lib_a-nano-mallocr.o)
                0x0000000008006068                _malloc_r
 .text._sbrk_r  0x000000000800611c       0x20 /usr/local/gcc_arm/gcc-arm-none-eabi-7-2017-q4-major/bin/../lib/gcc/arm-none-eabi/7.2.1/../../../../arm-none-eabi/lib/thumb/v7e-m/fpv4-sp/hard/libc_nano.a(lib_a-sbrkr.o)
                0x000000000800611c                _sbrk_r
 .text._raise_r
                0x000000000800613c       0x50 /usr/local/gcc_arm/gcc-arm-none-eabi-7-2017-q4-major/bin/../lib/gcc/arm-none-eabi/7.2.1/../../../../arm-none-eabi/lib/thumb/v7e-m/fpv4-sp/hard/libc_nano.a(lib_a-signal.o)
                0x000000000800613c                _raise_r
 .text.raise    0x000000000800618c       0x10 /usr/local/gcc_arm/gcc-arm-none-eabi-7-2017-q4-major/bin/../lib/gcc/arm-none-eabi/7.2.1/../../../../arm-none-eabi/lib/thumb/v7e-m/fpv4-sp/hard/libc_nano.a(lib_a-signal.o)
                0x000000000800618c                raise
 .text._kill_r  0x000000000800619c       0x24 /usr/local/gcc_arm/gcc-arm-none-eabi-7-2017-q4-major/bin/../lib/gcc/arm-none-eabi/7.2.1/../../../../arm-none-eabi/lib/thumb/v7e-m/fpv4-sp/hard/libc_nano.a(lib_a-signalr.o)
                0x000000000800619c                _kill_r
 .text._getpid_r
                0x00000000080061c0        0x4 /usr/local/gcc_arm/gcc-arm-none-eabi-7-2017-q4-major/bin/../lib/gcc/arm-none-eabi/7.2.1/../../../../arm-none-eabi/lib/thumb/v7e-m/fpv4-sp/hard/libc_nano.a(lib_a-signalr.o)
                0x00000000080061c0                _getpid_r
 .text.__sread  0x00000000080061c4       0x22 /usr/local/gcc_arm/gcc-arm-none-eabi-7-2017-q4-major/bin/../lib/gcc/arm-none-eabi/7.2.1/../../../../arm-none-eabi/lib/thumb/v7e-m/fpv4-sp/hard/libc_nano.a(lib_a-stdio.o)
                0x00000000080061c4                __sread
 .text.__swrite
                0x00000000080061e6       0x38 /usr/local/gcc_arm/gcc-arm-none-eabi-7-2017-q4-major/bin/../lib/gcc/arm-none-eabi/7.2.1/../../../../arm-none-eabi/lib/thumb/v7e-m/fpv4-sp/hard/libc_nano.a(lib_a-stdio.o)
                0x00000000080061e6                __swrite
 .text.__sseek  0x000000000800621e       0x24 /usr/local/gcc_arm/gcc-arm-none-eabi-7-2017-q4-major/bin/../lib/gcc/arm-none-eabi/7.2.1/../../../../arm-none-eabi/lib/thumb/v7e-m/fpv4-sp/hard/libc_nano.a(lib_a-stdio.o)
                0x000000000800621e                __sseek
 .text.__sclose
                0x0000000008006242        0x8 /usr/local/gcc_arm/gcc-arm-none-eabi-7-2017-q4-major/bin/../lib/gcc/arm-none-eabi/7.2.1/../../../../arm-none-eabi/lib/thumb/v7e-m/fpv4-sp/hard/libc_nano.a(lib_a-stdio.o)
                0x0000000008006242                __sclose
 *fill*         0x000000000800624a        0x2 
 .text._write_r
                0x000000000800624c       0x24 /usr/local/gcc_arm/gcc-arm-none-eabi-7-2017-q4-major/bin/../lib/gcc/arm-none-eabi/7.2.1/../../../../arm-none-eabi/lib/thumb/v7e-m/fpv4-sp/hard/libc_nano.a(lib_a-writer.o)
                0x000000000800624c                _write_r
 .text._close_r
                0x0000000008006270       0x20 /usr/local/gcc_arm/gcc-arm-none-eabi-7-2017-q4-major/bin/../lib/gcc/arm-none-eabi/7.2.1/../../../../arm-none-eabi/lib/thumb/v7e-m/fpv4-sp/hard/libc_nano.a(lib_a-closer.o)
                0x0000000008006270                _close_r
 .text._fstat_r
                0x0000000008006290       0x24 /usr/local/gcc_arm/gcc-arm-none-eabi-7-2017-q4-major/bin/../lib/gcc/arm-none-eabi/7.2.1/../../../../arm-none-eabi/lib/thumb/v7e-m/fpv4-sp/hard/libc_nano.a(lib_a-fstatr.o)
                0x0000000008006290                _fstat_r
 .text._isatty_r
                0x00000000080062b4       0x20 /usr/local/gcc_arm/gcc-arm-none-eabi-7-2017-q4-major/bin/../lib/gcc/arm-none-eabi/7.2.1/../../../../arm-none-eabi/lib/thumb/v7e-m/fpv4-sp/hard/libc_nano.a(lib_a-isattyr.o)
                0x00000000080062b4                _isatty_r
 .text._lseek_r
                0x00000000080062d4       0x24 /usr/local/gcc_arm/gcc-arm-none-eabi-7-2017-q4-major/bin/../lib/gcc/arm-none-eabi/7.2.1/../../../../arm-none-eabi/lib/thumb/v7e-m/fpv4-sp/hard/libc_nano.a(lib_a-lseekr.o)
                0x00000000080062d4                _lseek_r
 .text.__malloc_lock
                0x00000000080062f8        0x2 /usr/local/gcc_arm/gcc-arm-none-eabi-7-2017-q4-major/bin/../lib/gcc/arm-none-eabi/7.2.1/../../../../arm-none-eabi/lib/thumb/v7e-m/fpv4-sp/hard/libc_nano.a(lib_a-mlock.o)
                0x00000000080062f8                __malloc_lock
 .text.__malloc_unlock
                0x00000000080062fa        0x2 /usr/local/gcc_arm/gcc-arm-none-eabi-7-2017-q4-major/bin/../lib/gcc/arm-none-eabi/7.2.1/../../../../arm-none-eabi/lib/thumb/v7e-m/fpv4-sp/hard/libc_nano.a(lib_a-mlock.o)
                0x00000000080062fa                __malloc_unlock
 .text._read_r  0x00000000080062fc       0x24 /usr/local/gcc_arm/gcc-arm-none-eabi-7-2017-q4-major/bin/../lib/gcc/arm-none-eabi/7.2.1/../../../../arm-none-eabi/lib/thumb/v7e-m/fpv4-sp/hard/libc_nano.a(lib_a-readr.o)
                0x00000000080062fc                _read_r
 .text._close   0x0000000008006320       0x10 /usr/local/gcc_arm/gcc-arm-none-eabi-7-2017-q4-major/bin/../lib/gcc/arm-none-eabi/7.2.1/../../../../arm-none-eabi/lib/thumb/v7e-m/fpv4-sp/hard/libnosys.a(close.o)
                0x0000000008006320                _close
 .text._fstat   0x0000000008006330       0x10 /usr/local/gcc_arm/gcc-arm-none-eabi-7-2017-q4-major/bin/../lib/gcc/arm-none-eabi/7.2.1/../../../../arm-none-eabi/lib/thumb/v7e-m/fpv4-sp/hard/libnosys.a(fstat.o)
                0x0000000008006330                _fstat
 .text._getpid  0x0000000008006340       0x10 /usr/local/gcc_arm/gcc-arm-none-eabi-7-2017-q4-major/bin/../lib/gcc/arm-none-eabi/7.2.1/../../../../arm-none-eabi/lib/thumb/v7e-m/fpv4-sp/hard/libnosys.a(getpid.o)
                0x0000000008006340                _getpid
 .text._isatty  0x0000000008006350       0x10 /usr/local/gcc_arm/gcc-arm-none-eabi-7-2017-q4-major/bin/../lib/gcc/arm-none-eabi/7.2.1/../../../../arm-none-eabi/lib/thumb/v7e-m/fpv4-sp/hard/libnosys.a(isatty.o)
                0x0000000008006350                _isatty
 .text._kill    0x0000000008006360       0x10 /usr/local/gcc_arm/gcc-arm-none-eabi-7-2017-q4-major/bin/../lib/gcc/arm-none-eabi/7.2.1/../../../../arm-none-eabi/lib/thumb/v7e-m/fpv4-sp/hard/libnosys.a(kill.o)
                0x0000000008006360                _kill
 .text._lseek   0x0000000008006370       0x10 /usr/local/gcc_arm/gcc-arm-none-eabi-7-2017-q4-major/bin/../lib/gcc/arm-none-eabi/7.2.1/../../../../arm-none-eabi/lib/thumb/v7e-m/fpv4-sp/hard/libnosys.a(lseek.o)
                0x0000000008006370                _lseek
 .text._read    0x0000000008006380       0x10 /usr/local/gcc_arm/gcc-arm-none-eabi-7-2017-q4-major/bin/../lib/gcc/arm-none-eabi/7.2.1/../../../../arm-none-eabi/lib/thumb/v7e-m/fpv4-sp/hard/libnosys.a(read.o)
                0x0000000008006380                _read
 .text._sbrk    0x0000000008006390       0x1c /usr/local/gcc_arm/gcc-arm-none-eabi-7-2017-q4-major/bin/../lib/gcc/arm-none-eabi/7.2.1/../../../../arm-none-eabi/lib/thumb/v7e-m/fpv4-sp/hard/libnosys.a(sbrk.o)
                0x0000000008006390                _sbrk
 .text._write   0x00000000080063ac       0x10 /usr/local/gcc_arm/gcc-arm-none-eabi-7-2017-q4-major/bin/../lib/gcc/arm-none-eabi/7.2.1/../../../../arm-none-eabi/lib/thumb/v7e-m/fpv4-sp/hard/libnosys.a(write.o)
                0x00000000080063ac                _write
 .text._exit    0x00000000080063bc        0x4 /usr/local/gcc_arm/gcc-arm-none-eabi-7-2017-q4-major/bin/../lib/gcc/arm-none-eabi/7.2.1/../../../../arm-none-eabi/lib/thumb/v7e-m/fpv4-sp/hard/libnosys.a(_exit.o)
                0x00000000080063bc                _exit
 *(.glue_7)
 .glue_7        0x00000000080063c0        0x0 linker stubs
 *(.glue_7t)
 .glue_7t       0x00000000080063c0        0x0 linker stubs
 *(.eh_frame)
 .eh_frame      0x00000000080063c0        0x0 /usr/local/gcc_arm/gcc-arm-none-eabi-7-2017-q4-major/bin/../lib/gcc/arm-none-eabi/7.2.1/thumb/v7e-m/fpv4-sp/hard/crtbegin.o
 *(.init)
 .init          0x00000000080063c0        0x4 /usr/local/gcc_arm/gcc-arm-none-eabi-7-2017-q4-major/bin/../lib/gcc/arm-none-eabi/7.2.1/thumb/v7e-m/fpv4-sp/hard/crti.o
                0x00000000080063c0                _init
 .init          0x00000000080063c4        0x8 /usr/local/gcc_arm/gcc-arm-none-eabi-7-2017-q4-major/bin/../lib/gcc/arm-none-eabi/7.2.1/thumb/v7e-m/fpv4-sp/hard/crtn.o
 *(.fini)
 .fini          0x00000000080063cc        0x4 /usr/local/gcc_arm/gcc-arm-none-eabi-7-2017-q4-major/bin/../lib/gcc/arm-none-eabi/7.2.1/thumb/v7e-m/fpv4-sp/hard/crti.o
                0x00000000080063cc                _fini
 .fini          0x00000000080063d0        0x8 /usr/local/gcc_arm/gcc-arm-none-eabi-7-2017-q4-major/bin/../lib/gcc/arm-none-eabi/7.2.1/thumb/v7e-m/fpv4-sp/hard/crtn.o
                0x00000000080063d8                . = ALIGN (0x4)
                0x00000000080063d8                _etext = .

.vfp11_veneer   0x00000000080063d8        0x0
 .vfp11_veneer  0x00000000080063d8        0x0 linker stubs

.v4_bx          0x00000000080063d8        0x0
 .v4_bx         0x00000000080063d8        0x0 linker stubs

.iplt           0x00000000080063d8        0x0
 .iplt          0x00000000080063d8        0x0 /usr/local/gcc_arm/gcc-arm-none-eabi-7-2017-q4-major/bin/../lib/gcc/arm-none-eabi/7.2.1/thumb/v7e-m/fpv4-sp/hard/crtbegin.o

.rodata         0x00000000080063d8      0x740
                0x00000000080063d8                . = ALIGN (0x4)
 *(.rodata)
 .rodata        0x00000000080063d8       0x28 build/freertos.o
 *(.rodata*)
 .rodata.__func__.9760
                0x0000000008006400       0x1d build/oi_uavcan.o
 *fill*         0x000000000800641d        0x3 
 .rodata.makeNodeInfoMessage.str1.4
                0x0000000008006420       0x26 build/oi_uavcan.o
 *fill*         0x0000000008006446        0x2 
 .rodata.oi_uavcan_init.str1.4
                0x0000000008006448       0x53 build/oi_uavcan.o
                                         0x56 (size before relaxing)
 *fill*         0x000000000800649b        0x1 
 .rodata.str1.4
                0x000000000800649c        0x8 build/oi_uavcan.o
 .rodata.StartDefaultTask.str1.4
                0x00000000080064a4        0x4 build/freertos.o
                                          0xc (size before relaxing)
 .rodata.str1.4
                0x00000000080064a8       0x18 build/freertos.o
 .rodata.aPLLMULFactorTable
                0x00000000080064c0       0x10 build/stm32f3xx_hal_rcc.o
                0x00000000080064c0                aPLLMULFactorTable
 .rodata.aPredivFactorTable
                0x00000000080064d0       0x10 build/stm32f3xx_hal_rcc.o
                0x00000000080064d0                aPredivFactorTable
 .rodata.AHBPrescTable
                0x00000000080064e0       0x10 build/system_stm32f3xx.o
                0x00000000080064e0                AHBPrescTable
 .rodata.APBPrescTable
                0x00000000080064f0        0x8 build/system_stm32f3xx.o
                0x00000000080064f0                APBPrescTable
 .rodata.vTaskStartScheduler.str1.4
                0x00000000080064f8        0x5 build/tasks.o
 *fill*         0x00000000080064fd        0x3 
 .rodata.__func__.6070
                0x0000000008006500        0xb build/canard.o
 *fill*         0x000000000800650b        0x1 
 .rodata.__func__.6080
                0x000000000800650c       0x15 build/canard.o
 *fill*         0x0000000008006521        0x3 
 .rodata.__func__.6133
                0x0000000008006524       0x14 build/canard.o
 .rodata.__func__.6188
                0x0000000008006538       0x13 build/canard.o
 *fill*         0x000000000800654b        0x1 
 .rodata.__func__.6196
                0x000000000800654c       0x13 build/canard.o
 *fill*         0x000000000800655f        0x1 
 .rodata.__func__.6250
                0x0000000008006560       0x14 build/canard.o
 .rodata.__func__.6259
                0x0000000008006574       0x10 build/canard.o
 .rodata.__func__.6277
                0x0000000008006584        0xc build/canard.o
 .rodata.__func__.6302
                0x0000000008006590       0x17 build/canard.o
 *fill*         0x00000000080065a7        0x1 
 .rodata.__func__.6378
                0x00000000080065a8        0xd build/canard.o
 *fill*         0x00000000080065b5        0x3 
 .rodata.__func__.6395
                0x00000000080065b8       0x19 build/canard.o
 *fill*         0x00000000080065d1        0x3 
 .rodata.__func__.6421
                0x00000000080065d4        0xe build/canard.o
 *fill*         0x00000000080065e2        0x2 
 .rodata.__func__.6472
                0x00000000080065e4        0xa build/canard.o
 *fill*         0x00000000080065ee        0x2 
 .rodata.canardDecodeScalar.str1.4
                0x00000000080065f0       0x6c build/canard.o
 .rodata.canardEncodeScalar.str1.4
                0x000000000800665c       0x31 build/canard.o
 *fill*         0x000000000800668d        0x3 
 .rodata.canardHandleRxFrame.str1.4
                0x0000000008006690       0x7b build/canard.o
 *fill*         0x000000000800670b        0x1 
 .rodata.canardInit.str1.4
                0x000000000800670c       0x17 build/canard.o
 .rodata.canardSetLocalNodeID.str1.4
                0x0000000008006723        0x2 build/canard.o
 *fill*         0x0000000008006723        0x1 
 .rodata.copyBitArray.str1.4
                0x0000000008006724        0xd build/canard.o
 *fill*         0x0000000008006731        0x3 
 .rodata.descatterTransferPayload.str1.4
                0x0000000008006734      0x10e build/canard.o
 *fill*         0x0000000008006842        0x2 
 .rodata.enqueueTxFrames.str1.4
                0x0000000008006844       0x21 build/canard.o
 *fill*         0x0000000008006865        0x3 
 .rodata.freeBlock.str1.4
                0x0000000008006868       0x2f build/canard.o
 *fill*         0x0000000008006897        0x1 
 .rodata.incrementTransferID.str1.4
                0x0000000008006898       0x1b build/canard.o
 *fill*         0x00000000080068b3        0x1 
 .rodata.prepareForNextTransfer.str1.4
                0x00000000080068b4       0x24 build/canard.o
 .rodata.pushTxQueue.str1.4
                0x00000000080068d8       0x45 build/canard.o
                                         0x59 (size before relaxing)
 *fill*         0x000000000800691d        0x3 
 .rodata.swapByteOrder.str1.4
                0x0000000008006920       0x14 build/canard.o
 .rodata.RFxR.7272
                0x0000000008006934        0x8 build/canard_stm32.o
 .rodata.__func__.7255
                0x000000000800693c       0x10 build/canard_stm32.o
 .rodata.__func__.7267
                0x000000000800694c       0x14 build/canard_stm32.o
 .rodata.canardSTM32Init.str1.4
                0x0000000008006960       0xc2 build/canard_stm32.o
 *fill*         0x0000000008006a22        0x2 
 .rodata.canardSTM32Transmit.str1.4
                0x0000000008006a24       0x20 build/canard_stm32.o
                                         0x1f (size before relaxing)
 .rodata.__assert_func.str1.1
                0x0000000008006a44       0x3c /usr/local/gcc_arm/gcc-arm-none-eabi-7-2017-q4-major/bin/../lib/gcc/arm-none-eabi/7.2.1/../../../../arm-none-eabi/lib/thumb/v7e-m/fpv4-sp/hard/libc_nano.a(lib_a-assert.o)
                                         0x3d (size before relaxing)
 .rodata._global_impure_ptr
                0x0000000008006a80        0x4 /usr/local/gcc_arm/gcc-arm-none-eabi-7-2017-q4-major/bin/../lib/gcc/arm-none-eabi/7.2.1/../../../../arm-none-eabi/lib/thumb/v7e-m/fpv4-sp/hard/libc_nano.a(lib_a-impure.o)
                0x0000000008006a80                _global_impure_ptr
 .rodata._vfprintf_r.str1.1
                0x0000000008006a84       0x11 /usr/local/gcc_arm/gcc-arm-none-eabi-7-2017-q4-major/bin/../lib/gcc/arm-none-eabi/7.2.1/../../../../arm-none-eabi/lib/thumb/v7e-m/fpv4-sp/hard/libc_nano.a(lib_a-nano-vfprintf.o)
 .rodata._printf_i.str1.1
                0x0000000008006a95       0x22 /usr/local/gcc_arm/gcc-arm-none-eabi-7-2017-q4-major/bin/../lib/gcc/arm-none-eabi/7.2.1/../../../../arm-none-eabi/lib/thumb/v7e-m/fpv4-sp/hard/libc_nano.a(lib_a-nano-vfprintf_i.o)
 *fill*         0x0000000008006ab7        0x1 
 .rodata.__sf_fake_stderr
                0x0000000008006ab8       0x20 /usr/local/gcc_arm/gcc-arm-none-eabi-7-2017-q4-major/bin/../lib/gcc/arm-none-eabi/7.2.1/../../../../arm-none-eabi/lib/thumb/v7e-m/fpv4-sp/hard/libc_nano.a(lib_a-findfp.o)
                0x0000000008006ab8                __sf_fake_stderr
 .rodata.__sf_fake_stdin
                0x0000000008006ad8       0x20 /usr/local/gcc_arm/gcc-arm-none-eabi-7-2017-q4-major/bin/../lib/gcc/arm-none-eabi/7.2.1/../../../../arm-none-eabi/lib/thumb/v7e-m/fpv4-sp/hard/libc_nano.a(lib_a-findfp.o)
                0x0000000008006ad8                __sf_fake_stdin
 .rodata.__sf_fake_stdout
                0x0000000008006af8       0x20 /usr/local/gcc_arm/gcc-arm-none-eabi-7-2017-q4-major/bin/../lib/gcc/arm-none-eabi/7.2.1/../../../../arm-none-eabi/lib/thumb/v7e-m/fpv4-sp/hard/libc_nano.a(lib_a-findfp.o)
                0x0000000008006af8                __sf_fake_stdout
                0x0000000008006b18                . = ALIGN (0x4)

.rel.dyn        0x0000000008006b18        0x0
 .rel.iplt      0x0000000008006b18        0x0 /usr/local/gcc_arm/gcc-arm-none-eabi-7-2017-q4-major/bin/../lib/gcc/arm-none-eabi/7.2.1/thumb/v7e-m/fpv4-sp/hard/crtbegin.o

.ARM.extab
 *(.ARM.extab* .gnu.linkonce.armextab.*)

.ARM            0x0000000008006b18        0x0
                0x0000000008006b18                __exidx_start = .
 *(.ARM.exidx*)
                0x0000000008006b18                __exidx_end = .

.preinit_array  0x0000000008006b18        0x0
                0x0000000008006b18                PROVIDE (__preinit_array_start, .)
 *(.preinit_array*)
                0x0000000008006b18                PROVIDE (__preinit_array_end, .)

.init_array     0x0000000008006b18        0x4
                0x0000000008006b18                PROVIDE (__init_array_start, .)
 *(SORT_BY_NAME(.init_array.*))
 *(.init_array*)
 .init_array    0x0000000008006b18        0x4 /usr/local/gcc_arm/gcc-arm-none-eabi-7-2017-q4-major/bin/../lib/gcc/arm-none-eabi/7.2.1/thumb/v7e-m/fpv4-sp/hard/crtbegin.o
                0x0000000008006b1c                PROVIDE (__init_array_end, .)

.fini_array     0x0000000008006b1c        0x4
                [!provide]                        PROVIDE (__fini_array_start, .)
 *(SORT_BY_NAME(.fini_array.*))
 *(.fini_array*)
 .fini_array    0x0000000008006b1c        0x4 /usr/local/gcc_arm/gcc-arm-none-eabi-7-2017-q4-major/bin/../lib/gcc/arm-none-eabi/7.2.1/thumb/v7e-m/fpv4-sp/hard/crtbegin.o
                [!provide]                        PROVIDE (__fini_array_end, .)
                0x0000000008006b20                _sidata = LOADADDR (.data)

.data           0x0000000020000000       0x98 load address 0x0000000008006b20
                0x0000000020000000                . = ALIGN (0x4)
                0x0000000020000000                _sdata = .
 *(.data)
 *(.data*)
 .data.parameters
                0x0000000020000000       0x28 build/oi_uavcan.o
 .data.uwTickFreq
                0x0000000020000028        0x1 build/stm32f3xx_hal.o
                0x0000000020000028                uwTickFreq
 *fill*         0x0000000020000029        0x3 
 .data.SystemCoreClock
                0x000000002000002c        0x4 build/system_stm32f3xx.o
                0x000000002000002c                SystemCoreClock
 .data.uxCriticalNesting
                0x0000000020000030        0x4 build/port.o
 .data._impure_ptr
                0x0000000020000034        0x4 /usr/local/gcc_arm/gcc-arm-none-eabi-7-2017-q4-major/bin/../lib/gcc/arm-none-eabi/7.2.1/../../../../arm-none-eabi/lib/thumb/v7e-m/fpv4-sp/hard/libc_nano.a(lib_a-impure.o)
                0x0000000020000034                _impure_ptr
 .data.impure_data
                0x0000000020000038       0x60 /usr/local/gcc_arm/gcc-arm-none-eabi-7-2017-q4-major/bin/../lib/gcc/arm-none-eabi/7.2.1/../../../../arm-none-eabi/lib/thumb/v7e-m/fpv4-sp/hard/libc_nano.a(lib_a-impure.o)
                0x0000000020000098                . = ALIGN (0x4)
                0x0000000020000098                _edata = .
                0x0000000008006bb8                _siccmram = LOADADDR (.ccmram)

.igot.plt       0x0000000020000098        0x0 load address 0x0000000008006bb8
 .igot.plt      0x0000000020000098        0x0 /usr/local/gcc_arm/gcc-arm-none-eabi-7-2017-q4-major/bin/../lib/gcc/arm-none-eabi/7.2.1/thumb/v7e-m/fpv4-sp/hard/crtbegin.o

.ccmram         0x0000000010000000        0x0 load address 0x0000000008006bb8
                0x0000000010000000                . = ALIGN (0x4)
                0x0000000010000000                _sccmram = .
 *(.ccmram)
 *(.ccmram*)
                0x0000000010000000                . = ALIGN (0x4)
                0x0000000010000000                _eccmram = .
                0x0000000010000000                . = ALIGN (0x4)

.bss            0x0000000020000098     0x2e58
                0x0000000020000098                _sbss = .
                0x0000000020000098                __bss_start__ = _sbss
 *(.bss)
 .bss           0x0000000020000098       0x1c /usr/local/gcc_arm/gcc-arm-none-eabi-7-2017-q4-major/bin/../lib/gcc/arm-none-eabi/7.2.1/thumb/v7e-m/fpv4-sp/hard/crtbegin.o
 *(.bss*)
 .bss.HAL_RCC_ADC12_CLK_ENABLED
                0x00000000200000b4        0x4 build/adc.o
 .bss.g_canard  0x00000000200000b8       0x24 build/oi_uavcan.o
 .bss.g_canard_memory_pool
                0x00000000200000dc      0x400 build/oi_uavcan.o
 .bss.g_uptime  0x00000000200004dc        0x4 build/oi_uavcan.o
 .bss.spin_time.10603
                0x00000000200004e0        0x4 build/oi_uavcan.o
 .bss.transfer_id.10605
                0x00000000200004e4        0x1 build/oi_uavcan.o
 .bss.transfer_id.10624
                0x00000000200004e5        0x1 build/oi_uavcan.o
 *fill*         0x00000000200004e6        0x2 
 .bss.pxCurrentTCB
                0x00000000200004e8        0x4 build/tasks.o
                0x00000000200004e8                pxCurrentTCB
 .bss.pxDelayedTaskList
                0x00000000200004ec        0x4 build/tasks.o
 .bss.pxOverflowDelayedTaskList
                0x00000000200004f0        0x4 build/tasks.o
 .bss.pxReadyTasksLists
                0x00000000200004f4       0x8c build/tasks.o
 .bss.uxCurrentNumberOfTasks
                0x0000000020000580        0x4 build/tasks.o
 .bss.uxDeletedTasksWaitingCleanUp
                0x0000000020000584        0x4 build/tasks.o
 .bss.uxPendedTicks
                0x0000000020000588        0x4 build/tasks.o
 .bss.uxSchedulerSuspended
                0x000000002000058c        0x4 build/tasks.o
 .bss.uxTaskNumber
                0x0000000020000590        0x4 build/tasks.o
 .bss.uxTopReadyPriority
                0x0000000020000594        0x4 build/tasks.o
 .bss.xDelayedTaskList1
                0x0000000020000598       0x14 build/tasks.o
 .bss.xDelayedTaskList2
                0x00000000200005ac       0x14 build/tasks.o
 .bss.xIdleTaskHandle
                0x00000000200005c0        0x4 build/tasks.o
 .bss.xNextTaskUnblockTime
                0x00000000200005c4        0x4 build/tasks.o
 .bss.xNumOfOverflows
                0x00000000200005c8        0x4 build/tasks.o
 .bss.xPendingReadyList
                0x00000000200005cc       0x14 build/tasks.o
 .bss.xSchedulerRunning
                0x00000000200005e0        0x4 build/tasks.o
 .bss.xSuspendedTaskList
                0x00000000200005e4       0x14 build/tasks.o
 .bss.xTasksWaitingTermination
                0x00000000200005f8       0x14 build/tasks.o
 .bss.xTickCount
                0x000000002000060c        0x4 build/tasks.o
 .bss.xYieldPending
                0x0000000020000610        0x4 build/tasks.o
 .bss.pxEnd     0x0000000020000614        0x4 build/heap_4.o
 .bss.ucHeap    0x0000000020000618     0x2710 build/heap_4.o
 .bss.xBlockAllocatedBit
                0x0000000020002d28        0x4 build/heap_4.o
 .bss.xFreeBytesRemaining
                0x0000000020002d2c        0x4 build/heap_4.o
 .bss.xMinimumEverFreeBytesRemaining
                0x0000000020002d30        0x4 build/heap_4.o
 .bss.xStart    0x0000000020002d34        0x8 build/heap_4.o
 .bss.ucMaxSysCallPriority
                0x0000000020002d3c        0x1 build/port.o
 *fill*         0x0000000020002d3d        0x3 
 .bss.ulMaxPRIGROUPValue
                0x0000000020002d40        0x4 build/port.o
 .bss.g_abort_tx_on_error
                0x0000000020002d44        0x1 build/canard_stm32.o
 *fill*         0x0000000020002d45        0x3 
 .bss.g_stats   0x0000000020002d48       0x10 build/canard_stm32.o
 .bss.__malloc_free_list
                0x0000000020002d58        0x4 /usr/local/gcc_arm/gcc-arm-none-eabi-7-2017-q4-major/bin/../lib/gcc/arm-none-eabi/7.2.1/../../../../arm-none-eabi/lib/thumb/v7e-m/fpv4-sp/hard/libc_nano.a(lib_a-nano-mallocr.o)
                0x0000000020002d58                __malloc_free_list
 .bss.__malloc_sbrk_start
                0x0000000020002d5c        0x4 /usr/local/gcc_arm/gcc-arm-none-eabi-7-2017-q4-major/bin/../lib/gcc/arm-none-eabi/7.2.1/../../../../arm-none-eabi/lib/thumb/v7e-m/fpv4-sp/hard/libc_nano.a(lib_a-nano-mallocr.o)
                0x0000000020002d5c                __malloc_sbrk_start
 .bss.heap_end.5377
                0x0000000020002d60        0x4 /usr/local/gcc_arm/gcc-arm-none-eabi-7-2017-q4-major/bin/../lib/gcc/arm-none-eabi/7.2.1/../../../../arm-none-eabi/lib/thumb/v7e-m/fpv4-sp/hard/libnosys.a(sbrk.o)
 *(COMMON)
 COMMON         0x0000000020002d64       0xa8 build/adc.o
                0x0000000020002d64                hadc2
                0x0000000020002db8                hadc1
 COMMON         0x0000000020002e0c       0x28 build/can.o
                0x0000000020002e0c                hcan
 COMMON         0x0000000020002e34        0x4 build/freertos.o
                0x0000000020002e34                defaultTaskHandle
 COMMON         0x0000000020002e38       0x70 build/usart.o
                0x0000000020002e38                huart3
 COMMON         0x0000000020002ea8       0x40 build/stm32f3xx_hal_timebase_tim.o
                0x0000000020002ea8                htim1
 COMMON         0x0000000020002ee8        0x4 build/stm32f3xx_hal.o
                0x0000000020002ee8                uwTick
 COMMON         0x0000000020002eec        0x4 /usr/local/gcc_arm/gcc-arm-none-eabi-7-2017-q4-major/bin/../lib/gcc/arm-none-eabi/7.2.1/../../../../arm-none-eabi/lib/thumb/v7e-m/fpv4-sp/hard/libc_nano.a(lib_a-reent.o)
                0x0000000020002eec                errno
                0x0000000020002ef0                . = ALIGN (0x4)
                0x0000000020002ef0                _ebss = .
                0x0000000020002ef0                __bss_end__ = _ebss

._user_heap_stack
                0x0000000020002ef0      0x600
                0x0000000020002ef0                . = ALIGN (0x8)
                0x0000000020002ef0                PROVIDE (end, .)
                [!provide]                        PROVIDE (_end, .)
                0x00000000200030f0                . = (. + _Min_Heap_Size)
 *fill*         0x0000000020002ef0      0x200 
                0x00000000200034f0                . = (. + _Min_Stack_Size)
 *fill*         0x00000000200030f0      0x400 
                0x00000000200034f0                . = ALIGN (0x8)

/DISCARD/
 libc.a(*)
 libm.a(*)
 libgcc.a(*)

.ARM.attributes
                0x0000000000000000       0x30
 *(.ARM.attributes)
 .ARM.attributes
                0x0000000000000000       0x22 /usr/local/gcc_arm/gcc-arm-none-eabi-7-2017-q4-major/bin/../lib/gcc/arm-none-eabi/7.2.1/thumb/v7e-m/fpv4-sp/hard/crti.o
 .ARM.attributes
                0x0000000000000022       0x34 /usr/local/gcc_arm/gcc-arm-none-eabi-7-2017-q4-major/bin/../lib/gcc/arm-none-eabi/7.2.1/thumb/v7e-m/fpv4-sp/hard/crtbegin.o
 .ARM.attributes
                0x0000000000000056       0x39 build/main.o
 .ARM.attributes
                0x000000000000008f       0x39 build/gpio.o
 .ARM.attributes
                0x00000000000000c8       0x39 build/adc.o
 .ARM.attributes
                0x0000000000000101       0x39 build/can.o
 .ARM.attributes
                0x000000000000013a       0x39 build/oi_uavcan.o
 .ARM.attributes
                0x0000000000000173       0x39 build/oi_driver.o
 .ARM.attributes
                0x00000000000001ac       0x39 build/freertos.o
 .ARM.attributes
                0x00000000000001e5       0x39 build/usart.o
 .ARM.attributes
                0x000000000000021e       0x39 build/stm32f3xx_it.o
 .ARM.attributes
                0x0000000000000257       0x39 build/stm32f3xx_hal_msp.o
 .ARM.attributes
                0x0000000000000290       0x39 build/stm32f3xx_hal_timebase_tim.o
 .ARM.attributes
                0x00000000000002c9       0x39 build/stm32f3xx_hal_adc_ex.o
 .ARM.attributes
                0x0000000000000302       0x39 build/stm32f3xx_hal_can.o
 .ARM.attributes
                0x000000000000033b       0x39 build/stm32f3xx_hal_tim.o
 .ARM.attributes
                0x0000000000000374       0x39 build/stm32f3xx_hal_tim_ex.o
 .ARM.attributes
                0x00000000000003ad       0x39 build/stm32f3xx_hal_uart.o
 .ARM.attributes
                0x00000000000003e6       0x39 build/stm32f3xx_hal.o
 .ARM.attributes
                0x000000000000041f       0x39 build/stm32f3xx_hal_rcc.o
 .ARM.attributes
                0x0000000000000458       0x39 build/stm32f3xx_hal_rcc_ex.o
 .ARM.attributes
                0x0000000000000491       0x39 build/stm32f3xx_hal_gpio.o
 .ARM.attributes
                0x00000000000004ca       0x39 build/stm32f3xx_hal_cortex.o
 .ARM.attributes
                0x0000000000000503       0x39 build/system_stm32f3xx.o
 .ARM.attributes
                0x000000000000053c       0x39 build/list.o
 .ARM.attributes
                0x0000000000000575       0x39 build/tasks.o
 .ARM.attributes
                0x00000000000005ae       0x39 build/cmsis_os.o
 .ARM.attributes
                0x00000000000005e7       0x39 build/heap_4.o
 .ARM.attributes
                0x0000000000000620       0x39 build/port.o
 .ARM.attributes
                0x0000000000000659       0x39 build/canard.o
 .ARM.attributes
                0x0000000000000692       0x39 build/canard_stm32.o
 .ARM.attributes
                0x00000000000006cb       0x21 build/startup_stm32f303xc.o
 .ARM.attributes
                0x00000000000006ec       0x34 /usr/local/gcc_arm/gcc-arm-none-eabi-7-2017-q4-major/bin/../lib/gcc/arm-none-eabi/7.2.1/../../../../arm-none-eabi/lib/thumb/v7e-m/fpv4-sp/hard/libc_nano.a(lib_a-assert.o)
 .ARM.attributes
                0x0000000000000720       0x34 /usr/local/gcc_arm/gcc-arm-none-eabi-7-2017-q4-major/bin/../lib/gcc/arm-none-eabi/7.2.1/../../../../arm-none-eabi/lib/thumb/v7e-m/fpv4-sp/hard/libc_nano.a(lib_a-fprintf.o)
 .ARM.attributes
                0x0000000000000754       0x34 /usr/local/gcc_arm/gcc-arm-none-eabi-7-2017-q4-major/bin/../lib/gcc/arm-none-eabi/7.2.1/../../../../arm-none-eabi/lib/thumb/v7e-m/fpv4-sp/hard/libc_nano.a(lib_a-impure.o)
 .ARM.attributes
                0x0000000000000788       0x34 /usr/local/gcc_arm/gcc-arm-none-eabi-7-2017-q4-major/bin/../lib/gcc/arm-none-eabi/7.2.1/../../../../arm-none-eabi/lib/thumb/v7e-m/fpv4-sp/hard/libc_nano.a(lib_a-init.o)
 .ARM.attributes
                0x00000000000007bc       0x34 /usr/local/gcc_arm/gcc-arm-none-eabi-7-2017-q4-major/bin/../lib/gcc/arm-none-eabi/7.2.1/../../../../arm-none-eabi/lib/thumb/v7e-m/fpv4-sp/hard/libc_nano.a(lib_a-memcpy-stub.o)
 .ARM.attributes
                0x00000000000007f0       0x34 /usr/local/gcc_arm/gcc-arm-none-eabi-7-2017-q4-major/bin/../lib/gcc/arm-none-eabi/7.2.1/../../../../arm-none-eabi/lib/thumb/v7e-m/fpv4-sp/hard/libc_nano.a(lib_a-memset.o)
 .ARM.attributes
                0x0000000000000824       0x34 /usr/local/gcc_arm/gcc-arm-none-eabi-7-2017-q4-major/bin/../lib/gcc/arm-none-eabi/7.2.1/../../../../arm-none-eabi/lib/thumb/v7e-m/fpv4-sp/hard/libc_nano.a(lib_a-nano-vfprintf.o)
 .ARM.attributes
                0x0000000000000858       0x34 /usr/local/gcc_arm/gcc-arm-none-eabi-7-2017-q4-major/bin/../lib/gcc/arm-none-eabi/7.2.1/../../../../arm-none-eabi/lib/thumb/v7e-m/fpv4-sp/hard/libc_nano.a(lib_a-nano-vfprintf_i.o)
 .ARM.attributes
                0x000000000000088c       0x1b /usr/local/gcc_arm/gcc-arm-none-eabi-7-2017-q4-major/bin/../lib/gcc/arm-none-eabi/7.2.1/../../../../arm-none-eabi/lib/thumb/v7e-m/fpv4-sp/hard/libc_nano.a(lib_a-strlen.o)
 .ARM.attributes
                0x00000000000008a7       0x34 /usr/local/gcc_arm/gcc-arm-none-eabi-7-2017-q4-major/bin/../lib/gcc/arm-none-eabi/7.2.1/../../../../arm-none-eabi/lib/thumb/v7e-m/fpv4-sp/hard/libc_nano.a(lib_a-strncmp.o)
 .ARM.attributes
                0x00000000000008db       0x34 /usr/local/gcc_arm/gcc-arm-none-eabi-7-2017-q4-major/bin/../lib/gcc/arm-none-eabi/7.2.1/../../../../arm-none-eabi/lib/thumb/v7e-m/fpv4-sp/hard/libc_nano.a(lib_a-wbuf.o)
 .ARM.attributes
                0x000000000000090f       0x34 /usr/local/gcc_arm/gcc-arm-none-eabi-7-2017-q4-major/bin/../lib/gcc/arm-none-eabi/7.2.1/../../../../arm-none-eabi/lib/thumb/v7e-m/fpv4-sp/hard/libc_nano.a(lib_a-wsetup.o)
 .ARM.attributes
                0x0000000000000943       0x34 /usr/local/gcc_arm/gcc-arm-none-eabi-7-2017-q4-major/bin/../lib/gcc/arm-none-eabi/7.2.1/../../../../arm-none-eabi/lib/thumb/v7e-m/fpv4-sp/hard/libc_nano.a(lib_a-abort.o)
 .ARM.attributes
                0x0000000000000977       0x34 /usr/local/gcc_arm/gcc-arm-none-eabi-7-2017-q4-major/bin/../lib/gcc/arm-none-eabi/7.2.1/../../../../arm-none-eabi/lib/thumb/v7e-m/fpv4-sp/hard/libc_nano.a(lib_a-fflush.o)
 .ARM.attributes
                0x00000000000009ab       0x34 /usr/local/gcc_arm/gcc-arm-none-eabi-7-2017-q4-major/bin/../lib/gcc/arm-none-eabi/7.2.1/../../../../arm-none-eabi/lib/thumb/v7e-m/fpv4-sp/hard/libc_nano.a(lib_a-findfp.o)
 .ARM.attributes
                0x00000000000009df       0x34 /usr/local/gcc_arm/gcc-arm-none-eabi-7-2017-q4-major/bin/../lib/gcc/arm-none-eabi/7.2.1/../../../../arm-none-eabi/lib/thumb/v7e-m/fpv4-sp/hard/libc_nano.a(lib_a-fwalk.o)
 .ARM.attributes
                0x0000000000000a13       0x34 /usr/local/gcc_arm/gcc-arm-none-eabi-7-2017-q4-major/bin/../lib/gcc/arm-none-eabi/7.2.1/../../../../arm-none-eabi/lib/thumb/v7e-m/fpv4-sp/hard/libc_nano.a(lib_a-makebuf.o)
 .ARM.attributes
                0x0000000000000a47       0x20 /usr/local/gcc_arm/gcc-arm-none-eabi-7-2017-q4-major/bin/../lib/gcc/arm-none-eabi/7.2.1/../../../../arm-none-eabi/lib/thumb/v7e-m/fpv4-sp/hard/libc_nano.a(lib_a-memchr.o)
 .ARM.attributes
                0x0000000000000a67       0x34 /usr/local/gcc_arm/gcc-arm-none-eabi-7-2017-q4-major/bin/../lib/gcc/arm-none-eabi/7.2.1/../../../../arm-none-eabi/lib/thumb/v7e-m/fpv4-sp/hard/libc_nano.a(lib_a-nano-freer.o)
 .ARM.attributes
                0x0000000000000a9b       0x34 /usr/local/gcc_arm/gcc-arm-none-eabi-7-2017-q4-major/bin/../lib/gcc/arm-none-eabi/7.2.1/../../../../arm-none-eabi/lib/thumb/v7e-m/fpv4-sp/hard/libc_nano.a(lib_a-nano-mallocr.o)
 .ARM.attributes
                0x0000000000000acf       0x34 /usr/local/gcc_arm/gcc-arm-none-eabi-7-2017-q4-major/bin/../lib/gcc/arm-none-eabi/7.2.1/../../../../arm-none-eabi/lib/thumb/v7e-m/fpv4-sp/hard/libc_nano.a(lib_a-sbrkr.o)
 .ARM.attributes
                0x0000000000000b03       0x34 /usr/local/gcc_arm/gcc-arm-none-eabi-7-2017-q4-major/bin/../lib/gcc/arm-none-eabi/7.2.1/../../../../arm-none-eabi/lib/thumb/v7e-m/fpv4-sp/hard/libc_nano.a(lib_a-signal.o)
 .ARM.attributes
                0x0000000000000b37       0x34 /usr/local/gcc_arm/gcc-arm-none-eabi-7-2017-q4-major/bin/../lib/gcc/arm-none-eabi/7.2.1/../../../../arm-none-eabi/lib/thumb/v7e-m/fpv4-sp/hard/libc_nano.a(lib_a-signalr.o)
 .ARM.attributes
                0x0000000000000b6b       0x34 /usr/local/gcc_arm/gcc-arm-none-eabi-7-2017-q4-major/bin/../lib/gcc/arm-none-eabi/7.2.1/../../../../arm-none-eabi/lib/thumb/v7e-m/fpv4-sp/hard/libc_nano.a(lib_a-stdio.o)
 .ARM.attributes
                0x0000000000000b9f       0x34 /usr/local/gcc_arm/gcc-arm-none-eabi-7-2017-q4-major/bin/../lib/gcc/arm-none-eabi/7.2.1/../../../../arm-none-eabi/lib/thumb/v7e-m/fpv4-sp/hard/libc_nano.a(lib_a-writer.o)
 .ARM.attributes
                0x0000000000000bd3       0x34 /usr/local/gcc_arm/gcc-arm-none-eabi-7-2017-q4-major/bin/../lib/gcc/arm-none-eabi/7.2.1/../../../../arm-none-eabi/lib/thumb/v7e-m/fpv4-sp/hard/libc_nano.a(lib_a-closer.o)
 .ARM.attributes
                0x0000000000000c07       0x34 /usr/local/gcc_arm/gcc-arm-none-eabi-7-2017-q4-major/bin/../lib/gcc/arm-none-eabi/7.2.1/../../../../arm-none-eabi/lib/thumb/v7e-m/fpv4-sp/hard/libc_nano.a(lib_a-fstatr.o)
 .ARM.attributes
                0x0000000000000c3b       0x34 /usr/local/gcc_arm/gcc-arm-none-eabi-7-2017-q4-major/bin/../lib/gcc/arm-none-eabi/7.2.1/../../../../arm-none-eabi/lib/thumb/v7e-m/fpv4-sp/hard/libc_nano.a(lib_a-isattyr.o)
 .ARM.attributes
                0x0000000000000c6f       0x34 /usr/local/gcc_arm/gcc-arm-none-eabi-7-2017-q4-major/bin/../lib/gcc/arm-none-eabi/7.2.1/../../../../arm-none-eabi/lib/thumb/v7e-m/fpv4-sp/hard/libc_nano.a(lib_a-lseekr.o)
 .ARM.attributes
                0x0000000000000ca3       0x34 /usr/local/gcc_arm/gcc-arm-none-eabi-7-2017-q4-major/bin/../lib/gcc/arm-none-eabi/7.2.1/../../../../arm-none-eabi/lib/thumb/v7e-m/fpv4-sp/hard/libc_nano.a(lib_a-mlock.o)
 .ARM.attributes
                0x0000000000000cd7       0x34 /usr/local/gcc_arm/gcc-arm-none-eabi-7-2017-q4-major/bin/../lib/gcc/arm-none-eabi/7.2.1/../../../../arm-none-eabi/lib/thumb/v7e-m/fpv4-sp/hard/libc_nano.a(lib_a-readr.o)
 .ARM.attributes
                0x0000000000000d0b       0x34 /usr/local/gcc_arm/gcc-arm-none-eabi-7-2017-q4-major/bin/../lib/gcc/arm-none-eabi/7.2.1/../../../../arm-none-eabi/lib/thumb/v7e-m/fpv4-sp/hard/libc_nano.a(lib_a-reent.o)
 .ARM.attributes
                0x0000000000000d3f       0x34 /usr/local/gcc_arm/gcc-arm-none-eabi-7-2017-q4-major/bin/../lib/gcc/arm-none-eabi/7.2.1/../../../../arm-none-eabi/lib/thumb/v7e-m/fpv4-sp/hard/libnosys.a(close.o)
 .ARM.attributes
                0x0000000000000d73       0x34 /usr/local/gcc_arm/gcc-arm-none-eabi-7-2017-q4-major/bin/../lib/gcc/arm-none-eabi/7.2.1/../../../../arm-none-eabi/lib/thumb/v7e-m/fpv4-sp/hard/libnosys.a(fstat.o)
 .ARM.attributes
                0x0000000000000da7       0x34 /usr/local/gcc_arm/gcc-arm-none-eabi-7-2017-q4-major/bin/../lib/gcc/arm-none-eabi/7.2.1/../../../../arm-none-eabi/lib/thumb/v7e-m/fpv4-sp/hard/libnosys.a(getpid.o)
 .ARM.attributes
                0x0000000000000ddb       0x34 /usr/local/gcc_arm/gcc-arm-none-eabi-7-2017-q4-major/bin/../lib/gcc/arm-none-eabi/7.2.1/../../../../arm-none-eabi/lib/thumb/v7e-m/fpv4-sp/hard/libnosys.a(isatty.o)
 .ARM.attributes
                0x0000000000000e0f       0x34 /usr/local/gcc_arm/gcc-arm-none-eabi-7-2017-q4-major/bin/../lib/gcc/arm-none-eabi/7.2.1/../../../../arm-none-eabi/lib/thumb/v7e-m/fpv4-sp/hard/libnosys.a(kill.o)
 .ARM.attributes
                0x0000000000000e43       0x34 /usr/local/gcc_arm/gcc-arm-none-eabi-7-2017-q4-major/bin/../lib/gcc/arm-none-eabi/7.2.1/../../../../arm-none-eabi/lib/thumb/v7e-m/fpv4-sp/hard/libnosys.a(lseek.o)
 .ARM.attributes
                0x0000000000000e77       0x34 /usr/local/gcc_arm/gcc-arm-none-eabi-7-2017-q4-major/bin/../lib/gcc/arm-none-eabi/7.2.1/../../../../arm-none-eabi/lib/thumb/v7e-m/fpv4-sp/hard/libnosys.a(read.o)
 .ARM.attributes
                0x0000000000000eab       0x34 /usr/local/gcc_arm/gcc-arm-none-eabi-7-2017-q4-major/bin/../lib/gcc/arm-none-eabi/7.2.1/../../../../arm-none-eabi/lib/thumb/v7e-m/fpv4-sp/hard/libnosys.a(sbrk.o)
 .ARM.attributes
                0x0000000000000edf       0x34 /usr/local/gcc_arm/gcc-arm-none-eabi-7-2017-q4-major/bin/../lib/gcc/arm-none-eabi/7.2.1/../../../../arm-none-eabi/lib/thumb/v7e-m/fpv4-sp/hard/libnosys.a(write.o)
 .ARM.attributes
                0x0000000000000f13       0x34 /usr/local/gcc_arm/gcc-arm-none-eabi-7-2017-q4-major/bin/../lib/gcc/arm-none-eabi/7.2.1/../../../../arm-none-eabi/lib/thumb/v7e-m/fpv4-sp/hard/libnosys.a(_exit.o)
 .ARM.attributes
                0x0000000000000f47       0x22 /usr/local/gcc_arm/gcc-arm-none-eabi-7-2017-q4-major/bin/../lib/gcc/arm-none-eabi/7.2.1/thumb/v7e-m/fpv4-sp/hard/crtn.o
OUTPUT(build/freertos-firmware.elf elf32-littlearm)

.debug_info     0x0000000000000000    0x2cf1d
 .debug_info    0x0000000000000000     0x20b9 build/main.o
 .debug_info    0x00000000000020b9      0xe25 build/gpio.o
 .debug_info    0x0000000000002ede     0x1656 build/adc.o
 .debug_info    0x0000000000004534     0x1216 build/can.o
 .debug_info    0x000000000000574a     0x2158 build/oi_uavcan.o
 .debug_info    0x00000000000078a2      0xbfa build/oi_driver.o
 .debug_info    0x000000000000849c     0x1045 build/freertos.o
 .debug_info    0x00000000000094e1     0x13a4 build/usart.o
 .debug_info    0x000000000000a885     0x105e build/stm32f3xx_it.o
 .debug_info    0x000000000000b8e3      0xda7 build/stm32f3xx_hal_msp.o
 .debug_info    0x000000000000c68a     0x146e build/stm32f3xx_hal_timebase_tim.o
 .debug_info    0x000000000000daf8     0x25d4 build/stm32f3xx_hal_adc_ex.o
 .debug_info    0x00000000000100cc     0x1b7b build/stm32f3xx_hal_can.o
 .debug_info    0x0000000000011c47     0x3bdb build/stm32f3xx_hal_tim.o
 .debug_info    0x0000000000015822     0x216e build/stm32f3xx_hal_tim_ex.o
 .debug_info    0x0000000000017990     0x24e7 build/stm32f3xx_hal_uart.o
 .debug_info    0x0000000000019e77     0x1239 build/stm32f3xx_hal.o
 .debug_info    0x000000000001b0b0     0x1e24 build/stm32f3xx_hal_rcc.o
 .debug_info    0x000000000001ced4     0x1119 build/stm32f3xx_hal_rcc_ex.o
 .debug_info    0x000000000001dfed     0x10b0 build/stm32f3xx_hal_gpio.o
 .debug_info    0x000000000001f09d     0x18d8 build/stm32f3xx_hal_cortex.o
 .debug_info    0x0000000000020975      0xdbd build/system_stm32f3xx.o
 .debug_info    0x0000000000021732      0xbdc build/list.o
 .debug_info    0x000000000002230e     0x2c28 build/tasks.o
 .debug_info    0x0000000000024f36     0x2587 build/cmsis_os.o
 .debug_info    0x00000000000274bd      0xd7b build/heap_4.o
 .debug_info    0x0000000000028238      0x56c build/port.o
 .debug_info    0x00000000000287a4     0x32d5 build/canard.o
 .debug_info    0x000000000002ba79     0x1482 build/canard_stm32.o
 .debug_info    0x000000000002cefb       0x22 build/startup_stm32f303xc.o

.debug_abbrev   0x0000000000000000     0x53cc
 .debug_abbrev  0x0000000000000000      0x2bf build/main.o
 .debug_abbrev  0x00000000000002bf      0x20d build/gpio.o
 .debug_abbrev  0x00000000000004cc      0x246 build/adc.o
 .debug_abbrev  0x0000000000000712      0x253 build/can.o
 .debug_abbrev  0x0000000000000965      0x477 build/oi_uavcan.o
 .debug_abbrev  0x0000000000000ddc      0x211 build/oi_driver.o
 .debug_abbrev  0x0000000000000fed      0x274 build/freertos.o
 .debug_abbrev  0x0000000000001261      0x246 build/usart.o
 .debug_abbrev  0x00000000000014a7      0x203 build/stm32f3xx_it.o
 .debug_abbrev  0x00000000000016aa      0x209 build/stm32f3xx_hal_msp.o
 .debug_abbrev  0x00000000000018b3      0x27b build/stm32f3xx_hal_timebase_tim.o
 .debug_abbrev  0x0000000000001b2e      0x33c build/stm32f3xx_hal_adc_ex.o
 .debug_abbrev  0x0000000000001e6a      0x346 build/stm32f3xx_hal_can.o
 .debug_abbrev  0x00000000000021b0      0x310 build/stm32f3xx_hal_tim.o
 .debug_abbrev  0x00000000000024c0      0x2f8 build/stm32f3xx_hal_tim_ex.o
 .debug_abbrev  0x00000000000027b8      0x31c build/stm32f3xx_hal_uart.o
 .debug_abbrev  0x0000000000002ad4      0x2c3 build/stm32f3xx_hal.o
 .debug_abbrev  0x0000000000002d97      0x37d build/stm32f3xx_hal_rcc.o
 .debug_abbrev  0x0000000000003114      0x318 build/stm32f3xx_hal_rcc_ex.o
 .debug_abbrev  0x000000000000342c      0x2be build/stm32f3xx_hal_gpio.o
 .debug_abbrev  0x00000000000036ea      0x3c0 build/stm32f3xx_hal_cortex.o
 .debug_abbrev  0x0000000000003aaa      0x200 build/system_stm32f3xx.o
 .debug_abbrev  0x0000000000003caa      0x217 build/list.o
 .debug_abbrev  0x0000000000003ec1      0x400 build/tasks.o
 .debug_abbrev  0x00000000000042c1      0x3d3 build/cmsis_os.o
 .debug_abbrev  0x0000000000004694      0x312 build/heap_4.o
 .debug_abbrev  0x00000000000049a6      0x230 build/port.o
 .debug_abbrev  0x0000000000004bd6      0x44f build/canard.o
 .debug_abbrev  0x0000000000005025      0x395 build/canard_stm32.o
 .debug_abbrev  0x00000000000053ba       0x12 build/startup_stm32f303xc.o

.debug_loc      0x0000000000000000    0x14b7d
 .debug_loc     0x0000000000000000      0x115 build/main.o
 .debug_loc     0x0000000000000115       0x39 build/gpio.o
 .debug_loc     0x000000000000014e      0x19d build/adc.o
 .debug_loc     0x00000000000002eb       0xf8 build/can.o
 .debug_loc     0x00000000000003e3      0xaea build/oi_uavcan.o
 .debug_loc     0x0000000000000ecd       0xef build/oi_driver.o
 .debug_loc     0x0000000000000fbc       0xf7 build/freertos.o
 .debug_loc     0x00000000000010b3       0xf8 build/usart.o
 .debug_loc     0x00000000000011ab       0x20 build/stm32f3xx_it.o
 .debug_loc     0x00000000000011cb       0x38 build/stm32f3xx_hal_msp.o
 .debug_loc     0x0000000000001203       0xbd build/stm32f3xx_hal_timebase_tim.o
 .debug_loc     0x00000000000012c0     0x2251 build/stm32f3xx_hal_adc_ex.o
 .debug_loc     0x0000000000003511      0xdd9 build/stm32f3xx_hal_can.o
 .debug_loc     0x00000000000042ea     0x4194 build/stm32f3xx_hal_tim.o
 .debug_loc     0x000000000000847e     0x1f0d build/stm32f3xx_hal_tim_ex.o
 .debug_loc     0x000000000000a38b     0x1ca2 build/stm32f3xx_hal_uart.o
 .debug_loc     0x000000000000c02d      0x19d build/stm32f3xx_hal.o
 .debug_loc     0x000000000000c1ca      0xa6e build/stm32f3xx_hal_rcc.o
 .debug_loc     0x000000000000cc38      0x8b5 build/stm32f3xx_hal_rcc_ex.o
 .debug_loc     0x000000000000d4ed      0x441 build/stm32f3xx_hal_gpio.o
 .debug_loc     0x000000000000d92e      0x65e build/stm32f3xx_hal_cortex.o
 .debug_loc     0x000000000000df8c       0xff build/system_stm32f3xx.o
 .debug_loc     0x000000000000e08b       0x9c build/list.o
 .debug_loc     0x000000000000e127     0x17d5 build/tasks.o
 .debug_loc     0x000000000000f8fc     0x15ed build/cmsis_os.o
 .debug_loc     0x0000000000010ee9      0x324 build/heap_4.o
 .debug_loc     0x000000000001120d      0x128 build/port.o
 .debug_loc     0x0000000000011335     0x2efe build/canard.o
 .debug_loc     0x0000000000014233      0x94a build/canard_stm32.o

.debug_aranges  0x0000000000000000     0x1540
 .debug_aranges
                0x0000000000000000       0x40 build/main.o
 .debug_aranges
                0x0000000000000040       0x20 build/gpio.o
 .debug_aranges
                0x0000000000000060       0x38 build/adc.o
 .debug_aranges
                0x0000000000000098       0x30 build/can.o
 .debug_aranges
                0x00000000000000c8       0x90 build/oi_uavcan.o
 .debug_aranges
                0x0000000000000158       0x20 build/oi_driver.o
 .debug_aranges
                0x0000000000000178       0x30 build/freertos.o
 .debug_aranges
                0x00000000000001a8       0x30 build/usart.o
 .debug_aranges
                0x00000000000001d8       0x50 build/stm32f3xx_it.o
 .debug_aranges
                0x0000000000000228       0x20 build/stm32f3xx_hal_msp.o
 .debug_aranges
                0x0000000000000248       0x30 build/stm32f3xx_hal_timebase_tim.o
 .debug_aranges
                0x0000000000000278      0x168 build/stm32f3xx_hal_adc_ex.o
 .debug_aranges
                0x00000000000003e0      0x138 build/stm32f3xx_hal_can.o
 .debug_aranges
                0x0000000000000518      0x378 build/stm32f3xx_hal_tim.o
 .debug_aranges
                0x0000000000000890      0x178 build/stm32f3xx_hal_tim_ex.o
 .debug_aranges
                0x0000000000000a08      0x1f0 build/stm32f3xx_hal_uart.o
 .debug_aranges
                0x0000000000000bf8       0xe0 build/stm32f3xx_hal.o
 .debug_aranges
                0x0000000000000cd8       0x88 build/stm32f3xx_hal_rcc.o
 .debug_aranges
                0x0000000000000d60       0x38 build/stm32f3xx_hal_rcc_ex.o
 .debug_aranges
                0x0000000000000d98       0x58 build/stm32f3xx_hal_gpio.o
 .debug_aranges
                0x0000000000000df0       0xa8 build/stm32f3xx_hal_cortex.o
 .debug_aranges
                0x0000000000000e98       0x28 build/system_stm32f3xx.o
 .debug_aranges
                0x0000000000000ec0       0x40 build/list.o
 .debug_aranges
                0x0000000000000f00      0x1a0 build/tasks.o
 .debug_aranges
                0x00000000000010a0      0x1d8 build/cmsis_os.o
 .debug_aranges
                0x0000000000001278       0x50 build/heap_4.o
 .debug_aranges
                0x00000000000012c8       0x80 build/port.o
 .debug_aranges
                0x0000000000001348      0x168 build/canard.o
 .debug_aranges
                0x00000000000014b0       0x68 build/canard_stm32.o
 .debug_aranges
                0x0000000000001518       0x28 build/startup_stm32f303xc.o

.debug_ranges   0x0000000000000000     0x17e8
 .debug_ranges  0x0000000000000000       0x48 build/main.o
 .debug_ranges  0x0000000000000048       0x10 build/gpio.o
 .debug_ranges  0x0000000000000058       0x28 build/adc.o
 .debug_ranges  0x0000000000000080       0x20 build/can.o
 .debug_ranges  0x00000000000000a0       0xf8 build/oi_uavcan.o
 .debug_ranges  0x0000000000000198       0x10 build/oi_driver.o
 .debug_ranges  0x00000000000001a8       0x20 build/freertos.o
 .debug_ranges  0x00000000000001c8       0x20 build/usart.o
 .debug_ranges  0x00000000000001e8       0x40 build/stm32f3xx_it.o
 .debug_ranges  0x0000000000000228       0x10 build/stm32f3xx_hal_msp.o
 .debug_ranges  0x0000000000000238       0x20 build/stm32f3xx_hal_timebase_tim.o
 .debug_ranges  0x0000000000000258      0x158 build/stm32f3xx_hal_adc_ex.o
 .debug_ranges  0x00000000000003b0      0x128 build/stm32f3xx_hal_can.o
 .debug_ranges  0x00000000000004d8      0x368 build/stm32f3xx_hal_tim.o
 .debug_ranges  0x0000000000000840      0x168 build/stm32f3xx_hal_tim_ex.o
 .debug_ranges  0x00000000000009a8      0x1e0 build/stm32f3xx_hal_uart.o
 .debug_ranges  0x0000000000000b88       0xd0 build/stm32f3xx_hal.o
 .debug_ranges  0x0000000000000c58       0x98 build/stm32f3xx_hal_rcc.o
 .debug_ranges  0x0000000000000cf0       0x40 build/stm32f3xx_hal_rcc_ex.o
 .debug_ranges  0x0000000000000d30       0x48 build/stm32f3xx_hal_gpio.o
 .debug_ranges  0x0000000000000d78       0xf8 build/stm32f3xx_hal_cortex.o
 .debug_ranges  0x0000000000000e70       0x18 build/system_stm32f3xx.o
 .debug_ranges  0x0000000000000e88       0x30 build/list.o
 .debug_ranges  0x0000000000000eb8      0x230 build/tasks.o
 .debug_ranges  0x00000000000010e8      0x1c8 build/cmsis_os.o
 .debug_ranges  0x00000000000012b0       0x40 build/heap_4.o
 .debug_ranges  0x00000000000012f0       0x70 build/port.o
 .debug_ranges  0x0000000000001360      0x360 build/canard.o
 .debug_ranges  0x00000000000016c0      0x108 build/canard_stm32.o
 .debug_ranges  0x00000000000017c8       0x20 build/startup_stm32f303xc.o

.debug_line     0x0000000000000000     0xb5d9
 .debug_line    0x0000000000000000      0x452 build/main.o
 .debug_line    0x0000000000000452      0x261 build/gpio.o
 .debug_line    0x00000000000006b3      0x36e build/adc.o
 .debug_line    0x0000000000000a21      0x2df build/can.o
 .debug_line    0x0000000000000d00      0x56c build/oi_uavcan.o
 .debug_line    0x000000000000126c      0x24b build/oi_driver.o
 .debug_line    0x00000000000014b7      0x381 build/freertos.o
 .debug_line    0x0000000000001838      0x2ea build/usart.o
 .debug_line    0x0000000000001b22      0x2de build/stm32f3xx_it.o
 .debug_line    0x0000000000001e00      0x258 build/stm32f3xx_hal_msp.o
 .debug_line    0x0000000000002058      0x2ec build/stm32f3xx_hal_timebase_tim.o
 .debug_line    0x0000000000002344     0x1494 build/stm32f3xx_hal_adc_ex.o
 .debug_line    0x00000000000037d8      0x771 build/stm32f3xx_hal_can.o
 .debug_line    0x0000000000003f49     0x148e build/stm32f3xx_hal_tim.o
 .debug_line    0x00000000000053d7      0xa18 build/stm32f3xx_hal_tim_ex.o
 .debug_line    0x0000000000005def      0xd5f build/stm32f3xx_hal_uart.o
 .debug_line    0x0000000000006b4e      0x44d build/stm32f3xx_hal.o
 .debug_line    0x0000000000006f9b      0x78f build/stm32f3xx_hal_rcc.o
 .debug_line    0x000000000000772a      0x557 build/stm32f3xx_hal_rcc_ex.o
 .debug_line    0x0000000000007c81      0x3e8 build/stm32f3xx_hal_gpio.o
 .debug_line    0x0000000000008069      0x4a1 build/stm32f3xx_hal_cortex.o
 .debug_line    0x000000000000850a      0x26f build/system_stm32f3xx.o
 .debug_line    0x0000000000008779      0x317 build/list.o
 .debug_line    0x0000000000008a90      0xbc3 build/tasks.o
 .debug_line    0x0000000000009653      0x8ef build/cmsis_os.o
 .debug_line    0x0000000000009f42      0x3c0 build/heap_4.o
 .debug_line    0x000000000000a302      0x320 build/port.o
 .debug_line    0x000000000000a622      0xa17 build/canard.o
 .debug_line    0x000000000000b039      0x52c build/canard_stm32.o
 .debug_line    0x000000000000b565       0x74 build/startup_stm32f303xc.o

.debug_str      0x0000000000000000     0x76df
 .debug_str     0x0000000000000000     0x142e build/main.o