Archive member included to satisfy reference by file (symbol)

/usr/local/Cellar/arm-none-eabi-gcc/7-2018-q2-update/gcc/bin/../lib/gcc/arm-none-eabi/7.3.1/../../../../arm-none-eabi/lib/thumb/v7e-m/fpv4-sp/hard/libc_nano.a(lib_a-assert.o)
                              build/oi_uavcan.o (__assert_func)
/usr/local/Cellar/arm-none-eabi-gcc/7-2018-q2-update/gcc/bin/../lib/gcc/arm-none-eabi/7.3.1/../../../../arm-none-eabi/lib/thumb/v7e-m/fpv4-sp/hard/libc_nano.a(lib_a-exit.o)
                              /usr/local/Cellar/arm-none-eabi-gcc/7-2018-q2-update/gcc/bin/../lib/gcc/arm-none-eabi/7.3.1/../../../../arm-none-eabi/lib/thumb/v7e-m/fpv4-sp/hard/crt0.o (exit)
/usr/local/Cellar/arm-none-eabi-gcc/7-2018-q2-update/gcc/bin/../lib/gcc/arm-none-eabi/7.3.1/../../../../arm-none-eabi/lib/thumb/v7e-m/fpv4-sp/hard/libc_nano.a(lib_a-fprintf.o)
                              /usr/local/Cellar/arm-none-eabi-gcc/7-2018-q2-update/gcc/bin/../lib/gcc/arm-none-eabi/7.3.1/../../../../arm-none-eabi/lib/thumb/v7e-m/fpv4-sp/hard/libc_nano.a(lib_a-assert.o) (fiprintf)
/usr/local/Cellar/arm-none-eabi-gcc/7-2018-q2-update/gcc/bin/../lib/gcc/arm-none-eabi/7.3.1/../../../../arm-none-eabi/lib/thumb/v7e-m/fpv4-sp/hard/libc_nano.a(lib_a-impure.o)
                              /usr/local/Cellar/arm-none-eabi-gcc/7-2018-q2-update/gcc/bin/../lib/gcc/arm-none-eabi/7.3.1/../../../../arm-none-eabi/lib/thumb/v7e-m/fpv4-sp/hard/libc_nano.a(lib_a-exit.o) (_global_impure_ptr)
/usr/local/Cellar/arm-none-eabi-gcc/7-2018-q2-update/gcc/bin/../lib/gcc/arm-none-eabi/7.3.1/../../../../arm-none-eabi/lib/thumb/v7e-m/fpv4-sp/hard/libc_nano.a(lib_a-init.o)
                              /usr/local/Cellar/arm-none-eabi-gcc/7-2018-q2-update/gcc/bin/../lib/gcc/arm-none-eabi/7.3.1/../../../../arm-none-eabi/lib/thumb/v7e-m/fpv4-sp/hard/crt0.o (__libc_init_array)
/usr/local/Cellar/arm-none-eabi-gcc/7-2018-q2-update/gcc/bin/../lib/gcc/arm-none-eabi/7.3.1/../../../../arm-none-eabi/lib/thumb/v7e-m/fpv4-sp/hard/libc_nano.a(lib_a-memcpy-stub.o)
                              build/oi_uavcan.o (memcpy)
/usr/local/Cellar/arm-none-eabi-gcc/7-2018-q2-update/gcc/bin/../lib/gcc/arm-none-eabi/7.3.1/../../../../arm-none-eabi/lib/thumb/v7e-m/fpv4-sp/hard/libc_nano.a(lib_a-memset.o)
                              /usr/local/Cellar/arm-none-eabi-gcc/7-2018-q2-update/gcc/bin/../lib/gcc/arm-none-eabi/7.3.1/../../../../arm-none-eabi/lib/thumb/v7e-m/fpv4-sp/hard/crt0.o (memset)
/usr/local/Cellar/arm-none-eabi-gcc/7-2018-q2-update/gcc/bin/../lib/gcc/arm-none-eabi/7.3.1/../../../../arm-none-eabi/lib/thumb/v7e-m/fpv4-sp/hard/libc_nano.a(lib_a-nano-vfprintf.o)
                              /usr/local/Cellar/arm-none-eabi-gcc/7-2018-q2-update/gcc/bin/../lib/gcc/arm-none-eabi/7.3.1/../../../../arm-none-eabi/lib/thumb/v7e-m/fpv4-sp/hard/libc_nano.a(lib_a-fprintf.o) (_vfprintf_r)
/usr/local/Cellar/arm-none-eabi-gcc/7-2018-q2-update/gcc/bin/../lib/gcc/arm-none-eabi/7.3.1/../../../../arm-none-eabi/lib/thumb/v7e-m/fpv4-sp/hard/libc_nano.a(lib_a-nano-vfprintf_i.o)
                              /usr/local/Cellar/arm-none-eabi-gcc/7-2018-q2-update/gcc/bin/../lib/gcc/arm-none-eabi/7.3.1/../../../../arm-none-eabi/lib/thumb/v7e-m/fpv4-sp/hard/libc_nano.a(lib_a-nano-vfprintf.o) (_printf_i)
/usr/local/Cellar/arm-none-eabi-gcc/7-2018-q2-update/gcc/bin/../lib/gcc/arm-none-eabi/7.3.1/../../../../arm-none-eabi/lib/thumb/v7e-m/fpv4-sp/hard/libc_nano.a(lib_a-strlen.o)
                              build/oi_uavcan.o (strlen)
/usr/local/Cellar/arm-none-eabi-gcc/7-2018-q2-update/gcc/bin/../lib/gcc/arm-none-eabi/7.3.1/../../../../arm-none-eabi/lib/thumb/v7e-m/fpv4-sp/hard/libc_nano.a(lib_a-strncmp.o)
                              build/oi_uavcan.o (strncmp)
/usr/local/Cellar/arm-none-eabi-gcc/7-2018-q2-update/gcc/bin/../lib/gcc/arm-none-eabi/7.3.1/../../../../arm-none-eabi/lib/thumb/v7e-m/fpv4-sp/hard/libc_nano.a(lib_a-wbuf.o)
                              /usr/local/Cellar/arm-none-eabi-gcc/7-2018-q2-update/gcc/bin/../lib/gcc/arm-none-eabi/7.3.1/../../../../arm-none-eabi/lib/thumb/v7e-m/fpv4-sp/hard/libc_nano.a(lib_a-nano-vfprintf.o) (__swbuf_r)
/usr/local/Cellar/arm-none-eabi-gcc/7-2018-q2-update/gcc/bin/../lib/gcc/arm-none-eabi/7.3.1/../../../../arm-none-eabi/lib/thumb/v7e-m/fpv4-sp/hard/libc_nano.a(lib_a-wsetup.o)
                              /usr/local/Cellar/arm-none-eabi-gcc/7-2018-q2-update/gcc/bin/../lib/gcc/arm-none-eabi/7.3.1/../../../../arm-none-eabi/lib/thumb/v7e-m/fpv4-sp/hard/libc_nano.a(lib_a-nano-vfprintf.o) (__swsetup_r)
/usr/local/Cellar/arm-none-eabi-gcc/7-2018-q2-update/gcc/bin/../lib/gcc/arm-none-eabi/7.3.1/../../../../arm-none-eabi/lib/thumb/v7e-m/fpv4-sp/hard/libc_nano.a(lib_a-abort.o)
                              /usr/local/Cellar/arm-none-eabi-gcc/7-2018-q2-update/gcc/bin/../lib/gcc/arm-none-eabi/7.3.1/../../../../arm-none-eabi/lib/thumb/v7e-m/fpv4-sp/hard/libc_nano.a(lib_a-assert.o) (abort)
[...]
Memory Configuration

Name             Origin             Length             Attributes
RAM              0x0000000020000000 0x000000000000a000 xrw
CCMRAM           0x0000000010000000 0x0000000000002000 rw
FLASH            0x0000000008000000 0x0000000000040000 xr
*default*        0x0000000000000000 0xffffffffffffffff

Linker script and memory map

LOAD /usr/local/Cellar/arm-none-eabi-gcc/7-2018-q2-update/gcc/bin/../lib/gcc/arm-none-eabi/7.3.1/thumb/v7e-m/fpv4-sp/hard/crti.o
LOAD /usr/local/Cellar/arm-none-eabi-gcc/7-2018-q2-update/gcc/bin/../lib/gcc/arm-none-eabi/7.3.1/thumb/v7e-m/fpv4-sp/hard/crtbegin.o
LOAD /usr/local/Cellar/arm-none-eabi-gcc/7-2018-q2-update/gcc/bin/../lib/gcc/arm-none-eabi/7.3.1/../../../../arm-none-eabi/lib/thumb/v7e-m/fpv4-sp/hard/crt0.o
LOAD build/main.o
LOAD build/gpio.o
LOAD build/adc.o
LOAD build/can.o
LOAD build/oi_uavcan.o
LOAD build/oi_driver.o
LOAD build/freertos.o
LOAD build/usart.o
LOAD build/stm32f3xx_it.o
LOAD build/stm32f3xx_hal_msp.o
LOAD build/stm32f3xx_hal_timebase_tim.o
LOAD build/stm32f3xx_hal_adc.o
LOAD build/stm32f3xx_hal_adc_ex.o
LOAD build/stm32f3xx_hal_can.o
LOAD build/stm32f3xx_hal_tim.o
LOAD build/stm32f3xx_hal_tim_ex.o
LOAD build/stm32f3xx_hal_uart.o
LOAD build/stm32f3xx_hal_uart_ex.o
LOAD build/stm32f3xx_hal.o
LOAD build/stm32f3xx_hal_rcc.o
LOAD build/stm32f3xx_hal_rcc_ex.o
LOAD build/stm32f3xx_hal_gpio.o
LOAD build/stm32f3xx_hal_dma.o
LOAD build/stm32f3xx_hal_cortex.o
LOAD build/stm32f3xx_hal_pwr.o
LOAD build/stm32f3xx_hal_pwr_ex.o
LOAD build/stm32f3xx_hal_flash.o
LOAD build/stm32f3xx_hal_flash_ex.o
LOAD build/stm32f3xx_hal_i2c.o
LOAD build/stm32f3xx_hal_i2c_ex.o
LOAD build/system_stm32f3xx.o
LOAD build/croutine.o
LOAD build/event_groups.o
LOAD build/list.o
LOAD build/queue.o
LOAD build/tasks.o
LOAD build/timers.o
LOAD build/cmsis_os.o
LOAD build/heap_4.o
LOAD build/port.o
LOAD build/canard.o
LOAD build/canard_stm32.o
LOAD build/startup_stm32f303xc.o
LOAD /usr/local/Cellar/arm-none-eabi-gcc/7-2018-q2-update/gcc/bin/../lib/gcc/arm-none-eabi/7.3.1/../../../../arm-none-eabi/lib/thumb/v7e-m/fpv4-sp/hard/libc_nano.a
LOAD /usr/local/Cellar/arm-none-eabi-gcc/7-2018-q2-update/gcc/bin/../lib/gcc/arm-none-eabi/7.3.1/../../../../arm-none-eabi/lib/thumb/v7e-m/fpv4-sp/hard/libm.a
LOAD /usr/local/Cellar/arm-none-eabi-gcc/7-2018-q2-update/gcc/bin/../lib/gcc/arm-none-eabi/7.3.1/../../../../arm-none-eabi/lib/thumb/v7e-m/fpv4-sp/hard/libnosys.a
START GROUP
LOAD /usr/local/Cellar/arm-none-eabi-gcc/7-2018-q2-update/gcc/bin/../lib/gcc/arm-none-eabi/7.3.1/thumb/v7e-m/fpv4-sp/hard/libgcc.a
LOAD /usr/local/Cellar/arm-none-eabi-gcc/7-2018-q2-update/gcc/bin/../lib/gcc/arm-none-eabi/7.3.1/../../../../arm-none-eabi/lib/thumb/v7e-m/fpv4-sp/hard/libc_nano.a
END GROUP
START GROUP
LOAD /usr/local/Cellar/arm-none-eabi-gcc/7-2018-q2-update/gcc/bin/../lib/gcc/arm-none-eabi/7.3.1/thumb/v7e-m/fpv4-sp/hard/libgcc.a
LOAD /usr/local/Cellar/arm-none-eabi-gcc/7-2018-q2-update/gcc/bin/../lib/gcc/arm-none-eabi/7.3.1/../../../../arm-none-eabi/lib/thumb/v7e-m/fpv4-sp/hard/libc_nano.a
END GROUP
LOAD /usr/local/Cellar/arm-none-eabi-gcc/7-2018-q2-update/gcc/bin/../lib/gcc/arm-none-eabi/7.3.1/thumb/v7e-m/fpv4-sp/hard/crtend.o
LOAD /usr/local/Cellar/arm-none-eabi-gcc/7-2018-q2-update/gcc/bin/../lib/gcc/arm-none-eabi/7.3.1/thumb/v7e-m/fpv4-sp/hard/crtn.o
                0x000000002000a000                _estack = 0x2000a000
                0x0000000000000200                _Min_Heap_Size = 0x200
                0x0000000000000400                _Min_Stack_Size = 0x400

.isr_vector     0x0000000008000000      0x188
                0x0000000008000000                . = ALIGN (0x4)
 *(.isr_vector)
 .isr_vector    0x0000000008000000      0x188 build/startup_stm32f303xc.o
                0x0000000008000000                g_pfnVectors
                0x0000000008000188                . = ALIGN (0x4)

.text           0x0000000008000190     0x6140
                0x0000000008000190                . = ALIGN (0x4)
 *(.text)
 .text          0x0000000008000190       0x40 /usr/local/Cellar/arm-none-eabi-gcc/7-2018-q2-update/gcc/bin/../lib/gcc/arm-none-eabi/7.3.1/thumb/v7e-m/fpv4-sp/hard/crtbegin.o
 .text          0x00000000080001d0       0x10 /usr/local/Cellar/arm-none-eabi-gcc/7-2018-q2-update/gcc/bin/../lib/gcc/arm-none-eabi/7.3.1/../../../../arm-none-eabi/lib/thumb/v7e-m/fpv4-sp/hard/libc_nano.a(lib_a-strlen.o)
                0x00000000080001d0                strlen
 .text          0x00000000080001e0       0xa0 /usr/local/Cellar/arm-none-eabi-gcc/7-2018-q2-update/gcc/bin/../lib/gcc/arm-none-eabi/7.3.1/../../../../arm-none-eabi/lib/thumb/v7e-m/fpv4-sp/hard/libc_nano.a(lib_a-memchr.o)
                0x00000000080001e0                memchr
 *(.text*)
 .text.SystemClock_Config
                0x0000000008000280       0x6e build/main.o
                0x0000000008000280                SystemClock_Config
 .text.main     0x00000000080002ee       0x28 build/main.o
                0x00000000080002ee                main
 *fill*         0x0000000008000316        0x2 
 .text.HAL_TIM_PeriodElapsedCallback
                0x0000000008000318       0x18 build/main.o
                0x0000000008000318                HAL_TIM_PeriodElapsedCallback
 .text.Error_Handler
                0x0000000008000330        0x2 build/main.o
                0x0000000008000330                Error_Handler
 *fill*         0x0000000008000332        0x2 
 .text.MX_GPIO_Init
                0x0000000008000334       0xe4 build/gpio.o
                0x0000000008000334                MX_GPIO_Init
 .text.MX_ADC1_Init
                0x0000000008000418       0x8c build/adc.o
                0x0000000008000418                MX_ADC1_Init
 .text.MX_ADC2_Init
                0x00000000080004a4       0x74 build/adc.o
                0x00000000080004a4                MX_ADC2_Init
 .text.HAL_ADC_MspInit
                0x0000000008000518       0xc4 build/adc.o
                0x0000000008000518                HAL_ADC_MspInit
 .text.MX_CAN_Init
                0x00000000080005dc       0x38 build/can.o
                0x00000000080005dc                MX_CAN_Init
 .text.HAL_CAN_MspInit
                0x0000000008000614       0x6c build/can.o
                0x0000000008000614                HAL_CAN_MspInit
 .text.readUniqueID
                0x0000000008000680       0x10 build/oi_uavcan.o
 .text.shouldAcceptTransfer
                0x0000000008000690       0x48 build/oi_uavcan.o
 .text.makeNodeStatusMessage
                0x00000000080006d8       0x58 build/oi_uavcan.o
 .text.makeNodeInfoMessage
                0x0000000008000730       0x68 build/oi_uavcan.o
 .text.getNodeInfoHandleCanard
                0x0000000008000798       0x4c build/oi_uavcan.o
 .text.encodeParamCanard
                0x00000000080007e4      0x142 build/oi_uavcan.o
 *fill*         0x0000000008000926        0x2 
 .text.oi_uavcan_getParamByIndex
                0x0000000008000928       0x18 build/oi_uavcan.o
                0x0000000008000928                oi_uavcan_getParamByIndex
 .text.oi_uavcan_getParamByName
                0x0000000008000940       0x40 build/oi_uavcan.o
                0x0000000008000940                oi_uavcan_getParamByName
 .text.getsetHandleCanard
                0x0000000008000980      0x114 build/oi_uavcan.o
 .text.onTransferReceived
                0x0000000008000a94       0x2e build/oi_uavcan.o
 *fill*         0x0000000008000ac2        0x2 
 .text.oi_uavcan_init
                0x0000000008000ac4      0x15c build/oi_uavcan.o
                0x0000000008000ac4                oi_uavcan_init
 .text.oi_uavcan_spinCanard
                0x0000000008000c20       0x60 build/oi_uavcan.o
                0x0000000008000c20                oi_uavcan_spinCanard
 .text.oi_uavcan_sendCanard
                0x0000000008000c80       0x28 build/oi_uavcan.o
                0x0000000008000c80                oi_uavcan_sendCanard
 .text.oi_uavcan_receiveCanard
                0x0000000008000ca8       0x34 build/oi_uavcan.o
                0x0000000008000ca8                oi_uavcan_receiveCanard
 .text.oi_driver_set
                0x0000000008000cdc       0x1e build/oi_driver.o
                0x0000000008000cdc                oi_driver_set
 *fill*         0x0000000008000cfa        0x2 
 .text.StartDefaultTask
                0x0000000008000cfc       0xb4 build/freertos.o
                0x0000000008000cfc                StartDefaultTask
 .text.StartUAVCANTask
                0x0000000008000db0       0x28 build/freertos.o
                0x0000000008000db0                StartUAVCANTask
 .text.MX_FREERTOS_Init
                0x0000000008000dd8       0x40 build/freertos.o
                0x0000000008000dd8                MX_FREERTOS_Init
 .text.MX_USART3_UART_Init
                0x0000000008000e18       0x38 build/usart.o
                0x0000000008000e18                MX_USART3_UART_Init
 .text.HAL_UART_MspInit
                0x0000000008000e50       0x6c build/usart.o
                0x0000000008000e50                HAL_UART_MspInit
 .text.NMI_Handler
                0x0000000008000ebc        0x2 build/stm32f3xx_it.o
                0x0000000008000ebc                NMI_Handler
 .text.HardFault_Handler
                0x0000000008000ebe        0x2 build/stm32f3xx_it.o
                0x0000000008000ebe                HardFault_Handler
 .text.MemManage_Handler
                0x0000000008000ec0        0x2 build/stm32f3xx_it.o
                0x0000000008000ec0                MemManage_Handler
 .text.BusFault_Handler
                0x0000000008000ec2        0x2 build/stm32f3xx_it.o
                0x0000000008000ec2                BusFault_Handler
 .text.UsageFault_Handler
                0x0000000008000ec4        0x2 build/stm32f3xx_it.o
                0x0000000008000ec4                UsageFault_Handler
 .text.DebugMon_Handler
                0x0000000008000ec6        0x2 build/stm32f3xx_it.o
                0x0000000008000ec6                DebugMon_Handler
 .text.TIM1_UP_TIM16_IRQHandler
                0x0000000008000ec8       0x10 build/stm32f3xx_it.o
                0x0000000008000ec8                TIM1_UP_TIM16_IRQHandler
 .text.HAL_MspInit
                0x0000000008000ed8       0x40 build/stm32f3xx_hal_msp.o
                0x0000000008000ed8                HAL_MspInit
 .text.HAL_InitTick
                0x0000000008000f18       0x78 build/stm32f3xx_hal_timebase_tim.o
                0x0000000008000f18                HAL_InitTick
 .text.ADC_Disable
                0x0000000008000f90       0x7e build/stm32f3xx_hal_adc_ex.o
 *fill*         0x000000000800100e        0x2 
 .text.HAL_ADC_Init
                0x0000000008001010      0x290 build/stm32f3xx_hal_adc_ex.o
                0x0000000008001010                HAL_ADC_Init
 .text.HAL_ADC_ConfigChannel
                0x00000000080012a0      0x3ac build/stm32f3xx_hal_adc_ex.o
                0x00000000080012a0                HAL_ADC_ConfigChannel
 .text.HAL_ADCEx_MultiModeConfigChannel
                0x000000000800164c      0x154 build/stm32f3xx_hal_adc_ex.o
                0x000000000800164c                HAL_ADCEx_MultiModeConfigChannel
 .text.HAL_CAN_Init
                0x00000000080017a0      0x14c build/stm32f3xx_hal_can.o
                0x00000000080017a0                HAL_CAN_Init
 .text.HAL_TIM_Base_MspInit
                0x00000000080018ec        0x2 build/stm32f3xx_hal_tim.o
                0x00000000080018ec                HAL_TIM_Base_MspInit
 .text.HAL_TIM_Base_Start_IT
                0x00000000080018ee       0x18 build/stm32f3xx_hal_tim.o
                0x00000000080018ee                HAL_TIM_Base_Start_IT
 .text.HAL_TIM_OC_DelayElapsedCallback
                0x0000000008001906        0x2 build/stm32f3xx_hal_tim.o
                0x0000000008001906                HAL_TIM_OC_DelayElapsedCallback
 .text.HAL_TIM_IC_CaptureCallback
                0x0000000008001908        0x2 build/stm32f3xx_hal_tim.o
                0x0000000008001908                HAL_TIM_IC_CaptureCallback
 .text.HAL_TIM_PWM_PulseFinishedCallback
                0x000000000800190a        0x2 build/stm32f3xx_hal_tim.o
                0x000000000800190a                HAL_TIM_PWM_PulseFinishedCallback
 .text.HAL_TIM_TriggerCallback
                0x000000000800190c        0x2 build/stm32f3xx_hal_tim.o
                0x000000000800190c                HAL_TIM_TriggerCallback
 .text.HAL_TIM_IRQHandler
                0x000000000800190e      0x19a build/stm32f3xx_hal_tim.o
                0x000000000800190e                HAL_TIM_IRQHandler
 .text.TIM_Base_SetConfig
                0x0000000008001aa8       0xb8 build/stm32f3xx_hal_tim.o
                0x0000000008001aa8                TIM_Base_SetConfig
 .text.HAL_TIM_Base_Init
                0x0000000008001b60       0x32 build/stm32f3xx_hal_tim.o
                0x0000000008001b60                HAL_TIM_Base_Init
 .text.HAL_TIMEx_CommutationCallback
                0x0000000008001b92        0x2 build/stm32f3xx_hal_tim_ex.o
                0x0000000008001b92                HAL_TIMEx_CommutationCallback
 .text.HAL_TIMEx_BreakCallback
                0x0000000008001b94        0x2 build/stm32f3xx_hal_tim_ex.o
                0x0000000008001b94                HAL_TIMEx_BreakCallback
 .text.HAL_TIMEx_Break2Callback
                0x0000000008001b96        0x2 build/stm32f3xx_hal_tim_ex.o
                0x0000000008001b96                HAL_TIMEx_Break2Callback
 .text.UART_SetConfig
                0x0000000008001b98      0x2a0 build/stm32f3xx_hal_uart.o
                0x0000000008001b98                UART_SetConfig
 .text.UART_AdvFeatureConfig
                0x0000000008001e38       0xca build/stm32f3xx_hal_uart.o
                0x0000000008001e38                UART_AdvFeatureConfig
 .text.UART_WaitOnFlagUntilTimeout
                0x0000000008001f02       0x62 build/stm32f3xx_hal_uart.o
                0x0000000008001f02                UART_WaitOnFlagUntilTimeout
 .text.UART_CheckIdleState
                0x0000000008001f64       0x70 build/stm32f3xx_hal_uart.o
                0x0000000008001f64                UART_CheckIdleState
 .text.HAL_UART_Init
                0x0000000008001fd4       0x66 build/stm32f3xx_hal_uart.o
                0x0000000008001fd4                HAL_UART_Init
 *fill*         0x000000000800203a        0x2 
 .text.HAL_Init
                0x000000000800203c       0x24 build/stm32f3xx_hal.o
                0x000000000800203c                HAL_Init
 .text.HAL_IncTick
                0x0000000008002060       0x18 build/stm32f3xx_hal.o
                0x0000000008002060                HAL_IncTick
 .text.HAL_GetTick
                0x0000000008002078        0xc build/stm32f3xx_hal.o
                0x0000000008002078                HAL_GetTick
 .text.HAL_RCC_OscConfig
                0x0000000008002084      0x618 build/stm32f3xx_hal_rcc.o
                0x0000000008002084                HAL_RCC_OscConfig
 .text.HAL_RCC_GetSysClockFreq
                0x000000000800269c       0x7c build/stm32f3xx_hal_rcc.o
                0x000000000800269c                HAL_RCC_GetSysClockFreq
 .text.HAL_RCC_ClockConfig
                0x0000000008002718      0x1a0 build/stm32f3xx_hal_rcc.o
                0x0000000008002718                HAL_RCC_ClockConfig
 .text.HAL_RCC_GetHCLKFreq
                0x00000000080028b8        0xc build/stm32f3xx_hal_rcc.o
                0x00000000080028b8                HAL_RCC_GetHCLKFreq
 .text.HAL_RCC_GetPCLK1Freq
                0x00000000080028c4       0x2c build/stm32f3xx_hal_rcc.o
                0x00000000080028c4                HAL_RCC_GetPCLK1Freq
 .text.HAL_RCC_GetPCLK2Freq
                0x00000000080028f0       0x2c build/stm32f3xx_hal_rcc.o
                0x00000000080028f0                HAL_RCC_GetPCLK2Freq
 .text.HAL_RCC_GetClockConfig
                0x000000000800291c       0x3c build/stm32f3xx_hal_rcc.o
                0x000000000800291c                HAL_RCC_GetClockConfig
 .text.HAL_RCCEx_PeriphCLKConfig
                0x0000000008002958      0x268 build/stm32f3xx_hal_rcc_ex.o
                0x0000000008002958                HAL_RCCEx_PeriphCLKConfig
 .text.HAL_GPIO_Init
                0x0000000008002bc0      0x194 build/stm32f3xx_hal_gpio.o
                0x0000000008002bc0                HAL_GPIO_Init
 .text.HAL_GPIO_WritePin
                0x0000000008002d54        0xa build/stm32f3xx_hal_gpio.o
                0x0000000008002d54                HAL_GPIO_WritePin
 .text.HAL_GPIO_TogglePin
                0x0000000008002d5e        0x8 build/stm32f3xx_hal_gpio.o
                0x0000000008002d5e                HAL_GPIO_TogglePin
 *fill*         0x0000000008002d66        0x2 
 .text.HAL_NVIC_SetPriorityGrouping
                0x0000000008002d68       0x24 build/stm32f3xx_hal_cortex.o
                0x0000000008002d68                HAL_NVIC_SetPriorityGrouping
 .text.HAL_NVIC_SetPriority
                0x0000000008002d8c       0x68 build/stm32f3xx_hal_cortex.o
                0x0000000008002d8c                HAL_NVIC_SetPriority
 .text.HAL_NVIC_EnableIRQ
                0x0000000008002df4       0x18 build/stm32f3xx_hal_cortex.o
                0x0000000008002df4                HAL_NVIC_EnableIRQ
 .text.SystemInit
                0x0000000008002e0c       0x68 build/system_stm32f3xx.o
                0x0000000008002e0c                SystemInit
 .text.vListInitialise
                0x0000000008002e74       0x16 build/list.o
                0x0000000008002e74                vListInitialise
 .text.vListInitialiseItem
                0x0000000008002e8a        0x6 build/list.o
                0x0000000008002e8a                vListInitialiseItem
 .text.vListInsertEnd
                0x0000000008002e90       0x18 build/list.o
                0x0000000008002e90                vListInsertEnd
 .text.vListInsert
                0x0000000008002ea8       0x34 build/list.o
                0x0000000008002ea8                vListInsert
 .text.uxListRemove
                0x0000000008002edc       0x26 build/list.o
                0x0000000008002edc                uxListRemove
 *fill*         0x0000000008002f02        0x2 
 .text.prvResetNextTaskUnblockTime
                0x0000000008002f04       0x2c build/tasks.o
 .text.prvDeleteTCB
                0x0000000008002f30       0x12 build/tasks.o
 .text.prvInitialiseNewTask
                0x0000000008002f42       0x80 build/tasks.o
 *fill*         0x0000000008002fc2        0x2 
 .text.prvInitialiseTaskLists
                0x0000000008002fc4       0x68 build/tasks.o
 .text.prvAddNewTaskToReadyList
                0x000000000800302c       0xa8 build/tasks.o
 .text.prvAddCurrentTaskToDelayedList
                0x00000000080030d4       0x98 build/tasks.o
 .text.xTaskCreate
                0x000000000800316c       0x62 build/tasks.o
                0x000000000800316c                xTaskCreate
 *fill*         0x00000000080031ce        0x2 
 .text.vTaskStartScheduler
                0x00000000080031d0       0x7c build/tasks.o
                0x00000000080031d0                vTaskStartScheduler
 .text.vTaskSuspendAll
                0x000000000800324c       0x10 build/tasks.o
                0x000000000800324c                vTaskSuspendAll
 .text.xTaskGetTickCount
                0x000000000800325c        0xc build/tasks.o
                0x000000000800325c                xTaskGetTickCount
 .text.xTaskGetTickCountFromISR
                0x0000000008003268       0x10 build/tasks.o
                0x0000000008003268                xTaskGetTickCountFromISR
 .text.xTaskIncrementTick
                0x0000000008003278      0x118 build/tasks.o
                0x0000000008003278                xTaskIncrementTick
 .text.xTaskResumeAll
                0x0000000008003390       0xf4 build/tasks.o
                0x0000000008003390                xTaskResumeAll
 .text.vTaskDelay
                0x0000000008003484       0x4c build/tasks.o
                0x0000000008003484                vTaskDelay
 .text.prvCheckTasksWaitingTermination
                0x00000000080034d0       0x5c build/tasks.o
 .text.prvIdleTask
                0x000000000800352c       0x28 build/tasks.o
 .text.vTaskSwitchContext
                0x0000000008003554       0x98 build/tasks.o
                0x0000000008003554                vTaskSwitchContext
 .text.makeFreeRtosPriority
                0x00000000080035ec        0xc build/cmsis_os.o
 .text.inHandlerMode
                0x00000000080035f8        0xc build/cmsis_os.o
 .text.osKernelStart
                0x0000000008003604        0xa build/cmsis_os.o
                0x0000000008003604                osKernelStart
 .text.osKernelSysTick
                0x000000000800360e       0x14 build/cmsis_os.o
                0x000000000800360e                osKernelSysTick
 .text.osThreadCreate
                0x0000000008003622       0x34 build/cmsis_os.o
                0x0000000008003622                osThreadCreate
 .text.osDelay  0x0000000008003656       0x12 build/cmsis_os.o
                0x0000000008003656                osDelay
 .text.prvHeapInit
                0x0000000008003668       0x64 build/heap_4.o
 .text.prvInsertBlockIntoFreeList
                0x00000000080036cc       0x58 build/heap_4.o
 .text.pvPortMalloc
                0x0000000008003724      0x108 build/heap_4.o
                0x0000000008003724                pvPortMalloc
 .text.vPortFree
                0x000000000800382c       0x70 build/heap_4.o
                0x000000000800382c                vPortFree
 .text.prvTaskExitError
                0x000000000800389c       0x34 build/port.o
 .text.prvPortStartFirstTask
                0x00000000080038d0       0x20 build/port.o
 .text.vPortEnableVFP
                0x00000000080038f0       0x14 build/port.o
 .text.pxPortInitialiseStack
                0x0000000008003904       0x2c build/port.o
                0x0000000008003904                pxPortInitialiseStack
 .text.SVC_Handler
                0x0000000008003930       0x24 build/port.o
                0x0000000008003930                SVC_Handler
 .text.vPortEnterCritical
                0x0000000008003954       0x44 build/port.o
                0x0000000008003954                vPortEnterCritical
 .text.vPortExitCritical
                0x0000000008003998       0x2c build/port.o
                0x0000000008003998                vPortExitCritical
 *fill*         0x00000000080039c4        0xc 
 .text.PendSV_Handler
                0x00000000080039d0       0x64 build/port.o
                0x00000000080039d0                PendSV_Handler
 .text.SysTick_Handler
                0x0000000008003a34       0x2c build/port.o
                0x0000000008003a34                SysTick_Handler
 .text.vPortSetupTimerInterrupt
                0x0000000008003a60       0x2c build/port.o
                0x0000000008003a60                vPortSetupTimerInterrupt
 .text.xPortStartScheduler
                0x0000000008003a8c       0xec build/port.o
                0x0000000008003a8c                xPortStartScheduler
 .text.vPortValidateInterruptPriority
                0x0000000008003b78       0x5c build/port.o
                0x0000000008003b78                vPortValidateInterruptPriority
 .text.computeTransferIDForwardDistance
                0x0000000008003bd4       0x12 build/canard.o
 .text.isPriorityHigher
                0x0000000008003be6       0x52 build/canard.o
 .text.extractTransferType
                0x0000000008003c38       0x18 build/canard.o
 .text.extractDataType
                0x0000000008003c50       0x22 build/canard.o
 .text.findRxState
                0x0000000008003c72        0xe build/canard.o
 .text.isBigEndian
                0x0000000008003c80        0x4 build/canard.o
 .text.crcAddByte
                0x0000000008003c84       0x2a build/canard.o
 .text.crcAddSignature
                0x0000000008003cae       0x32 build/canard.o
 .text.crcAdd   0x0000000008003ce0       0x18 build/canard.o
 .text.initPoolAllocator
                0x0000000008003cf8       0x24 build/canard.o
 .text.allocateBlock
                0x0000000008003d1c       0x20 build/canard.o
 .text.createBufferBlock
                0x0000000008003d3c       0x12 build/canard.o
 *fill*         0x0000000008003d4e        0x2 
 .text.bufferBlockPushBytes
                0x0000000008003d50      0x130 build/canard.o
 .text.pushTxQueue
                0x0000000008003e80       0x78 build/canard.o
 .text.incrementTransferID
                0x0000000008003ef8       0x30 build/canard.o
 .text.freeBlock
                0x0000000008003f28       0x2c build/canard.o
 .text.releaseStatePayload
                0x0000000008003f54       0x28 build/canard.o
 .text.prepareForNextTransfer
                0x0000000008003f7c       0x44 build/canard.o
 .text.copyBitArray
                0x0000000008003fc0       0x94 build/canard.o
 .text.descatterTransferPayload
                0x0000000008004054      0x228 build/canard.o
 .text.swapByteOrder
                0x000000000800427c       0x38 build/canard.o
 .text.createTxItem
                0x00000000080042b4       0x1a build/canard.o
 *fill*         0x00000000080042ce        0x2 
 .text.enqueueTxFrames
                0x00000000080042d0      0x140 build/canard.o
 .text.createRxState
                0x0000000008004410       0x3a build/canard.o
 .text.prependRxState
                0x000000000800444a       0x18 build/canard.o
 .text.traverseRxStates
                0x0000000008004462       0x34 build/canard.o
 *fill*         0x0000000008004496        0x2 
 .text.canardInit
                0x0000000008004498       0x50 build/canard.o
                0x0000000008004498                canardInit
 .text.canardSetLocalNodeID
                0x00000000080044e8       0x3c build/canard.o
                0x00000000080044e8                canardSetLocalNodeID
 .text.canardGetLocalNodeID
                0x0000000008004524        0x4 build/canard.o
                0x0000000008004524                canardGetLocalNodeID
 .text.canardBroadcast
                0x0000000008004528       0xc6 build/canard.o
                0x0000000008004528                canardBroadcast
 .text.canardRequestOrRespond
                0x00000000080045ee       0x9c build/canard.o
                0x00000000080045ee                canardRequestOrRespond
 .text.canardPeekTxQueue
                0x000000000800468a        0xc build/canard.o
                0x000000000800468a                canardPeekTxQueue
 .text.canardPopTxQueue
                0x0000000008004696       0x10 build/canard.o
                0x0000000008004696                canardPopTxQueue
 *fill*         0x00000000080046a6        0x2 
 .text.canardDecodeScalar
                0x00000000080046a8      0x280 build/canard.o
                0x00000000080046a8                canardDecodeScalar
 .text.canardEncodeScalar
                0x0000000008004928       0xe4 build/canard.o
                0x0000000008004928                canardEncodeScalar
 .text.canardReleaseRxTransferPayload
                0x0000000008004a0c       0x26 build/canard.o
                0x0000000008004a0c                canardReleaseRxTransferPayload
 *fill*         0x0000000008004a32        0x2 
 .text.canardHandleRxFrame
                0x0000000008004a34      0x3e4 build/canard.o
                0x0000000008004a34                canardHandleRxFrame
 .text.isFramePriorityHigher
                0x0000000008004e18       0x52 build/canard_stm32.o
 .text.convertFrameIDCanardToRegister
                0x0000000008004e6a       0x1a build/canard_stm32.o
 .text.convertFrameIDRegisterToCanard
                0x0000000008004e84       0x1e build/canard_stm32.o
 *fill*         0x0000000008004ea2        0x2 
 .text.processErrorStatus
                0x0000000008004ea4       0x54 build/canard_stm32.o
 .text.waitMSRINAKBitStateChange
                0x0000000008004ef8       0x2e build/canard_stm32.o
 *fill*         0x0000000008004f26        0x2 
 .text.canardSTM32Init
                0x0000000008004f28      0x1c8 build/canard_stm32.o
                0x0000000008004f28                canardSTM32Init
 .text.canardSTM32Transmit
                0x00000000080050f0      0x114 build/canard_stm32.o
                0x00000000080050f0                canardSTM32Transmit
 .text.canardSTM32Receive
                0x0000000008005204       0xa0 build/canard_stm32.o
                0x0000000008005204                canardSTM32Receive
 .text.Reset_Handler
                0x00000000080052a4       0x50 build/startup_stm32f303xc.o
                0x00000000080052a4                Reset_Handler
 .text.Default_Handler
                0x00000000080052f4        0x2 build/startup_stm32f303xc.o
                0x00000000080052f4                TIM1_BRK_TIM15_IRQHandler
                0x00000000080052f4                TIM8_TRG_COM_IRQHandler
                0x00000000080052f4                TIM8_CC_IRQHandler
                0x00000000080052f4                TIM1_CC_IRQHandler
                0x00000000080052f4                USB_HP_IRQHandler
                0x00000000080052f4                PVD_IRQHandler
                0x00000000080052f4                TAMP_STAMP_IRQHandler
                0x00000000080052f4                EXTI3_IRQHandler
                0x00000000080052f4                USB_HP_CAN_TX_IRQHandler
                0x00000000080052f4                EXTI0_IRQHandler
                0x00000000080052f4                I2C2_EV_IRQHandler
                0x00000000080052f4                FPU_IRQHandler
                0x00000000080052f4                ADC1_2_IRQHandler
                0x00000000080052f4                SPI1_IRQHandler
                0x00000000080052f4                CAN_SCE_IRQHandler
                0x00000000080052f4                TIM6_DAC_IRQHandler
                0x00000000080052f4                TIM8_UP_IRQHandler
                0x00000000080052f4                DMA2_Channel2_IRQHandler
                0x00000000080052f4                DMA1_Channel4_IRQHandler
                0x00000000080052f4                USART3_IRQHandler
                0x00000000080052f4                DMA1_Channel7_IRQHandler
                0x00000000080052f4                UART5_IRQHandler
                0x00000000080052f4                ADC3_IRQHandler
                0x00000000080052f4                TIM4_IRQHandler
                0x00000000080052f4                CAN_RX1_IRQHandler
                0x00000000080052f4                DMA2_Channel1_IRQHandler
                0x00000000080052f4                I2C1_EV_IRQHandler
                0x00000000080052f4                DMA1_Channel6_IRQHandler
                0x00000000080052f4                UART4_IRQHandler
                0x00000000080052f4                DMA2_Channel4_IRQHandler
                0x00000000080052f4                TIM3_IRQHandler
                0x00000000080052f4                RCC_IRQHandler
                0x00000000080052f4                DMA1_Channel1_IRQHandler
                0x00000000080052f4                Default_Handler
                0x00000000080052f4                USBWakeUp_RMP_IRQHandler
                0x00000000080052f4                EXTI15_10_IRQHandler
                0x00000000080052f4                TIM7_IRQHandler
                0x00000000080052f4                EXTI9_5_IRQHandler
                0x00000000080052f4                RTC_WKUP_IRQHandler
                0x00000000080052f4                SPI2_IRQHandler
                0x00000000080052f4                USB_LP_CAN_RX0_IRQHandler
                0x00000000080052f4                DMA2_Channel5_IRQHandler
                0x00000000080052f4                DMA1_Channel5_IRQHandler
                0x00000000080052f4                USB_LP_IRQHandler
                0x00000000080052f4                EXTI4_IRQHandler
                0x00000000080052f4                TIM1_TRG_COM_TIM17_IRQHandler
                0x00000000080052f4                DMA1_Channel3_IRQHandler
                0x00000000080052f4                ADC4_IRQHandler
                0x00000000080052f4                WWDG_IRQHandler
                0x00000000080052f4                TIM2_IRQHandler
                0x00000000080052f4                COMP7_IRQHandler
                0x00000000080052f4                COMP1_2_3_IRQHandler
                0x00000000080052f4                EXTI1_IRQHandler
                0x00000000080052f4                USART2_IRQHandler
                0x00000000080052f4                COMP4_5_6_IRQHandler
                0x00000000080052f4                I2C2_ER_IRQHandler
                0x00000000080052f4                DMA1_Channel2_IRQHandler
                0x00000000080052f4                TIM8_BRK_IRQHandler
                0x00000000080052f4                FLASH_IRQHandler
                0x00000000080052f4                USART1_IRQHandler
                0x00000000080052f4                SPI3_IRQHandler
                0x00000000080052f4                I2C1_ER_IRQHandler
                0x00000000080052f4                USBWakeUp_IRQHandler
                0x00000000080052f4                DMA2_Channel3_IRQHandler
                0x00000000080052f4                EXTI2_TSC_IRQHandler
                0x00000000080052f4                RTC_Alarm_IRQHandler
 *fill*         0x00000000080052f6        0x2 
 .text.__assert_func
                0x00000000080052f8       0x3c /usr/local/Cellar/arm-none-eabi-gcc/7-2018-q2-update/gcc/bin/../lib/gcc/arm-none-eabi/7.3.1/../../../../arm-none-eabi/lib/thumb/v7e-m/fpv4-sp/hard/libc_nano.a(lib_a-assert.o)
                0x00000000080052f8                __assert_func
 .text.fprintf  0x0000000008005334       0x24 /usr/local/Cellar/arm-none-eabi-gcc/7-2018-q2-update/gcc/bin/../lib/gcc/arm-none-eabi/7.3.1/../../../../arm-none-eabi/lib/thumb/v7e-m/fpv4-sp/hard/libc_nano.a(lib_a-fprintf.o)
                0x0000000008005334                fprintf
                0x0000000008005334                fiprintf
 .text.__libc_init_array
                0x0000000008005358       0x48 /usr/local/Cellar/arm-none-eabi-gcc/7-2018-q2-update/gcc/bin/../lib/gcc/arm-none-eabi/7.3.1/../../../../arm-none-eabi/lib/thumb/v7e-m/fpv4-sp/hard/libc_nano.a(lib_a-init.o)
                0x0000000008005358                __libc_init_array
 .text.memcpy   0x00000000080053a0       0x16 /usr/local/Cellar/arm-none-eabi-gcc/7-2018-q2-update/gcc/bin/../lib/gcc/arm-none-eabi/7.3.1/../../../../arm-none-eabi/lib/thumb/v7e-m/fpv4-sp/hard/libc_nano.a(lib_a-memcpy-stub.o)
                0x00000000080053a0                memcpy
 .text.memset   0x00000000080053b6       0x10 /usr/local/Cellar/arm-none-eabi-gcc/7-2018-q2-update/gcc/bin/../lib/gcc/arm-none-eabi/7.3.1/../../../../arm-none-eabi/lib/thumb/v7e-m/fpv4-sp/hard/libc_nano.a(lib_a-memset.o)
                0x00000000080053b6                memset
 .text.__sfputc_r
                0x00000000080053c6       0x2e /usr/local/Cellar/arm-none-eabi-gcc/7-2018-q2-update/gcc/bin/../lib/gcc/arm-none-eabi/7.3.1/../../../../arm-none-eabi/lib/thumb/v7e-m/fpv4-sp/hard/libc_nano.a(lib_a-nano-vfprintf.o)
 .text.__sfputs_r
                0x00000000080053f4       0x24 /usr/local/Cellar/arm-none-eabi-gcc/7-2018-q2-update/gcc/bin/../lib/gcc/arm-none-eabi/7.3.1/../../../../arm-none-eabi/lib/thumb/v7e-m/fpv4-sp/hard/libc_nano.a(lib_a-nano-vfprintf.o)
                0x00000000080053f4                __sfputs_r
 .text._vfprintf_r
                0x0000000008005418      0x22c /usr/local/Cellar/arm-none-eabi-gcc/7-2018-q2-update/gcc/bin/../lib/gcc/arm-none-eabi/7.3.1/../../../../arm-none-eabi/lib/thumb/v7e-m/fpv4-sp/hard/libc_nano.a(lib_a-nano-vfprintf.o)
                0x0000000008005418                _vfiprintf_r
                0x0000000008005418                _vfprintf_r
 .text._printf_common
                0x0000000008005644       0xea /usr/local/Cellar/arm-none-eabi-gcc/7-2018-q2-update/gcc/bin/../lib/gcc/arm-none-eabi/7.3.1/../../../../arm-none-eabi/lib/thumb/v7e-m/fpv4-sp/hard/libc_nano.a(lib_a-nano-vfprintf_i.o)
                0x0000000008005644                _printf_common
 *fill*         0x000000000800572e        0x2 
 .text._printf_i
                0x0000000008005730      0x224 /usr/local/Cellar/arm-none-eabi-gcc/7-2018-q2-update/gcc/bin/../lib/gcc/arm-none-eabi/7.3.1/../../../../arm-none-eabi/lib/thumb/v7e-m/fpv4-sp/hard/libc_nano.a(lib_a-nano-vfprintf_i.o)
                0x0000000008005730                _printf_i
 .text.strncmp  0x0000000008005954       0x24 /usr/local/Cellar/arm-none-eabi-gcc/7-2018-q2-update/gcc/bin/../lib/gcc/arm-none-eabi/7.3.1/../../../../arm-none-eabi/lib/thumb/v7e-m/fpv4-sp/hard/libc_nano.a(lib_a-strncmp.o)
                0x0000000008005954                strncmp
 .text.__swbuf_r
                0x0000000008005978       0xa4 /usr/local/Cellar/arm-none-eabi-gcc/7-2018-q2-update/gcc/bin/../lib/gcc/arm-none-eabi/7.3.1/../../../../arm-none-eabi/lib/thumb/v7e-m/fpv4-sp/hard/libc_nano.a(lib_a-wbuf.o)
                0x0000000008005978                __swbuf_r
 .text.__swsetup_r
                0x0000000008005a1c       0xdc /usr/local/Cellar/arm-none-eabi-gcc/7-2018-q2-update/gcc/bin/../lib/gcc/arm-none-eabi/7.3.1/../../../../arm-none-eabi/lib/thumb/v7e-m/fpv4-sp/hard/libc_nano.a(lib_a-wsetup.o)
                0x0000000008005a1c                __swsetup_r
 .text.abort    0x0000000008005af8        0xe /usr/local/Cellar/arm-none-eabi-gcc/7-2018-q2-update/gcc/bin/../lib/gcc/arm-none-eabi/7.3.1/../../../../arm-none-eabi/lib/thumb/v7e-m/fpv4-sp/hard/libc_nano.a(lib_a-abort.o)
                0x0000000008005af8                abort
 *fill*         0x0000000008005b06        0x2 
 .text.__sflush_r
                0x0000000008005b08      0x10c /usr/local/Cellar/arm-none-eabi-gcc/7-2018-q2-update/gcc/bin/../lib/gcc/arm-none-eabi/7.3.1/../../../../arm-none-eabi/lib/thumb/v7e-m/fpv4-sp/hard/libc_nano.a(lib_a-fflush.o)
                0x0000000008005b08                __sflush_r
 .text._fflush_r
                0x0000000008005c14       0x54 /usr/local/Cellar/arm-none-eabi-gcc/7-2018-q2-update/gcc/bin/../lib/gcc/arm-none-eabi/7.3.1/../../../../arm-none-eabi/lib/thumb/v7e-m/fpv4-sp/hard/libc_nano.a(lib_a-fflush.o)
                0x0000000008005c14                _fflush_r
 .text.std      0x0000000008005c68       0x48 /usr/local/Cellar/arm-none-eabi-gcc/7-2018-q2-update/gcc/bin/../lib/gcc/arm-none-eabi/7.3.1/../../../../arm-none-eabi/lib/thumb/v7e-m/fpv4-sp/hard/libc_nano.a(lib_a-findfp.o)
 .text._cleanup_r
                0x0000000008005cb0        0xc /usr/local/Cellar/arm-none-eabi-gcc/7-2018-q2-update/gcc/bin/../lib/gcc/arm-none-eabi/7.3.1/../../../../arm-none-eabi/lib/thumb/v7e-m/fpv4-sp/hard/libc_nano.a(lib_a-findfp.o)
                0x0000000008005cb0                _cleanup_r
 .text.__sfmoreglue
                0x0000000008005cbc       0x2c /usr/local/Cellar/arm-none-eabi-gcc/7-2018-q2-update/gcc/bin/../lib/gcc/arm-none-eabi/7.3.1/../../../../arm-none-eabi/lib/thumb/v7e-m/fpv4-sp/hard/libc_nano.a(lib_a-findfp.o)
                0x0000000008005cbc                __sfmoreglue
 .text.__sinit  0x0000000008005ce8       0x60 /usr/local/Cellar/arm-none-eabi-gcc/7-2018-q2-update/gcc/bin/../lib/gcc/arm-none-eabi/7.3.1/../../../../arm-none-eabi/lib/thumb/v7e-m/fpv4-sp/hard/libc_nano.a(lib_a-findfp.o)
                0x0000000008005ce8                __sinit
 .text.__sfp    0x0000000008005d48       0x78 /usr/local/Cellar/arm-none-eabi-gcc/7-2018-q2-update/gcc/bin/../lib/gcc/arm-none-eabi/7.3.1/../../../../arm-none-eabi/lib/thumb/v7e-m/fpv4-sp/hard/libc_nano.a(lib_a-findfp.o)
                0x0000000008005d48                __sfp
 .text._fwalk_reent
                0x0000000008005dc0       0x3c /usr/local/Cellar/arm-none-eabi-gcc/7-2018-q2-update/gcc/bin/../lib/gcc/arm-none-eabi/7.3.1/../../../../arm-none-eabi/lib/thumb/v7e-m/fpv4-sp/hard/libc_nano.a(lib_a-fwalk.o)
                0x0000000008005dc0                _fwalk_reent
 .text.__swhatbuf_r
                0x0000000008005dfc       0x48 /usr/local/Cellar/arm-none-eabi-gcc/7-2018-q2-update/gcc/bin/../lib/gcc/arm-none-eabi/7.3.1/../../../../arm-none-eabi/lib/thumb/v7e-m/fpv4-sp/hard/libc_nano.a(lib_a-makebuf.o)
                0x0000000008005dfc                __swhatbuf_r
 .text.__smakebuf_r
                0x0000000008005e44       0x80 /usr/local/Cellar/arm-none-eabi-gcc/7-2018-q2-update/gcc/bin/../lib/gcc/arm-none-eabi/7.3.1/../../../../arm-none-eabi/lib/thumb/v7e-m/fpv4-sp/hard/libc_nano.a(lib_a-makebuf.o)
                0x0000000008005e44                __smakebuf_r
 .text._free_r  0x0000000008005ec4       0x9c /usr/local/Cellar/arm-none-eabi-gcc/7-2018-q2-update/gcc/bin/../lib/gcc/arm-none-eabi/7.3.1/../../../../arm-none-eabi/lib/thumb/v7e-m/fpv4-sp/hard/libc_nano.a(lib_a-nano-freer.o)
                0x0000000008005ec4                _free_r
 .text._malloc_r
                0x0000000008005f60       0xb4 /usr/local/Cellar/arm-none-eabi-gcc/7-2018-q2-update/gcc/bin/../lib/gcc/arm-none-eabi/7.3.1/../../../../arm-none-eabi/lib/thumb/v7e-m/fpv4-sp/hard/libc_nano.a(lib_a-nano-mallocr.o)
                0x0000000008005f60                _malloc_r
 .text._sbrk_r  0x0000000008006014       0x20 /usr/local/Cellar/arm-none-eabi-gcc/7-2018-q2-update/gcc/bin/../lib/gcc/arm-none-eabi/7.3.1/../../../../arm-none-eabi/lib/thumb/v7e-m/fpv4-sp/hard/libc_nano.a(lib_a-sbrkr.o)
                0x0000000008006014                _sbrk_r
 .text._raise_r
                0x0000000008006034       0x50 /usr/local/Cellar/arm-none-eabi-gcc/7-2018-q2-update/gcc/bin/../lib/gcc/arm-none-eabi/7.3.1/../../../../arm-none-eabi/lib/thumb/v7e-m/fpv4-sp/hard/libc_nano.a(lib_a-signal.o)
                0x0000000008006034                _raise_r
 .text.raise    0x0000000008006084       0x10 /usr/local/Cellar/arm-none-eabi-gcc/7-2018-q2-update/gcc/bin/../lib/gcc/arm-none-eabi/7.3.1/../../../../arm-none-eabi/lib/thumb/v7e-m/fpv4-sp/hard/libc_nano.a(lib_a-signal.o)
                0x0000000008006084                raise
 .text._kill_r  0x0000000008006094       0x24 /usr/local/Cellar/arm-none-eabi-gcc/7-2018-q2-update/gcc/bin/../lib/gcc/arm-none-eabi/7.3.1/../../../../arm-none-eabi/lib/thumb/v7e-m/fpv4-sp/hard/libc_nano.a(lib_a-signalr.o)
                0x0000000008006094                _kill_r
 .text._getpid_r
                0x00000000080060b8        0x4 /usr/local/Cellar/arm-none-eabi-gcc/7-2018-q2-update/gcc/bin/../lib/gcc/arm-none-eabi/7.3.1/../../../../arm-none-eabi/lib/thumb/v7e-m/fpv4-sp/hard/libc_nano.a(lib_a-signalr.o)
                0x00000000080060b8                _getpid_r
 .text.__sread  0x00000000080060bc       0x22 /usr/local/Cellar/arm-none-eabi-gcc/7-2018-q2-update/gcc/bin/../lib/gcc/arm-none-eabi/7.3.1/../../../../arm-none-eabi/lib/thumb/v7e-m/fpv4-sp/hard/libc_nano.a(lib_a-stdio.o)
                0x00000000080060bc                __sread
 .text.__swrite
                0x00000000080060de       0x38 /usr/local/Cellar/arm-none-eabi-gcc/7-2018-q2-update/gcc/bin/../lib/gcc/arm-none-eabi/7.3.1/../../../../arm-none-eabi/lib/thumb/v7e-m/fpv4-sp/hard/libc_nano.a(lib_a-stdio.o)
                0x00000000080060de                __swrite
 .text.__sseek  0x0000000008006116       0x24 /usr/local/Cellar/arm-none-eabi-gcc/7-2018-q2-update/gcc/bin/../lib/gcc/arm-none-eabi/7.3.1/../../../../arm-none-eabi/lib/thumb/v7e-m/fpv4-sp/hard/libc_nano.a(lib_a-stdio.o)
                0x0000000008006116                __sseek
 .text.__sclose
                0x000000000800613a        0x8 /usr/local/Cellar/arm-none-eabi-gcc/7-2018-q2-update/gcc/bin/../lib/gcc/arm-none-eabi/7.3.1/../../../../arm-none-eabi/lib/thumb/v7e-m/fpv4-sp/hard/libc_nano.a(lib_a-stdio.o)
                0x000000000800613a                __sclose
 *fill*         0x0000000008006142        0x2 
 .text._write_r
                0x0000000008006144       0x24 /usr/local/Cellar/arm-none-eabi-gcc/7-2018-q2-update/gcc/bin/../lib/gcc/arm-none-eabi/7.3.1/../../../../arm-none-eabi/lib/thumb/v7e-m/fpv4-sp/hard/libc_nano.a(lib_a-writer.o)
                0x0000000008006144                _write_r
 .text._close_r
                0x0000000008006168       0x20 /usr/local/Cellar/arm-none-eabi-gcc/7-2018-q2-update/gcc/bin/../lib/gcc/arm-none-eabi/7.3.1/../../../../arm-none-eabi/lib/thumb/v7e-m/fpv4-sp/hard/libc_nano.a(lib_a-closer.o)
                0x0000000008006168                _close_r
 .text._fstat_r
                0x0000000008006188       0x24 /usr/local/Cellar/arm-none-eabi-gcc/7-2018-q2-update/gcc/bin/../lib/gcc/arm-none-eabi/7.3.1/../../../../arm-none-eabi/lib/thumb/v7e-m/fpv4-sp/hard/libc_nano.a(lib_a-fstatr.o)
                0x0000000008006188                _fstat_r
 .text._isatty_r
                0x00000000080061ac       0x20 /usr/local/Cellar/arm-none-eabi-gcc/7-2018-q2-update/gcc/bin/../lib/gcc/arm-none-eabi/7.3.1/../../../../arm-none-eabi/lib/thumb/v7e-m/fpv4-sp/hard/libc_nano.a(lib_a-isattyr.o)
                0x00000000080061ac                _isatty_r
 .text._lseek_r
                0x00000000080061cc       0x24 /usr/local/Cellar/arm-none-eabi-gcc/7-2018-q2-update/gcc/bin/../lib/gcc/arm-none-eabi/7.3.1/../../../../arm-none-eabi/lib/thumb/v7e-m/fpv4-sp/hard/libc_nano.a(lib_a-lseekr.o)
                0x00000000080061cc                _lseek_r
 .text.__malloc_lock
                0x00000000080061f0        0x2 /usr/local/Cellar/arm-none-eabi-gcc/7-2018-q2-update/gcc/bin/../lib/gcc/arm-none-eabi/7.3.1/../../../../arm-none-eabi/lib/thumb/v7e-m/fpv4-sp/hard/libc_nano.a(lib_a-mlock.o)
                0x00000000080061f0                __malloc_lock
 .text.__malloc_unlock
                0x00000000080061f2        0x2 /usr/local/Cellar/arm-none-eabi-gcc/7-2018-q2-update/gcc/bin/../lib/gcc/arm-none-eabi/7.3.1/../../../../arm-none-eabi/lib/thumb/v7e-m/fpv4-sp/hard/libc_nano.a(lib_a-mlock.o)
                0x00000000080061f2                __malloc_unlock
 .text._read_r  0x00000000080061f4       0x24 /usr/local/Cellar/arm-none-eabi-gcc/7-2018-q2-update/gcc/bin/../lib/gcc/arm-none-eabi/7.3.1/../../../../arm-none-eabi/lib/thumb/v7e-m/fpv4-sp/hard/libc_nano.a(lib_a-readr.o)
                0x00000000080061f4                _read_r
 .text._close   0x0000000008006218       0x10 /usr/local/Cellar/arm-none-eabi-gcc/7-2018-q2-update/gcc/bin/../lib/gcc/arm-none-eabi/7.3.1/../../../../arm-none-eabi/lib/thumb/v7e-m/fpv4-sp/hard/libnosys.a(close.o)
                0x0000000008006218                _close
 .text._fstat   0x0000000008006228       0x10 /usr/local/Cellar/arm-none-eabi-gcc/7-2018-q2-update/gcc/bin/../lib/gcc/arm-none-eabi/7.3.1/../../../../arm-none-eabi/lib/thumb/v7e-m/fpv4-sp/hard/libnosys.a(fstat.o)
                0x0000000008006228                _fstat
 .text._getpid  0x0000000008006238       0x10 /usr/local/Cellar/arm-none-eabi-gcc/7-2018-q2-update/gcc/bin/../lib/gcc/arm-none-eabi/7.3.1/../../../../arm-none-eabi/lib/thumb/v7e-m/fpv4-sp/hard/libnosys.a(getpid.o)
                0x0000000008006238                _getpid
 .text._isatty  0x0000000008006248       0x10 /usr/local/Cellar/arm-none-eabi-gcc/7-2018-q2-update/gcc/bin/../lib/gcc/arm-none-eabi/7.3.1/../../../../arm-none-eabi/lib/thumb/v7e-m/fpv4-sp/hard/libnosys.a(isatty.o)
                0x0000000008006248                _isatty
 .text._kill    0x0000000008006258       0x10 /usr/local/Cellar/arm-none-eabi-gcc/7-2018-q2-update/gcc/bin/../lib/gcc/arm-none-eabi/7.3.1/../../../../arm-none-eabi/lib/thumb/v7e-m/fpv4-sp/hard/libnosys.a(kill.o)
                0x0000000008006258                _kill
 .text._lseek   0x0000000008006268       0x10 /usr/local/Cellar/arm-none-eabi-gcc/7-2018-q2-update/gcc/bin/../lib/gcc/arm-none-eabi/7.3.1/../../../../arm-none-eabi/lib/thumb/v7e-m/fpv4-sp/hard/libnosys.a(lseek.o)
                0x0000000008006268                _lseek
 .text._read    0x0000000008006278       0x10 /usr/local/Cellar/arm-none-eabi-gcc/7-2018-q2-update/gcc/bin/../lib/gcc/arm-none-eabi/7.3.1/../../../../arm-none-eabi/lib/thumb/v7e-m/fpv4-sp/hard/libnosys.a(read.o)
                0x0000000008006278                _read
 .text._sbrk    0x0000000008006288       0x1c /usr/local/Cellar/arm-none-eabi-gcc/7-2018-q2-update/gcc/bin/../lib/gcc/arm-none-eabi/7.3.1/../../../../arm-none-eabi/lib/thumb/v7e-m/fpv4-sp/hard/libnosys.a(sbrk.o)
                0x0000000008006288                _sbrk
 .text._write   0x00000000080062a4       0x10 /usr/local/Cellar/arm-none-eabi-gcc/7-2018-q2-update/gcc/bin/../lib/gcc/arm-none-eabi/7.3.1/../../../../arm-none-eabi/lib/thumb/v7e-m/fpv4-sp/hard/libnosys.a(write.o)
                0x00000000080062a4                _write
 .text._exit    0x00000000080062b4        0x4 /usr/local/Cellar/arm-none-eabi-gcc/7-2018-q2-update/gcc/bin/../lib/gcc/arm-none-eabi/7.3.1/../../../../arm-none-eabi/lib/thumb/v7e-m/fpv4-sp/hard/libnosys.a(_exit.o)
                0x00000000080062b4                _exit
 *(.glue_7)
 .glue_7        0x00000000080062b8        0x0 linker stubs
 *(.glue_7t)
 .glue_7t       0x00000000080062b8        0x0 linker stubs
 *(.eh_frame)
 .eh_frame      0x00000000080062b8        0x0 /usr/local/Cellar/arm-none-eabi-gcc/7-2018-q2-update/gcc/bin/../lib/gcc/arm-none-eabi/7.3.1/thumb/v7e-m/fpv4-sp/hard/crtbegin.o
 *(.init)
 .init          0x00000000080062b8        0x4 /usr/local/Cellar/arm-none-eabi-gcc/7-2018-q2-update/gcc/bin/../lib/gcc/arm-none-eabi/7.3.1/thumb/v7e-m/fpv4-sp/hard/crti.o
                0x00000000080062b8                _init
 .init          0x00000000080062bc        0x8 /usr/local/Cellar/arm-none-eabi-gcc/7-2018-q2-update/gcc/bin/../lib/gcc/arm-none-eabi/7.3.1/thumb/v7e-m/fpv4-sp/hard/crtn.o
 *(.fini)
 .fini          0x00000000080062c4        0x4 /usr/local/Cellar/arm-none-eabi-gcc/7-2018-q2-update/gcc/bin/../lib/gcc/arm-none-eabi/7.3.1/thumb/v7e-m/fpv4-sp/hard/crti.o
                0x00000000080062c4                _fini
 .fini          0x00000000080062c8        0x8 /usr/local/Cellar/arm-none-eabi-gcc/7-2018-q2-update/gcc/bin/../lib/gcc/arm-none-eabi/7.3.1/thumb/v7e-m/fpv4-sp/hard/crtn.o
                0x00000000080062d0                . = ALIGN (0x4)
                0x00000000080062d0                _etext = .

.vfp11_veneer   0x00000000080062d0        0x0
 .vfp11_veneer  0x00000000080062d0        0x0 linker stubs

.v4_bx          0x00000000080062d0        0x0
 .v4_bx         0x00000000080062d0        0x0 linker stubs

.iplt           0x00000000080062d0        0x0
 .iplt          0x00000000080062d0        0x0 /usr/local/Cellar/arm-none-eabi-gcc/7-2018-q2-update/gcc/bin/../lib/gcc/arm-none-eabi/7.3.1/thumb/v7e-m/fpv4-sp/hard/crtbegin.o

.rodata         0x00000000080062d0      0x73c
                0x00000000080062d0                . = ALIGN (0x4)
 *(.rodata)
 .rodata        0x00000000080062d0       0x28 build/freertos.o
 *(.rodata*)
 .rodata.__func__.9757
                0x00000000080062f8       0x1d build/oi_uavcan.o
 *fill*         0x0000000008006315        0x3 
 .rodata.makeNodeInfoMessage.str1.4
                0x0000000008006318       0x26 build/oi_uavcan.o
 *fill*         0x000000000800633e        0x2 
 .rodata.oi_uavcan_init.str1.4
                0x0000000008006340       0x53 build/oi_uavcan.o
                                         0x56 (size before relaxing)
 *fill*         0x0000000008006393        0x1 
 .rodata.str1.4
                0x0000000008006394        0x8 build/oi_uavcan.o
 .rodata.StartDefaultTask.str1.4
                0x000000000800639c        0x8 build/freertos.o
 .rodata.str1.4
                0x000000000800639c       0x18 build/freertos.o
 .rodata.aPLLMULFactorTable
                0x00000000080063b4       0x10 build/stm32f3xx_hal_rcc.o
                0x00000000080063b4                aPLLMULFactorTable
 .rodata.aPredivFactorTable
                0x00000000080063c4       0x10 build/stm32f3xx_hal_rcc.o
                0x00000000080063c4                aPredivFactorTable
 .rodata.AHBPrescTable
                0x00000000080063d4       0x10 build/system_stm32f3xx.o
                0x00000000080063d4                AHBPrescTable
 .rodata.APBPrescTable
                0x00000000080063e4        0x8 build/system_stm32f3xx.o
                0x00000000080063e4                APBPrescTable
 .rodata.vTaskStartScheduler.str1.4
                0x00000000080063ec        0x5 build/tasks.o
 *fill*         0x00000000080063f1        0x3 
 .rodata.__func__.6070
                0x00000000080063f4        0xb build/canard.o
 *fill*         0x00000000080063ff        0x1 
 .rodata.__func__.6080
                0x0000000008006400       0x15 build/canard.o
 *fill*         0x0000000008006415        0x3 
 .rodata.__func__.6133
                0x0000000008006418       0x14 build/canard.o
 .rodata.__func__.6188
                0x000000000800642c       0x13 build/canard.o
 *fill*         0x000000000800643f        0x1 
 .rodata.__func__.6196
                0x0000000008006440       0x13 build/canard.o
 *fill*         0x0000000008006453        0x1 
 .rodata.__func__.6250
                0x0000000008006454       0x14 build/canard.o
 .rodata.__func__.6259
                0x0000000008006468       0x10 build/canard.o
 .rodata.__func__.6277
                0x0000000008006478        0xc build/canard.o
 .rodata.__func__.6302
                0x0000000008006484       0x17 build/canard.o
 *fill*         0x000000000800649b        0x1 
 .rodata.__func__.6378
                0x000000000800649c        0xd build/canard.o
 *fill*         0x00000000080064a9        0x3 
 .rodata.__func__.6395
                0x00000000080064ac       0x19 build/canard.o
 *fill*         0x00000000080064c5        0x3 
 .rodata.__func__.6421
                0x00000000080064c8        0xe build/canard.o
 *fill*         0x00000000080064d6        0x2 
 .rodata.__func__.6472
                0x00000000080064d8        0xa build/canard.o
 *fill*         0x00000000080064e2        0x2 
 .rodata.canardDecodeScalar.str1.4
                0x00000000080064e4       0x6c build/canard.o
 .rodata.canardEncodeScalar.str1.4
                0x0000000008006550       0x31 build/canard.o
 *fill*         0x0000000008006581        0x3 
 .rodata.canardHandleRxFrame.str1.4
                0x0000000008006584       0x7b build/canard.o
 *fill*         0x00000000080065ff        0x1 
 .rodata.canardInit.str1.4
                0x0000000008006600       0x17 build/canard.o
 .rodata.canardSetLocalNodeID.str1.4
                0x0000000008006617        0x2 build/canard.o
 *fill*         0x0000000008006617        0x1 
 .rodata.copyBitArray.str1.4
                0x0000000008006618        0xd build/canard.o
 *fill*         0x0000000008006625        0x3 
 .rodata.descatterTransferPayload.str1.4
                0x0000000008006628      0x10e build/canard.o
 *fill*         0x0000000008006736        0x2 
 .rodata.enqueueTxFrames.str1.4
                0x0000000008006738       0x21 build/canard.o
 *fill*         0x0000000008006759        0x3 
 .rodata.freeBlock.str1.4
                0x000000000800675c       0x2f build/canard.o
 *fill*         0x000000000800678b        0x1 
 .rodata.incrementTransferID.str1.4
                0x000000000800678c       0x1b build/canard.o
 *fill*         0x00000000080067a7        0x1 
 .rodata.prepareForNextTransfer.str1.4
                0x00000000080067a8       0x24 build/canard.o
 .rodata.pushTxQueue.str1.4
                0x00000000080067cc       0x45 build/canard.o
                                         0x59 (size before relaxing)
 *fill*         0x0000000008006811        0x3 
 .rodata.swapByteOrder.str1.4
                0x0000000008006814       0x14 build/canard.o
 .rodata.RFxR.7272
                0x0000000008006828        0x8 build/canard_stm32.o
 .rodata.__func__.7255
                0x0000000008006830       0x10 build/canard_stm32.o
 .rodata.__func__.7267
                0x0000000008006840       0x14 build/canard_stm32.o
 .rodata.canardSTM32Init.str1.4
                0x0000000008006854       0xc2 build/canard_stm32.o
 *fill*         0x0000000008006916        0x2 
 .rodata.canardSTM32Transmit.str1.4
                0x0000000008006918       0x20 build/canard_stm32.o
                                         0x1f (size before relaxing)
 .rodata.__assert_func.str1.1
                0x0000000008006938       0x3c /usr/local/Cellar/arm-none-eabi-gcc/7-2018-q2-update/gcc/bin/../lib/gcc/arm-none-eabi/7.3.1/../../../../arm-none-eabi/lib/thumb/v7e-m/fpv4-sp/hard/libc_nano.a(lib_a-assert.o)
                                         0x3d (size before relaxing)
 .rodata._global_impure_ptr
                0x0000000008006974        0x4 /usr/local/Cellar/arm-none-eabi-gcc/7-2018-q2-update/gcc/bin/../lib/gcc/arm-none-eabi/7.3.1/../../../../arm-none-eabi/lib/thumb/v7e-m/fpv4-sp/hard/libc_nano.a(lib_a-impure.o)
                0x0000000008006974                _global_impure_ptr
 .rodata._vfprintf_r.str1.1
                0x0000000008006978       0x11 /usr/local/Cellar/arm-none-eabi-gcc/7-2018-q2-update/gcc/bin/../lib/gcc/arm-none-eabi/7.3.1/../../../../arm-none-eabi/lib/thumb/v7e-m/fpv4-sp/hard/libc_nano.a(lib_a-nano-vfprintf.o)
 .rodata._printf_i.str1.1
                0x0000000008006989       0x22 /usr/local/Cellar/arm-none-eabi-gcc/7-2018-q2-update/gcc/bin/../lib/gcc/arm-none-eabi/7.3.1/../../../../arm-none-eabi/lib/thumb/v7e-m/fpv4-sp/hard/libc_nano.a(lib_a-nano-vfprintf_i.o)
 *fill*         0x00000000080069ab        0x1 
 .rodata.__sf_fake_stderr
                0x00000000080069ac       0x20 /usr/local/Cellar/arm-none-eabi-gcc/7-2018-q2-update/gcc/bin/../lib/gcc/arm-none-eabi/7.3.1/../../../../arm-none-eabi/lib/thumb/v7e-m/fpv4-sp/hard/libc_nano.a(lib_a-findfp.o)
                0x00000000080069ac                __sf_fake_stderr
 .rodata.__sf_fake_stdin
                0x00000000080069cc       0x20 /usr/local/Cellar/arm-none-eabi-gcc/7-2018-q2-update/gcc/bin/../lib/gcc/arm-none-eabi/7.3.1/../../../../arm-none-eabi/lib/thumb/v7e-m/fpv4-sp/hard/libc_nano.a(lib_a-findfp.o)
                0x00000000080069cc                __sf_fake_stdin
 .rodata.__sf_fake_stdout
                0x00000000080069ec       0x20 /usr/local/Cellar/arm-none-eabi-gcc/7-2018-q2-update/gcc/bin/../lib/gcc/arm-none-eabi/7.3.1/../../../../arm-none-eabi/lib/thumb/v7e-m/fpv4-sp/hard/libc_nano.a(lib_a-findfp.o)
                0x00000000080069ec                __sf_fake_stdout
                0x0000000008006a0c                . = ALIGN (0x4)

.rel.dyn        0x0000000008006a0c        0x0
 .rel.iplt      0x0000000008006a0c        0x0 /usr/local/Cellar/arm-none-eabi-gcc/7-2018-q2-update/gcc/bin/../lib/gcc/arm-none-eabi/7.3.1/thumb/v7e-m/fpv4-sp/hard/crtbegin.o

.ARM.extab
 *(.ARM.extab* .gnu.linkonce.armextab.*)

.ARM            0x0000000008006a0c        0x0
                0x0000000008006a0c                __exidx_start = .
 *(.ARM.exidx*)
                0x0000000008006a0c                __exidx_end = .

.preinit_array  0x0000000008006a0c        0x0
                0x0000000008006a0c                PROVIDE (__preinit_array_start = .)
 *(.preinit_array*)
                0x0000000008006a0c                PROVIDE (__preinit_array_end = .)

.init_array     0x0000000008006a0c        0x4
                0x0000000008006a0c                PROVIDE (__init_array_start = .)
 *(SORT_BY_NAME(.init_array.*))
 *(.init_array*)
 .init_array    0x0000000008006a0c        0x4 /usr/local/Cellar/arm-none-eabi-gcc/7-2018-q2-update/gcc/bin/../lib/gcc/arm-none-eabi/7.3.1/thumb/v7e-m/fpv4-sp/hard/crtbegin.o
                0x0000000008006a10                PROVIDE (__init_array_end = .)

.fini_array     0x0000000008006a10        0x4
                [!provide]                        PROVIDE (__fini_array_start = .)
 *(SORT_BY_NAME(.fini_array.*))
 *(.fini_array*)
 .fini_array    0x0000000008006a10        0x4 /usr/local/Cellar/arm-none-eabi-gcc/7-2018-q2-update/gcc/bin/../lib/gcc/arm-none-eabi/7.3.1/thumb/v7e-m/fpv4-sp/hard/crtbegin.o
                [!provide]                        PROVIDE (__fini_array_end = .)
                0x0000000008006a14                _sidata = LOADADDR (.data)

.data           0x0000000020000000       0x98 load address 0x0000000008006a14
                0x0000000020000000                . = ALIGN (0x4)
                0x0000000020000000                _sdata = .
 *(.data)
 *(.data*)
 .data.parameters
                0x0000000020000000       0x28 build/oi_uavcan.o
 .data.uwTickFreq
                0x0000000020000028        0x1 build/stm32f3xx_hal.o
                0x0000000020000028                uwTickFreq
 *fill*         0x0000000020000029        0x3 
 .data.SystemCoreClock
                0x000000002000002c        0x4 build/system_stm32f3xx.o
                0x000000002000002c                SystemCoreClock
 .data.uxCriticalNesting
                0x0000000020000030        0x4 build/port.o
 .data._impure_ptr
                0x0000000020000034        0x4 /usr/local/Cellar/arm-none-eabi-gcc/7-2018-q2-update/gcc/bin/../lib/gcc/arm-none-eabi/7.3.1/../../../../arm-none-eabi/lib/thumb/v7e-m/fpv4-sp/hard/libc_nano.a(lib_a-impure.o)
                0x0000000020000034                _impure_ptr
 .data.impure_data
                0x0000000020000038       0x60 /usr/local/Cellar/arm-none-eabi-gcc/7-2018-q2-update/gcc/bin/../lib/gcc/arm-none-eabi/7.3.1/../../../../arm-none-eabi/lib/thumb/v7e-m/fpv4-sp/hard/libc_nano.a(lib_a-impure.o)
                0x0000000020000098                . = ALIGN (0x4)
                0x0000000020000098                _edata = .
                0x0000000008006aac                _siccmram = LOADADDR (.ccmram)

.igot.plt       0x0000000020000098        0x0 load address 0x0000000008006aac
 .igot.plt      0x0000000020000098        0x0 /usr/local/Cellar/arm-none-eabi-gcc/7-2018-q2-update/gcc/bin/../lib/gcc/arm-none-eabi/7.3.1/thumb/v7e-m/fpv4-sp/hard/crtbegin.o

.ccmram         0x0000000010000000        0x0 load address 0x0000000008006aac
                0x0000000010000000                . = ALIGN (0x4)
                0x0000000010000000                _sccmram = .
 *(.ccmram)
 *(.ccmram*)
                0x0000000010000000                . = ALIGN (0x4)
                0x0000000010000000                _eccmram = .
                0x0000000010000000                . = ALIGN (0x4)

.bss            0x0000000020000098     0x4748
                0x0000000020000098                _sbss = .
                0x0000000020000098                __bss_start__ = _sbss
 *(.bss)
 .bss           0x0000000020000098       0x1c /usr/local/Cellar/arm-none-eabi-gcc/7-2018-q2-update/gcc/bin/../lib/gcc/arm-none-eabi/7.3.1/thumb/v7e-m/fpv4-sp/hard/crtbegin.o
 *(.bss*)
 .bss.HAL_RCC_ADC12_CLK_ENABLED
                0x00000000200000b4        0x4 build/adc.o
 .bss.g_canard  0x00000000200000b8       0x24 build/oi_uavcan.o
 .bss.g_canard_memory_pool
                0x00000000200000dc      0x400 build/oi_uavcan.o
 .bss.g_uptime  0x00000000200004dc        0x4 build/oi_uavcan.o
 .bss.spin_time.10600
                0x00000000200004e0        0x4 build/oi_uavcan.o
 .bss.transfer_id.10602
                0x00000000200004e4        0x1 build/oi_uavcan.o
 *fill*         0x00000000200004e5        0x3 
 .bss.pxCurrentTCB
                0x00000000200004e8        0x4 build/tasks.o
                0x00000000200004e8                pxCurrentTCB
 .bss.pxDelayedTaskList
                0x00000000200004ec        0x4 build/tasks.o
 .bss.pxOverflowDelayedTaskList
                0x00000000200004f0        0x4 build/tasks.o
 .bss.pxReadyTasksLists
                0x00000000200004f4       0x8c build/tasks.o
 .bss.uxCurrentNumberOfTasks
                0x0000000020000580        0x4 build/tasks.o
 .bss.uxDeletedTasksWaitingCleanUp
                0x0000000020000584        0x4 build/tasks.o
 .bss.uxPendedTicks
                0x0000000020000588        0x4 build/tasks.o
 .bss.uxSchedulerSuspended
                0x000000002000058c        0x4 build/tasks.o
 .bss.uxTaskNumber
                0x0000000020000590        0x4 build/tasks.o
 .bss.uxTopReadyPriority
                0x0000000020000594        0x4 build/tasks.o
 .bss.xDelayedTaskList1
                0x0000000020000598       0x14 build/tasks.o
 .bss.xDelayedTaskList2
                0x00000000200005ac       0x14 build/tasks.o
 .bss.xIdleTaskHandle
                0x00000000200005c0        0x4 build/tasks.o
 .bss.xNextTaskUnblockTime
                0x00000000200005c4        0x4 build/tasks.o
 .bss.xNumOfOverflows
                0x00000000200005c8        0x4 build/tasks.o
 .bss.xPendingReadyList
                0x00000000200005cc       0x14 build/tasks.o
 .bss.xSchedulerRunning
                0x00000000200005e0        0x4 build/tasks.o
 .bss.xSuspendedTaskList
                0x00000000200005e4       0x14 build/tasks.o
 .bss.xTasksWaitingTermination
                0x00000000200005f8       0x14 build/tasks.o
 .bss.xTickCount
                0x000000002000060c        0x4 build/tasks.o
 .bss.xYieldPending
                0x0000000020000610        0x4 build/tasks.o
 .bss.pxEnd     0x0000000020000614        0x4 build/heap_4.o
 .bss.ucHeap    0x0000000020000618     0x4000 build/heap_4.o
 .bss.xBlockAllocatedBit
                0x0000000020004618        0x4 build/heap_4.o
 .bss.xFreeBytesRemaining
                0x000000002000461c        0x4 build/heap_4.o
 .bss.xMinimumEverFreeBytesRemaining
                0x0000000020004620        0x4 build/heap_4.o
 .bss.xStart    0x0000000020004624        0x8 build/heap_4.o
 .bss.ucMaxSysCallPriority
                0x000000002000462c        0x1 build/port.o
 *fill*         0x000000002000462d        0x3 
 .bss.ulMaxPRIGROUPValue
                0x0000000020004630        0x4 build/port.o
 .bss.g_abort_tx_on_error
                0x0000000020004634        0x1 build/canard_stm32.o
 *fill*         0x0000000020004635        0x3 
 .bss.g_stats   0x0000000020004638       0x10 build/canard_stm32.o
 .bss.__malloc_free_list
                0x0000000020004648        0x4 /usr/local/Cellar/arm-none-eabi-gcc/7-2018-q2-update/gcc/bin/../lib/gcc/arm-none-eabi/7.3.1/../../../../arm-none-eabi/lib/thumb/v7e-m/fpv4-sp/hard/libc_nano.a(lib_a-nano-mallocr.o)
                0x0000000020004648                __malloc_free_list
 .bss.__malloc_sbrk_start
                0x000000002000464c        0x4 /usr/local/Cellar/arm-none-eabi-gcc/7-2018-q2-update/gcc/bin/../lib/gcc/arm-none-eabi/7.3.1/../../../../arm-none-eabi/lib/thumb/v7e-m/fpv4-sp/hard/libc_nano.a(lib_a-nano-mallocr.o)
                0x000000002000464c                __malloc_sbrk_start
 .bss.heap_end.5377
                0x0000000020004650        0x4 /usr/local/Cellar/arm-none-eabi-gcc/7-2018-q2-update/gcc/bin/../lib/gcc/arm-none-eabi/7.3.1/../../../../arm-none-eabi/lib/thumb/v7e-m/fpv4-sp/hard/libnosys.a(sbrk.o)
 *(COMMON)
 COMMON         0x0000000020004654       0xa8 build/adc.o
                0x0000000020004654                hadc2
                0x00000000200046a8                hadc1
 COMMON         0x00000000200046fc       0x28 build/can.o
                0x00000000200046fc                hcan
 COMMON         0x0000000020004724        0x4 build/freertos.o
                0x0000000020004724                defaultTaskHandle
 COMMON         0x0000000020004728       0x70 build/usart.o
                0x0000000020004728                huart3
 COMMON         0x0000000020004798       0x40 build/stm32f3xx_hal_timebase_tim.o
                0x0000000020004798                htim1
 COMMON         0x00000000200047d8        0x4 build/stm32f3xx_hal.o
                0x00000000200047d8                uwTick
 COMMON         0x00000000200047dc        0x4 /usr/local/Cellar/arm-none-eabi-gcc/7-2018-q2-update/gcc/bin/../lib/gcc/arm-none-eabi/7.3.1/../../../../arm-none-eabi/lib/thumb/v7e-m/fpv4-sp/hard/libc_nano.a(lib_a-reent.o)
                0x00000000200047dc                errno
                0x00000000200047e0                . = ALIGN (0x4)
                0x00000000200047e0                _ebss = .
                0x00000000200047e0                __bss_end__ = _ebss

._user_heap_stack
                0x00000000200047e0      0x600
                0x00000000200047e0                . = ALIGN (0x8)
                0x00000000200047e0                PROVIDE (end = .)
                [!provide]                        PROVIDE (_end = .)
                0x00000000200049e0                . = (. + _Min_Heap_Size)
 *fill*         0x00000000200047e0      0x200 
                0x0000000020004de0                . = (. + _Min_Stack_Size)
 *fill*         0x00000000200049e0      0x400 
                0x0000000020004de0                . = ALIGN (0x8)

/DISCARD/
 libc.a(*)
 libm.a(*)
 libgcc.a(*)

.ARM.attributes
                0x0000000000000000       0x30
 *(.ARM.attributes)
 .ARM.attributes
                0x0000000000000000       0x22 /usr/local/Cellar/arm-none-eabi-gcc/7-2018-q2-update/gcc/bin/../lib/gcc/arm-none-eabi/7.3.1/thumb/v7e-m/fpv4-sp/hard/crti.o
 .ARM.attributes
                0x0000000000000022       0x34 /usr/local/Cellar/arm-none-eabi-gcc/7-2018-q2-update/gcc/bin/../lib/gcc/arm-none-eabi/7.3.1/thumb/v7e-m/fpv4-sp/hard/crtbegin.o
 .ARM.attributes
                0x0000000000000056       0x39 build/main.o
 .ARM.attributes
                0x000000000000008f       0x39 build/gpio.o
 .ARM.attributes
                0x00000000000000c8       0x39 build/adc.o
 .ARM.attributes
                0x0000000000000101       0x39 build/can.o
 .ARM.attributes
                0x000000000000013a       0x39 build/oi_uavcan.o
 .ARM.attributes
                0x0000000000000173       0x39 build/oi_driver.o
 .ARM.attributes
                0x00000000000001ac       0x39 build/freertos.o
 .ARM.attributes
                0x00000000000001e5       0x39 build/usart.o
 .ARM.attributes
                0x000000000000021e       0x39 build/stm32f3xx_it.o
 .ARM.attributes
                0x0000000000000257       0x39 build/stm32f3xx_hal_msp.o
 .ARM.attributes
                0x0000000000000290       0x39 build/stm32f3xx_hal_timebase_tim.o
 .ARM.attributes
                0x00000000000002c9       0x39 build/stm32f3xx_hal_adc_ex.o
 .ARM.attributes
                0x0000000000000302       0x39 build/stm32f3xx_hal_can.o
 .ARM.attributes
                0x000000000000033b       0x39 build/stm32f3xx_hal_tim.o
 .ARM.attributes
                0x0000000000000374       0x39 build/stm32f3xx_hal_tim_ex.o
 .ARM.attributes
                0x00000000000003ad       0x39 build/stm32f3xx_hal_uart.o
 .ARM.attributes
                0x00000000000003e6       0x39 build/stm32f3xx_hal.o
 .ARM.attributes
                0x000000000000041f       0x39 build/stm32f3xx_hal_rcc.o
 .ARM.attributes
                0x0000000000000458       0x39 build/stm32f3xx_hal_rcc_ex.o
 .ARM.attributes
                0x0000000000000491       0x39 build/stm32f3xx_hal_gpio.o
 .ARM.attributes
                0x00000000000004ca       0x39 build/stm32f3xx_hal_cortex.o
 .ARM.attributes
                0x0000000000000503       0x39 build/system_stm32f3xx.o
 .ARM.attributes
                0x000000000000053c       0x39 build/list.o
 .ARM.attributes
                0x0000000000000575       0x39 build/tasks.o
 .ARM.attributes
                0x00000000000005ae       0x39 build/cmsis_os.o
 .ARM.attributes
                0x00000000000005e7       0x39 build/heap_4.o
 .ARM.attributes
                0x0000000000000620       0x39 build/port.o
 .ARM.attributes
                0x0000000000000659       0x39 build/canard.o
 .ARM.attributes
                0x0000000000000692       0x39 build/canard_stm32.o
 .ARM.attributes
                0x00000000000006cb       0x21 build/startup_stm32f303xc.o
 .ARM.attributes
                0x00000000000006ec       0x34 /usr/local/Cellar/arm-none-eabi-gcc/7-2018-q2-update/gcc/bin/../lib/gcc/arm-none-eabi/7.3.1/../../../../arm-none-eabi/lib/thumb/v7e-m/fpv4-sp/hard/libc_nano.a(lib_a-assert.o)
 .ARM.attributes
                0x0000000000000720       0x34 /usr/local/Cellar/arm-none-eabi-gcc/7-2018-q2-update/gcc/bin/../lib/gcc/arm-none-eabi/7.3.1/../../../../arm-none-eabi/lib/thumb/v7e-m/fpv4-sp/hard/libc_nano.a(lib_a-fprintf.o)
 .ARM.attributes
                0x0000000000000754       0x34 /usr/local/Cellar/arm-none-eabi-gcc/7-2018-q2-update/gcc/bin/../lib/gcc/arm-none-eabi/7.3.1/../../../../arm-none-eabi/lib/thumb/v7e-m/fpv4-sp/hard/libc_nano.a(lib_a-impure.o)
 .ARM.attributes
                0x0000000000000788       0x34 /usr/local/Cellar/arm-none-eabi-gcc/7-2018-q2-update/gcc/bin/../lib/gcc/arm-none-eabi/7.3.1/../../../../arm-none-eabi/lib/thumb/v7e-m/fpv4-sp/hard/libc_nano.a(lib_a-init.o)
 .ARM.attributes
                0x00000000000007bc       0x34 /usr/local/Cellar/arm-none-eabi-gcc/7-2018-q2-update/gcc/bin/../lib/gcc/arm-none-eabi/7.3.1/../../../../arm-none-eabi/lib/thumb/v7e-m/fpv4-sp/hard/libc_nano.a(lib_a-memcpy-stub.o)
 .ARM.attributes
                0x00000000000007f0       0x34 /usr/local/Cellar/arm-none-eabi-gcc/7-2018-q2-update/gcc/bin/../lib/gcc/arm-none-eabi/7.3.1/../../../../arm-none-eabi/lib/thumb/v7e-m/fpv4-sp/hard/libc_nano.a(lib_a-memset.o)
 .ARM.attributes
                0x0000000000000824       0x34 /usr/local/Cellar/arm-none-eabi-gcc/7-2018-q2-update/gcc/bin/../lib/gcc/arm-none-eabi/7.3.1/../../../../arm-none-eabi/lib/thumb/v7e-m/fpv4-sp/hard/libc_nano.a(lib_a-nano-vfprintf.o)
 .ARM.attributes
                0x0000000000000858       0x34 /usr/local/Cellar/arm-none-eabi-gcc/7-2018-q2-update/gcc/bin/../lib/gcc/arm-none-eabi/7.3.1/../../../../arm-none-eabi/lib/thumb/v7e-m/fpv4-sp/hard/libc_nano.a(lib_a-nano-vfprintf_i.o)
 .ARM.attributes
                0x000000000000088c       0x1b /usr/local/Cellar/arm-none-eabi-gcc/7-2018-q2-update/gcc/bin/../lib/gcc/arm-none-eabi/7.3.1/../../../../arm-none-eabi/lib/thumb/v7e-m/fpv4-sp/hard/libc_nano.a(lib_a-strlen.o)
 .ARM.attributes
                0x00000000000008a7       0x34 /usr/local/Cellar/arm-none-eabi-gcc/7-2018-q2-update/gcc/bin/../lib/gcc/arm-none-eabi/7.3.1/../../../../arm-none-eabi/lib/thumb/v7e-m/fpv4-sp/hard/libc_nano.a(lib_a-strncmp.o)
 .ARM.attributes
                0x00000000000008db       0x34 /usr/local/Cellar/arm-none-eabi-gcc/7-2018-q2-update/gcc/bin/../lib/gcc/arm-none-eabi/7.3.1/../../../../arm-none-eabi/lib/thumb/v7e-m/fpv4-sp/hard/libc_nano.a(lib_a-wbuf.o)
 .ARM.attributes
                0x000000000000090f       0x34 /usr/local/Cellar/arm-none-eabi-gcc/7-2018-q2-update/gcc/bin/../lib/gcc/arm-none-eabi/7.3.1/../../../../arm-none-eabi/lib/thumb/v7e-m/fpv4-sp/hard/libc_nano.a(lib_a-wsetup.o)
 .ARM.attributes
                0x0000000000000943       0x34 /usr/local/Cellar/arm-none-eabi-gcc/7-2018-q2-update/gcc/bin/../lib/gcc/arm-none-eabi/7.3.1/../../../../arm-none-eabi/lib/thumb/v7e-m/fpv4-sp/hard/libc_nano.a(lib_a-abort.o)
 .ARM.attributes
                0x0000000000000977       0x34 /usr/local/Cellar/arm-none-eabi-gcc/7-2018-q2-update/gcc/bin/../lib/gcc/arm-none-eabi/7.3.1/../../../../arm-none-eabi/lib/thumb/v7e-m/fpv4-sp/hard/libc_nano.a(lib_a-fflush.o)
 .ARM.attributes
                0x00000000000009ab       0x34 /usr/local/Cellar/arm-none-eabi-gcc/7-2018-q2-update/gcc/bin/../lib/gcc/arm-none-eabi/7.3.1/../../../../arm-none-eabi/lib/thumb/v7e-m/fpv4-sp/hard/libc_nano.a(lib_a-findfp.o)
 .ARM.attributes
                0x00000000000009df       0x34 /usr/local/Cellar/arm-none-eabi-gcc/7-2018-q2-update/gcc/bin/../lib/gcc/arm-none-eabi/7.3.1/../../../../arm-none-eabi/lib/thumb/v7e-m/fpv4-sp/hard/libc_nano.a(lib_a-fwalk.o)
 .ARM.attributes
                0x0000000000000a13       0x34 /usr/local/Cellar/arm-none-eabi-gcc/7-2018-q2-update/gcc/bin/../lib/gcc/arm-none-eabi/7.3.1/../../../../arm-none-eabi/lib/thumb/v7e-m/fpv4-sp/hard/libc_nano.a(lib_a-makebuf.o)
 .ARM.attributes
                0x0000000000000a47       0x20 /usr/local/Cellar/arm-none-eabi-gcc/7-2018-q2-update/gcc/bin/../lib/gcc/arm-none-eabi/7.3.1/../../../../arm-none-eabi/lib/thumb/v7e-m/fpv4-sp/hard/libc_nano.a(lib_a-memchr.o)
 .ARM.attributes
                0x0000000000000a67       0x34 /usr/local/Cellar/arm-none-eabi-gcc/7-2018-q2-update/gcc/bin/../lib/gcc/arm-none-eabi/7.3.1/../../../../arm-none-eabi/lib/thumb/v7e-m/fpv4-sp/hard/libc_nano.a(lib_a-nano-freer.o)
 .ARM.attributes
                0x0000000000000a9b       0x34 /usr/local/Cellar/arm-none-eabi-gcc/7-2018-q2-update/gcc/bin/../lib/gcc/arm-none-eabi/7.3.1/../../../../arm-none-eabi/lib/thumb/v7e-m/fpv4-sp/hard/libc_nano.a(lib_a-nano-mallocr.o)
 .ARM.attributes
                0x0000000000000acf       0x34 /usr/local/Cellar/arm-none-eabi-gcc/7-2018-q2-update/gcc/bin/../lib/gcc/arm-none-eabi/7.3.1/../../../../arm-none-eabi/lib/thumb/v7e-m/fpv4-sp/hard/libc_nano.a(lib_a-sbrkr.o)
 .ARM.attributes
                0x0000000000000b03       0x34 /usr/local/Cellar/arm-none-eabi-gcc/7-2018-q2-update/gcc/bin/../lib/gcc/arm-none-eabi/7.3.1/../../../../arm-none-eabi/lib/thumb/v7e-m/fpv4-sp/hard/libc_nano.a(lib_a-signal.o)
 .ARM.attributes
                0x0000000000000b37       0x34 /usr/local/Cellar/arm-none-eabi-gcc/7-2018-q2-update/gcc/bin/../lib/gcc/arm-none-eabi/7.3.1/../../../../arm-none-eabi/lib/thumb/v7e-m/fpv4-sp/hard/libc_nano.a(lib_a-signalr.o)
 .ARM.attributes
                0x0000000000000b6b       0x34 /usr/local/Cellar/arm-none-eabi-gcc/7-2018-q2-update/gcc/bin/../lib/gcc/arm-none-eabi/7.3.1/../../../../arm-none-eabi/lib/thumb/v7e-m/fpv4-sp/hard/libc_nano.a(lib_a-stdio.o)
 .ARM.attributes
                0x0000000000000b9f       0x34 /usr/local/Cellar/arm-none-eabi-gcc/7-2018-q2-update/gcc/bin/../lib/gcc/arm-none-eabi/7.3.1/../../../../arm-none-eabi/lib/thumb/v7e-m/fpv4-sp/hard/libc_nano.a(lib_a-writer.o)
 .ARM.attributes
                0x0000000000000bd3       0x34 /usr/local/Cellar/arm-none-eabi-gcc/7-2018-q2-update/gcc/bin/../lib/gcc/arm-none-eabi/7.3.1/../../../../arm-none-eabi/lib/thumb/v7e-m/fpv4-sp/hard/libc_nano.a(lib_a-closer.o)
 .ARM.attributes
                0x0000000000000c07       0x34 /usr/local/Cellar/arm-none-eabi-gcc/7-2018-q2-update/gcc/bin/../lib/gcc/arm-none-eabi/7.3.1/../../../../arm-none-eabi/lib/thumb/v7e-m/fpv4-sp/hard/libc_nano.a(lib_a-fstatr.o)
 .ARM.attributes
                0x0000000000000c3b       0x34 /usr/local/Cellar/arm-none-eabi-gcc/7-2018-q2-update/gcc/bin/../lib/gcc/arm-none-eabi/7.3.1/../../../../arm-none-eabi/lib/thumb/v7e-m/fpv4-sp/hard/libc_nano.a(lib_a-isattyr.o)
 .ARM.attributes
                0x0000000000000c6f       0x34 /usr/local/Cellar/arm-none-eabi-gcc/7-2018-q2-update/gcc/bin/../lib/gcc/arm-none-eabi/7.3.1/../../../../arm-none-eabi/lib/thumb/v7e-m/fpv4-sp/hard/libc_nano.a(lib_a-lseekr.o)
 .ARM.attributes
                0x0000000000000ca3       0x34 /usr/local/Cellar/arm-none-eabi-gcc/7-2018-q2-update/gcc/bin/../lib/gcc/arm-none-eabi/7.3.1/../../../../arm-none-eabi/lib/thumb/v7e-m/fpv4-sp/hard/libc_nano.a(lib_a-mlock.o)
 .ARM.attributes
                0x0000000000000cd7       0x34 /usr/local/Cellar/arm-none-eabi-gcc/7-2018-q2-update/gcc/bin/../lib/gcc/arm-none-eabi/7.3.1/../../../../arm-none-eabi/lib/thumb/v7e-m/fpv4-sp/hard/libc_nano.a(lib_a-readr.o)
 .ARM.attributes
                0x0000000000000d0b       0x34 /usr/local/Cellar/arm-none-eabi-gcc/7-2018-q2-update/gcc/bin/../lib/gcc/arm-none-eabi/7.3.1/../../../../arm-none-eabi/lib/thumb/v7e-m/fpv4-sp/hard/libc_nano.a(lib_a-reent.o)
 .ARM.attributes
                0x0000000000000d3f       0x34 /usr/local/Cellar/arm-none-eabi-gcc/7-2018-q2-update/gcc/bin/../lib/gcc/arm-none-eabi/7.3.1/../../../../arm-none-eabi/lib/thumb/v7e-m/fpv4-sp/hard/libnosys.a(close.o)
 .ARM.attributes
                0x0000000000000d73       0x34 /usr/local/Cellar/arm-none-eabi-gcc/7-2018-q2-update/gcc/bin/../lib/gcc/arm-none-eabi/7.3.1/../../../../arm-none-eabi/lib/thumb/v7e-m/fpv4-sp/hard/libnosys.a(fstat.o)
 .ARM.attributes
                0x0000000000000da7       0x34 /usr/local/Cellar/arm-none-eabi-gcc/7-2018-q2-update/gcc/bin/../lib/gcc/arm-none-eabi/7.3.1/../../../../arm-none-eabi/lib/thumb/v7e-m/fpv4-sp/hard/libnosys.a(getpid.o)
 .ARM.attributes
                0x0000000000000ddb       0x34 /usr/local/Cellar/arm-none-eabi-gcc/7-2018-q2-update/gcc/bin/../lib/gcc/arm-none-eabi/7.3.1/../../../../arm-none-eabi/lib/thumb/v7e-m/fpv4-sp/hard/libnosys.a(isatty.o)
 .ARM.attributes
                0x0000000000000e0f       0x34 /usr/local/Cellar/arm-none-eabi-gcc/7-2018-q2-update/gcc/bin/../lib/gcc/arm-none-eabi/7.3.1/../../../../arm-none-eabi/lib/thumb/v7e-m/fpv4-sp/hard/libnosys.a(kill.o)
 .ARM.attributes
                0x0000000000000e43       0x34 /usr/local/Cellar/arm-none-eabi-gcc/7-2018-q2-update/gcc/bin/../lib/gcc/arm-none-eabi/7.3.1/../../../../arm-none-eabi/lib/thumb/v7e-m/fpv4-sp/hard/libnosys.a(lseek.o)
 .ARM.attributes
                0x0000000000000e77       0x34 /usr/local/Cellar/arm-none-eabi-gcc/7-2018-q2-update/gcc/bin/../lib/gcc/arm-none-eabi/7.3.1/../../../../arm-none-eabi/lib/thumb/v7e-m/fpv4-sp/hard/libnosys.a(read.o)
 .ARM.attributes
                0x0000000000000eab       0x34 /usr/local/Cellar/arm-none-eabi-gcc/7-2018-q2-update/gcc/bin/../lib/gcc/arm-none-eabi/7.3.1/../../../../arm-none-eabi/lib/thumb/v7e-m/fpv4-sp/hard/libnosys.a(sbrk.o)
 .ARM.attributes
                0x0000000000000edf       0x34 /usr/local/Cellar/arm-none-eabi-gcc/7-2018-q2-update/gcc/bin/../lib/gcc/arm-none-eabi/7.3.1/../../../../arm-none-eabi/lib/thumb/v7e-m/fpv4-sp/hard/libnosys.a(write.o)
 .ARM.attributes
                0x0000000000000f13       0x34 /usr/local/Cellar/arm-none-eabi-gcc/7-2018-q2-update/gcc/bin/../lib/gcc/arm-none-eabi/7.3.1/../../../../arm-none-eabi/lib/thumb/v7e-m/fpv4-sp/hard/libnosys.a(_exit.o)
 .ARM.attributes
                0x0000000000000f47       0x22 /usr/local/Cellar/arm-none-eabi-gcc/7-2018-q2-update/gcc/bin/../lib/gcc/arm-none-eabi/7.3.1/thumb/v7e-m/fpv4-sp/hard/crtn.o
OUTPUT(build/freertos-firmware.elf elf32-littlearm)

.debug_info     0x0000000000000000    0x2cb49
 .debug_info    0x0000000000000000     0x1f6a build/main.o
 .debug_info    0x0000000000001f6a      0xe25 build/gpio.o
 .debug_info    0x0000000000002d8f     0x1656 build/adc.o
 .debug_info    0x00000000000043e5     0x1216 build/can.o
 .debug_info    0x00000000000055fb     0x202d build/oi_uavcan.o
 .debug_info    0x0000000000007628      0xbfa build/oi_driver.o
 .debug_info    0x0000000000008222      0xfe7 build/freertos.o
 .debug_info    0x0000000000009209     0x13a4 build/usart.o
 .debug_info    0x000000000000a5ad     0x105e build/stm32f3xx_it.o
 .debug_info    0x000000000000b60b      0xda7 build/stm32f3xx_hal_msp.o
 .debug_info    0x000000000000c3b2     0x146e build/stm32f3xx_hal_timebase_tim.o
 .debug_info    0x000000000000d820     0x25d4 build/stm32f3xx_hal_adc_ex.o
 .debug_info    0x000000000000fdf4     0x1b7b build/stm32f3xx_hal_can.o
 .debug_info    0x000000000001196f     0x3bdb build/stm32f3xx_hal_tim.o
 .debug_info    0x000000000001554a     0x216e build/stm32f3xx_hal_tim_ex.o
 .debug_info    0x00000000000176b8     0x24e7 build/stm32f3xx_hal_uart.o
 .debug_info    0x0000000000019b9f     0x1239 build/stm32f3xx_hal.o
 .debug_info    0x000000000001add8     0x1e24 build/stm32f3xx_hal_rcc.o
 .debug_info    0x000000000001cbfc     0x1119 build/stm32f3xx_hal_rcc_ex.o
 .debug_info    0x000000000001dd15     0x10b0 build/stm32f3xx_hal_gpio.o
 .debug_info    0x000000000001edc5     0x18d8 build/stm32f3xx_hal_cortex.o
 .debug_info    0x000000000002069d      0xdbd build/system_stm32f3xx.o
 .debug_info    0x000000000002145a      0xbdc build/list.o
 .debug_info    0x0000000000022036     0x2b2c build/tasks.o
 .debug_info    0x0000000000024b62     0x2587 build/cmsis_os.o
 .debug_info    0x00000000000270e9      0xd7b build/heap_4.o
 .debug_info    0x0000000000027e64      0x56c build/port.o
 .debug_info    0x00000000000283d0     0x32d5 build/canard.o
 .debug_info    0x000000000002b6a5     0x1482 build/canard_stm32.o
 .debug_info    0x000000000002cb27       0x22 build/startup_stm32f303xc.o

.debug_abbrev   0x0000000000000000     0x5372
 .debug_abbrev  0x0000000000000000      0x295 build/main.o
 .debug_abbrev  0x0000000000000295      0x20d build/gpio.o
 .debug_abbrev  0x00000000000004a2      0x246 build/adc.o
 .debug_abbrev  0x00000000000006e8      0x253 build/can.o
 .debug_abbrev  0x000000000000093b      0x45f build/oi_uavcan.o
 .debug_abbrev  0x0000000000000d9a      0x211 build/oi_driver.o
 .debug_abbrev  0x0000000000000fab      0x25c build/freertos.o
 .debug_abbrev  0x0000000000001207      0x246 build/usart.o
 .debug_abbrev  0x000000000000144d      0x203 build/stm32f3xx_it.o
 .debug_abbrev  0x0000000000001650      0x209 build/stm32f3xx_hal_msp.o
 .debug_abbrev  0x0000000000001859      0x27b build/stm32f3xx_hal_timebase_tim.o
 .debug_abbrev  0x0000000000001ad4      0x33c build/stm32f3xx_hal_adc_ex.o
 .debug_abbrev  0x0000000000001e10      0x346 build/stm32f3xx_hal_can.o
 .debug_abbrev  0x0000000000002156      0x310 build/stm32f3xx_hal_tim.o
 .debug_abbrev  0x0000000000002466      0x2f8 build/stm32f3xx_hal_tim_ex.o
 .debug_abbrev  0x000000000000275e      0x31c build/stm32f3xx_hal_uart.o
 .debug_abbrev  0x0000000000002a7a      0x2c3 build/stm32f3xx_hal.o
 .debug_abbrev  0x0000000000002d3d      0x37d build/stm32f3xx_hal_rcc.o
 .debug_abbrev  0x00000000000030ba      0x318 build/stm32f3xx_hal_rcc_ex.o
 .debug_abbrev  0x00000000000033d2      0x2be build/stm32f3xx_hal_gpio.o
 .debug_abbrev  0x0000000000003690      0x3c0 build/stm32f3xx_hal_cortex.o
 .debug_abbrev  0x0000000000003a50      0x200 build/system_stm32f3xx.o
 .debug_abbrev  0x0000000000003c50      0x217 build/list.o
 .debug_abbrev  0x0000000000003e67      0x400 build/tasks.o
 .debug_abbrev  0x0000000000004267      0x3d3 build/cmsis_os.o
 .debug_abbrev  0x000000000000463a      0x312 build/heap_4.o
 .debug_abbrev  0x000000000000494c      0x230 build/port.o
 .debug_abbrev  0x0000000000004b7c      0x44f build/canard.o
 .debug_abbrev  0x0000000000004fcb      0x395 build/canard_stm32.o
 .debug_abbrev  0x0000000000005360       0x12 build/startup_stm32f303xc.o

.debug_loc      0x0000000000000000    0x149cc
 .debug_loc     0x0000000000000000       0xb3 build/main.o
 .debug_loc     0x00000000000000b3       0x39 build/gpio.o
 .debug_loc     0x00000000000000ec      0x19d build/adc.o
 .debug_loc     0x0000000000000289       0xf8 build/can.o
 .debug_loc     0x0000000000000381      0xa6b build/oi_uavcan.o
 .debug_loc     0x0000000000000dec       0xef build/oi_driver.o
 .debug_loc     0x0000000000000edb       0xd8 build/freertos.o
 .debug_loc     0x0000000000000fb3       0xf8 build/usart.o
 .debug_loc     0x00000000000010ab       0x20 build/stm32f3xx_it.o
 .debug_loc     0x00000000000010cb       0x38 build/stm32f3xx_hal_msp.o
 .debug_loc     0x0000000000001103       0xbd build/stm32f3xx_hal_timebase_tim.o
 .debug_loc     0x00000000000011c0     0x2251 build/stm32f3xx_hal_adc_ex.o
 .debug_loc     0x0000000000003411      0xdd9 build/stm32f3xx_hal_can.o
 .debug_loc     0x00000000000041ea     0x4194 build/stm32f3xx_hal_tim.o
 .debug_loc     0x000000000000837e     0x1f0d build/stm32f3xx_hal_tim_ex.o
 .debug_loc     0x000000000000a28b     0x1ca2 build/stm32f3xx_hal_uart.o
 .debug_loc     0x000000000000bf2d      0x19d build/stm32f3xx_hal.o
 .debug_loc     0x000000000000c0ca      0xa6e build/stm32f3xx_hal_rcc.o
 .debug_loc     0x000000000000cb38      0x8b5 build/stm32f3xx_hal_rcc_ex.o
 .debug_loc     0x000000000000d3ed      0x441 build/stm32f3xx_hal_gpio.o
 .debug_loc     0x000000000000d82e      0x65e build/stm32f3xx_hal_cortex.o
 .debug_loc     0x000000000000de8c       0xff build/system_stm32f3xx.o
 .debug_loc     0x000000000000df8b       0x9c build/list.o
 .debug_loc     0x000000000000e027     0x1724 build/tasks.o
 .debug_loc     0x000000000000f74b     0x15ed build/cmsis_os.o
 .debug_loc     0x0000000000010d38      0x324 build/heap_4.o
 .debug_loc     0x000000000001105c      0x128 build/port.o
 .debug_loc     0x0000000000011184     0x2efe build/canard.o
 .debug_loc     0x0000000000014082      0x94a build/canard_stm32.o

.debug_aranges  0x0000000000000000     0x1520
 .debug_aranges
                0x0000000000000000       0x38 build/main.o
 .debug_aranges
                0x0000000000000038       0x20 build/gpio.o
 .debug_aranges
                0x0000000000000058       0x38 build/adc.o
 .debug_aranges
                0x0000000000000090       0x30 build/can.o
 .debug_aranges
                0x00000000000000c0       0x88 build/oi_uavcan.o
 .debug_aranges
                0x0000000000000148       0x20 build/oi_driver.o
 .debug_aranges
                0x0000000000000168       0x30 build/freertos.o
 .debug_aranges
                0x0000000000000198       0x30 build/usart.o
 .debug_aranges
                0x00000000000001c8       0x50 build/stm32f3xx_it.o
 .debug_aranges
                0x0000000000000218       0x20 build/stm32f3xx_hal_msp.o
 .debug_aranges
                0x0000000000000238       0x30 build/stm32f3xx_hal_timebase_tim.o
 .debug_aranges
                0x0000000000000268      0x168 build/stm32f3xx_hal_adc_ex.o
 .debug_aranges
                0x00000000000003d0      0x138 build/stm32f3xx_hal_can.o
 .debug_aranges
                0x0000000000000508      0x378 build/stm32f3xx_hal_tim.o
 .debug_aranges
                0x0000000000000880      0x178 build/stm32f3xx_hal_tim_ex.o
 .debug_aranges
                0x00000000000009f8      0x1f0 build/stm32f3xx_hal_uart.o
 .debug_aranges
                0x0000000000000be8       0xe0 build/stm32f3xx_hal.o
 .debug_aranges
                0x0000000000000cc8       0x88 build/stm32f3xx_hal_rcc.o
 .debug_aranges
                0x0000000000000d50       0x38 build/stm32f3xx_hal_rcc_ex.o
 .debug_aranges
                0x0000000000000d88       0x58 build/stm32f3xx_hal_gpio.o
 .debug_aranges
                0x0000000000000de0       0xa8 build/stm32f3xx_hal_cortex.o
 .debug_aranges
                0x0000000000000e88       0x28 build/system_stm32f3xx.o
 .debug_aranges
                0x0000000000000eb0       0x40 build/list.o
 .debug_aranges
                0x0000000000000ef0      0x190 build/tasks.o
 .debug_aranges
                0x0000000000001080      0x1d8 build/cmsis_os.o
 .debug_aranges
                0x0000000000001258       0x50 build/heap_4.o
 .debug_aranges
                0x00000000000012a8       0x80 build/port.o
 .debug_aranges
                0x0000000000001328      0x168 build/canard.o
 .debug_aranges
                0x0000000000001490       0x68 build/canard_stm32.o
 .debug_aranges
                0x00000000000014f8       0x28 build/startup_stm32f303xc.o

.debug_ranges   0x0000000000000000     0x17a0
 .debug_ranges  0x0000000000000000       0x28 build/main.o
 .debug_ranges  0x0000000000000028       0x10 build/gpio.o
 .debug_ranges  0x0000000000000038       0x28 build/adc.o
 .debug_ranges  0x0000000000000060       0x20 build/can.o
 .debug_ranges  0x0000000000000080       0xf0 build/oi_uavcan.o
 .debug_ranges  0x0000000000000170       0x10 build/oi_driver.o
 .debug_ranges  0x0000000000000180       0x20 build/freertos.o
 .debug_ranges  0x00000000000001a0       0x20 build/usart.o
 .debug_ranges  0x00000000000001c0       0x40 build/stm32f3xx_it.o
 .debug_ranges  0x0000000000000200       0x10 build/stm32f3xx_hal_msp.o
 .debug_ranges  0x0000000000000210       0x20 build/stm32f3xx_hal_timebase_tim.o
 .debug_ranges  0x0000000000000230      0x158 build/stm32f3xx_hal_adc_ex.o
 .debug_ranges  0x0000000000000388      0x128 build/stm32f3xx_hal_can.o
 .debug_ranges  0x00000000000004b0      0x368 build/stm32f3xx_hal_tim.o
 .debug_ranges  0x0000000000000818      0x168 build/stm32f3xx_hal_tim_ex.o
 .debug_ranges  0x0000000000000980      0x1e0 build/stm32f3xx_hal_uart.o
 .debug_ranges  0x0000000000000b60       0xd0 build/stm32f3xx_hal.o
 .debug_ranges  0x0000000000000c30       0x98 build/stm32f3xx_hal_rcc.o
 .debug_ranges  0x0000000000000cc8       0x40 build/stm32f3xx_hal_rcc_ex.o
 .debug_ranges  0x0000000000000d08       0x48 build/stm32f3xx_hal_gpio.o
 .debug_ranges  0x0000000000000d50       0xf8 build/stm32f3xx_hal_cortex.o
 .debug_ranges  0x0000000000000e48       0x18 build/system_stm32f3xx.o
 .debug_ranges  0x0000000000000e60       0x30 build/list.o
 .debug_ranges  0x0000000000000e90      0x210 build/tasks.o
 .debug_ranges  0x00000000000010a0      0x1c8 build/cmsis_os.o
 .debug_ranges  0x0000000000001268       0x40 build/heap_4.o
 .debug_ranges  0x00000000000012a8       0x70 build/port.o
 .debug_ranges  0x0000000000001318      0x360 build/canard.o
 .debug_ranges  0x0000000000001678      0x108 build/canard_stm32.o
 .debug_ranges  0x0000000000001780       0x20 build/startup_stm32f303xc.o

.debug_line     0x0000000000000000     0xb652
 .debug_line    0x0000000000000000      0x3ee build/main.o
 .debug_line    0x00000000000003ee      0x26d build/gpio.o
 .debug_line    0x000000000000065b      0x37a build/adc.o
 .debug_line    0x00000000000009d5      0x2eb build/can.o
 .debug_line    0x0000000000000cc0      0x551 build/oi_uavcan.o
 .debug_line    0x0000000000001211      0x257 build/oi_driver.o
 .debug_line    0x0000000000001468      0x383 build/freertos.o
 .debug_line    0x00000000000017eb      0x2f6 build/usart.o
 .debug_line    0x0000000000001ae1      0x2ea build/stm32f3xx_it.o
 .debug_line    0x0000000000001dcb      0x264 build/stm32f3xx_hal_msp.o
 .debug_line    0x000000000000202f      0x2f8 build/stm32f3xx_hal_timebase_tim.o
 .debug_line    0x0000000000002327     0x14a0 build/stm32f3xx_hal_adc_ex.o
 .debug_line    0x00000000000037c7      0x77d build/stm32f3xx_hal_can.o
 .debug_line    0x0000000000003f44     0x149a build/stm32f3xx_hal_tim.o
 .debug_line    0x00000000000053de      0xa24 build/stm32f3xx_hal_tim_ex.o
 .debug_line    0x0000000000005e02      0xd6b build/stm32f3xx_hal_uart.o
 .debug_line    0x0000000000006b6d      0x459 build/stm32f3xx_hal.o
 .debug_line    0x0000000000006fc6      0x79b build/stm32f3xx_hal_rcc.o
 .debug_line    0x0000000000007761      0x563 build/stm32f3xx_hal_rcc_ex.o
 .debug_line    0x0000000000007cc4      0x3f4 build/stm32f3xx_hal_gpio.o
 .debug_line    0x00000000000080b8      0x4ad build/stm32f3xx_hal_cortex.o
 .debug_line    0x0000000000008565      0x27b build/system_stm32f3xx.o
 .debug_line    0x00000000000087e0      0x327 build/list.o
 .debug_line    0x0000000000008b07      0xb83 build/tasks.o
 .debug_line    0x000000000000968a      0x8fb build/cmsis_os.o
 .debug_line    0x0000000000009f85      0x3d0 build/heap_4.o
 .debug_line    0x000000000000a355      0x328 build/port.o
 .debug_line    0x000000000000a67d      0xa25 build/canard.o
 .debug_line    0x000000000000b0a2      0x53c build/canard_stm32.o
 .debug_line    0x000000000000b5de       0x74 build/startup_stm32f303xc.o

.debug_str      0x0000000000000000     0x7632
 .debug_str     0x0000000000000000     0x13a2 build/main.o
                                       0x14de (size before relaxing)
 .debug_str     0x00000000000013a2      0x104 build/gpio.o
                                        0x792 (size before relaxing)
 .debug_str     0x00000000000014a6       0xf9 build/adc.o
                                        0xd01 (size before relaxing)
 .debug_str     0x000000000000159f       0x43 build/can.o